Archive member included to satisfy reference by file (symbol)

C:/devkitPro/libctru/lib\libcitro2d.a(base.o)
                              main.o (C2D_Init)
C:/devkitPro/libctru/lib\libcitro2d.a(spritesheet.o)
                              main.o (C2D_SpriteSheetLoad)
C:/devkitPro/libctru/lib\libcitro2d.a(render2d.shbin.o)
                              C:/devkitPro/libctru/lib\libcitro2d.a(base.o) (render2d_shbin)
C:/devkitPro/libctru/lib\libcitro3d.a(base.o)
                              main.o (C3D_Init)
C:/devkitPro/libctru/lib\libcitro3d.a(renderqueue.o)
                              C:/devkitPro/libctru/lib\libcitro3d.a(base.o) (C3Di_RenderQueueEnableVBlank)
C:/devkitPro/libctru/lib\libcitro3d.a(texture.o)
                              C:/devkitPro/libctru/lib\libcitro2d.a(base.o) (C3D_TexBind)
C:/devkitPro/libctru/lib\libcitro3d.a(tex3ds.o)
                              C:/devkitPro/libctru/lib\libcitro2d.a(spritesheet.o) (Tex3DS_TextureImport)
C:/devkitPro/libctru/lib\libcitro3d.a(framebuffer.o)
                              C:/devkitPro/libctru/lib\libcitro3d.a(renderqueue.o) (C3D_CalcColorBufSize)
C:/devkitPro/libctru/lib\libcitro3d.a(texenv.o)
                              C:/devkitPro/libctru/lib\libcitro2d.a(base.o) (C3D_GetTexEnv)
C:/devkitPro/libctru/lib\libcitro3d.a(drawElements.o)
                              C:/devkitPro/libctru/lib\libcitro2d.a(base.o) (C3D_DrawElements)
C:/devkitPro/libctru/lib\libcitro3d.a(proctex.o)
                              C:/devkitPro/libctru/lib\libcitro2d.a(base.o) (C3D_ProcTexInit)
C:/devkitPro/libctru/lib\libcitro3d.a(buffers.o)
                              C:/devkitPro/libctru/lib\libcitro2d.a(base.o) (BufInfo_Init)
C:/devkitPro/libctru/lib\libcitro3d.a(effect.o)
                              C:/devkitPro/libctru/lib\libcitro3d.a(base.o) (C3D_DepthMap)
C:/devkitPro/libctru/lib\libcitro3d.a(attribs.o)
                              C:/devkitPro/libctru/lib\libcitro2d.a(base.o) (AttrInfo_Init)
C:/devkitPro/libctru/lib\libcitro3d.a(immediate.o)
                              C:/devkitPro/libctru/lib\libcitro3d.a(base.o) (C3D_ImmSendAttrib)
C:/devkitPro/libctru/lib\libcitro3d.a(uniforms.o)
                              C:/devkitPro/libctru/lib\libcitro3d.a(base.o) (C3D_UpdateUniforms)
C:/devkitPro/libctru/lib\libcitro3d.a(mtx_ortho.o)
                              C:/devkitPro/libctru/lib\libcitro2d.a(base.o) (Mtx_Ortho)
C:/devkitPro/libctru/lib\libcitro3d.a(mtx_scale.o)
                              C:/devkitPro/libctru/lib\libcitro2d.a(base.o) (Mtx_Scale)
C:/devkitPro/libctru/lib\libcitro3d.a(mtx_multiply.o)
                              C:/devkitPro/libctru/lib\libcitro2d.a(base.o) (Mtx_Multiply)
C:/devkitPro/libctru/lib\libcitro3d.a(mtx_orthotilt.o)
                              C:/devkitPro/libctru/lib\libcitro2d.a(base.o) (Mtx_OrthoTilt)
C:/devkitPro/libctru/lib\libcitro3d.a(mtx_translate.o)
                              C:/devkitPro/libctru/lib\libcitro2d.a(base.o) (Mtx_Translate)
C:/devkitPro/libctru/lib\libcitro3d.a(mtx_rotatez.o)
                              C:/devkitPro/libctru/lib\libcitro2d.a(base.o) (Mtx_RotateZ)
C:/devkitPro/libctru/lib\libctru.a(vram.o)
                              C:/devkitPro/libctru/lib\libcitro3d.a(renderqueue.o) (vramAlloc)
C:/devkitPro/libctru/lib\libctru.a(linear.o)
                              C:/devkitPro/libctru/lib\libcitro2d.a(base.o) (linearAlloc)
C:/devkitPro/libctru/lib\libctru.a(mem_pool.o)
                              C:/devkitPro/libctru/lib\libctru.a(vram.o) (MemPool::Allocate(MemChunk&, unsigned long, int))
C:/devkitPro/libctru/lib\libctru.a(romfs_dev.o)
                              main.o (romfsMountSelf)
C:/devkitPro/libctru/lib\libctru.a(os.o)
                              C:/devkitPro/libctru/lib\libcitro3d.a(texture.o) (osConvertVirtToPhys)
C:/devkitPro/libctru/lib\libctru.a(console.o)
                              main.o (consoleInit)
C:/devkitPro/libctru/lib\libctru.a(path_buf.o)
                              C:/devkitPro/libctru/lib\libctru.a(romfs_dev.o) (__ctru_dev_utf16_buf)
C:/devkitPro/libctru/lib\libctru.a(gfx.o)
                              C:/devkitPro/libctru/lib\libcitro2d.a(base.o) (gfxIsWide)
C:/devkitPro/libctru/lib\libctru.a(shaderProgram.o)
                              C:/devkitPro/libctru/lib\libcitro2d.a(base.o) (shaderInstanceGetUniformLocation)
C:/devkitPro/libctru/lib\libctru.a(shbin.o)
                              C:/devkitPro/libctru/lib\libcitro2d.a(base.o) (DVLB_ParseFile)
C:/devkitPro/libctru/lib\libctru.a(gx.o)
                              C:/devkitPro/libctru/lib\libcitro3d.a(renderqueue.o) (GX_BindQueue)
C:/devkitPro/libctru/lib\libctru.a(gxqueue.o)
                              C:/devkitPro/libctru/lib\libcitro3d.a(renderqueue.o) (gxCmdQueueClear)
C:/devkitPro/libctru/lib\libctru.a(gpu.o)
                              C:/devkitPro/libctru/lib\libcitro3d.a(base.o) (gpuCmdBufOffset)
C:/devkitPro/libctru/lib\libctru.a(gspgpu.o)
[...]
Memory Configuration

Name             Origin             Length             Attributes
*default*        0x0000000000000000 0xffffffffffffffff

Linker script and memory map

                0x0000000000100000                PROVIDE (__start__ = 0x100000)
                0x0000000000100000                . = __start__

.text           0x0000000000100000    0x2aec0
 *(.crt0)
 .crt0          0x0000000000100000       0x94 c:/devkitpro/devkitarm/bin/../lib/gcc/arm-none-eabi/12.2.0/../../../../arm-none-eabi/lib/armv6k/fpu/3dsx_crt0.o
                0x0000000000100000                _start
                0x0000000000100008                __service_ptr
                0x000000000010000c                __apt_appid
                0x0000000000100010                __heap_size
                0x0000000000100014                __linear_heap_size
                0x0000000000100018                __system_arglist
                0x000000000010001c                __system_runflags
 *(.init)
 .init          0x0000000000100094        0xc c:/devkitpro/devkitarm/bin/../lib/gcc/arm-none-eabi/12.2.0/armv6k/fpu/crti.o
                0x0000000000100094                _init
 .init          0x00000000001000a0        0xc c:/devkitpro/devkitarm/bin/../lib/gcc/arm-none-eabi/12.2.0/armv6k/fpu/crtn.o
                0x00000000001000ac                . = ALIGN (0x4)
 *(.text)
 .text          0x00000000001000ac      0x20c c:/devkitpro/devkitarm/bin/../lib/gcc/arm-none-eabi/12.2.0/armv6k/fpu\libgcc.a(_udivsi3.o)
                0x00000000001000ac                __aeabi_uidiv
                0x00000000001000ac                __udivsi3
                0x0000000000100298                __aeabi_uidivmod
 .text          0x00000000001002b8      0x240 c:/devkitpro/devkitarm/bin/../lib/gcc/arm-none-eabi/12.2.0/armv6k/fpu\libgcc.a(_divsi3.o)
                0x00000000001002b8                __divsi3
                0x00000000001002b8                __aeabi_idiv
                0x00000000001004d8                __aeabi_idivmod
 .text          0x00000000001004f8        0x4 c:/devkitpro/devkitarm/bin/../lib/gcc/arm-none-eabi/12.2.0/armv6k/fpu\libgcc.a(_dvmd_tls.o)
                0x00000000001004f8                __aeabi_idiv0
                0x00000000001004f8                __aeabi_ldiv0
 .text          0x00000000001004fc      0x3c0 c:/devkitpro/devkitarm/bin/../lib/gcc/arm-none-eabi/12.2.0/armv6k/fpu\libgcc.a(_arm_addsubdf3.o)
                0x00000000001004fc                __aeabi_drsub
                0x0000000000100504                __aeabi_dsub
                0x0000000000100504                __subdf3
                0x0000000000100508                __aeabi_dadd
                0x0000000000100508                __adddf3
                0x00000000001007b4                __floatunsidf
                0x00000000001007b4                __aeabi_ui2d
                0x00000000001007d8                __floatsidf
                0x00000000001007d8                __aeabi_i2d
                0x0000000000100800                __aeabi_f2d
                0x0000000000100800                __extendsfdf2
                0x0000000000100848                __floatundidf
                0x0000000000100848                __aeabi_ul2d
                0x000000000010085c                __floatdidf
                0x000000000010085c                __aeabi_l2d
 .text          0x00000000001008bc       0xd4 c:/devkitpro/devkitarm/bin/../lib/gcc/arm-none-eabi/12.2.0/armv6k/fpu\libgcc.a(_aeabi_ldivmod.o)
                0x00000000001008bc                __aeabi_ldivmod
 .text          0x0000000000100990       0x3c c:/devkitpro/devkitarm/bin/../lib/gcc/arm-none-eabi/12.2.0/armv6k/fpu\libgcc.a(_aeabi_uldivmod.o)
                0x0000000000100990                __aeabi_uldivmod
 *fill*         0x00000000001009cc       0x14 
 .text          0x00000000001009e0      0x390 c:/devkitpro/devkitarm/bin/../lib/gcc/arm-none-eabi/12.2.0/../../../../arm-none-eabi/lib/armv6k/fpu\libg.a(lib_a-strcmp.o)
                0x00000000001009e8                strcmp
 *(.text.*)
 .text.__do_global_dtors_aux
                0x0000000000100d70       0x40 c:/devkitpro/devkitarm/bin/../lib/gcc/arm-none-eabi/12.2.0/armv6k/fpu/crtbegin.o
 .text.frame_dummy
                0x0000000000100db0       0x2c c:/devkitpro/devkitarm/bin/../lib/gcc/arm-none-eabi/12.2.0/armv6k/fpu/crtbegin.o
 *fill*         0x0000000000100ddc        0x4 
 .text.startup.main
                0x0000000000100de0      0x4b4 main.o
                0x0000000000100de0                main
 .text.C2Di_FrameEndHook
                0x0000000000101294       0x44 C:/devkitPro/libctru/lib\libcitro2d.a(base.o)
 .text.C2D_Init
                0x00000000001012d8      0x36c C:/devkitPro/libctru/lib\libcitro2d.a(base.o)
                0x00000000001012d8                C2D_Init
 .text.C2D_Fini
                0x0000000000101644       0x4c C:/devkitPro/libctru/lib\libcitro2d.a(base.o)
                0x0000000000101644                C2D_Fini
 .text.C2D_Prepare
                0x0000000000101690       0xb8 C:/devkitPro/libctru/lib\libcitro2d.a(base.o)
                0x0000000000101690                C2D_Prepare
 .text.C2D_Flush
                0x0000000000101748       0x48 C:/devkitPro/libctru/lib\libcitro2d.a(base.o)
                0x0000000000101748                C2D_Flush
 .text.C2D_SceneSize
                0x0000000000101790      0x104 C:/devkitPro/libctru/lib\libcitro2d.a(base.o)
                0x0000000000101790                C2D_SceneSize
 .text.C2D_CreateScreenTarget
                0x0000000000101894       0x58 C:/devkitPro/libctru/lib\libcitro2d.a(base.o)
                0x0000000000101894                C2D_CreateScreenTarget
 .text.C2D_TargetClear
                0x00000000001018ec       0x64 C:/devkitPro/libctru/lib\libcitro2d.a(base.o)
                0x00000000001018ec                C2D_TargetClear
 .text.C2Di_CalcQuad
                0x0000000000101950      0x13c C:/devkitPro/libctru/lib\libcitro2d.a(base.o)
                0x0000000000101950                C2Di_CalcQuad
 .text.C2Di_AppendQuad
                0x0000000000101a8c       0x58 C:/devkitPro/libctru/lib\libcitro2d.a(base.o)
                0x0000000000101a8c                C2Di_AppendQuad
 .text.C2Di_Update
                0x0000000000101ae4      0x550 C:/devkitPro/libctru/lib\libcitro2d.a(base.o)
                0x0000000000101ae4                C2Di_Update
 .text.C2D_DrawImage
                0x0000000000102034      0x2b0 C:/devkitPro/libctru/lib\libcitro2d.a(base.o)
                0x0000000000102034                C2D_DrawImage
 .text.C2D_SpriteSheetLoadFromHandle
                0x00000000001022e4       0x6c C:/devkitPro/libctru/lib\libcitro2d.a(spritesheet.o)
                0x00000000001022e4                C2D_SpriteSheetLoadFromHandle
 .text.C2D_SpriteSheetLoad
                0x0000000000102350       0x48 C:/devkitPro/libctru/lib\libcitro2d.a(spritesheet.o)
                0x0000000000102350                C2D_SpriteSheetLoad
 .text.C2D_SpriteSheetFree
                0x0000000000102398       0x28 C:/devkitPro/libctru/lib\libcitro2d.a(spritesheet.o)
                0x0000000000102398                C2D_SpriteSheetFree
 .text.C2D_SpriteSheetCount
                0x00000000001023c0        0x8 C:/devkitPro/libctru/lib\libcitro2d.a(spritesheet.o)
                0x00000000001023c0                C2D_SpriteSheetCount
 .text.C2D_SpriteSheetGetImage
                0x00000000001023c8       0x2c C:/devkitPro/libctru/lib\libcitro2d.a(spritesheet.o)
                0x00000000001023c8                C2D_SpriteSheetGetImage
 .text.C3Di_LightEnvUpdate
                0x00000000001023f4        0x4 C:/devkitPro/libctru/lib\libcitro3d.a(base.o)
                0x00000000001023f4                C3Di_LightEnvUpdate
 .text.C3Di_LightEnvDirty
                0x00000000001023f8        0x4 C:/devkitPro/libctru/lib\libcitro3d.a(base.o)
                0x00000000001023f8                C3Di_LightEnvDirty
 .text.C3Di_AptEventHook
                0x00000000001023fc       0xb4 C:/devkitPro/libctru/lib\libcitro3d.a(base.o)
 .text.C3Di_GasUpdate
                0x00000000001024b0        0x4 C:/devkitPro/libctru/lib\libcitro3d.a(base.o)
                0x00000000001024b0                C3Di_GasUpdate
 .text.C3D_Init
                0x00000000001024b4      0x1e0 C:/devkitPro/libctru/lib\libcitro3d.a(base.o)
                0x00000000001024b4                C3D_Init
 .text.C3D_SetViewport
                0x0000000000102694       0x98 C:/devkitPro/libctru/lib\libcitro3d.a(base.o)
                0x0000000000102694                C3D_SetViewport
 .text.C3Di_UpdateContext
                0x000000000010272c      0x4e8 C:/devkitPro/libctru/lib\libcitro3d.a(base.o)
                0x000000000010272c                C3Di_UpdateContext
 .text.C3Di_SplitFrame
                0x0000000000102c14       0xe0 C:/devkitPro/libctru/lib\libcitro3d.a(base.o)
                0x0000000000102c14                C3Di_SplitFrame
 .text.C3D_GetCmdBufUsage
                0x0000000000102cf4       0x10 C:/devkitPro/libctru/lib\libcitro3d.a(base.o)
                0x0000000000102cf4                C3D_GetCmdBufUsage
 .text.C3D_Fini
                0x0000000000102d04       0x44 C:/devkitPro/libctru/lib\libcitro3d.a(base.o)
                0x0000000000102d04                C3D_Fini
 .text.C3D_BindProgram
                0x0000000000102d48      0x114 C:/devkitPro/libctru/lib\libcitro3d.a(base.o)
                0x0000000000102d48                C3D_BindProgram
 .text.onVBlank0
                0x0000000000102e5c       0x4c C:/devkitPro/libctru/lib\libcitro3d.a(renderqueue.o)
 .text.onVBlank1
                0x0000000000102ea8       0x4c C:/devkitPro/libctru/lib\libcitro3d.a(renderqueue.o)
 .text.C3Di_RenderTargetDestroy
                0x0000000000102ef4       0x80 C:/devkitPro/libctru/lib\libcitro3d.a(renderqueue.o)
 .text.onQueueFinish
                0x0000000000102f74       0xf4 C:/devkitPro/libctru/lib\libcitro3d.a(renderqueue.o)
 .text.C3Di_RenderQueueEnableVBlank
                0x0000000000103068       0x38 C:/devkitPro/libctru/lib\libcitro3d.a(renderqueue.o)
                0x0000000000103068                C3Di_RenderQueueEnableVBlank
 .text.C3Di_RenderQueueDisableVBlank
                0x00000000001030a0       0x30 C:/devkitPro/libctru/lib\libcitro3d.a(renderqueue.o)
                0x00000000001030a0                C3Di_RenderQueueDisableVBlank
 .text.C3Di_RenderQueueInit
                0x00000000001030d0       0x60 C:/devkitPro/libctru/lib\libcitro3d.a(renderqueue.o)
                0x00000000001030d0                C3Di_RenderQueueInit
 .text.C3Di_RenderQueueExit
                0x0000000000103130       0xb0 C:/devkitPro/libctru/lib\libcitro3d.a(renderqueue.o)
                0x0000000000103130                C3Di_RenderQueueExit
 .text.C3Di_RenderQueueWaitDone
                0x00000000001031e0       0x34 C:/devkitPro/libctru/lib\libcitro3d.a(renderqueue.o)
                0x00000000001031e0                C3Di_RenderQueueWaitDone
 .text.C3D_FrameBegin
                0x0000000000103214       0xe4 C:/devkitPro/libctru/lib\libcitro3d.a(renderqueue.o)
                0x0000000000103214                C3D_FrameBegin
 .text.C3D_FrameDrawOn
                0x00000000001032f8       0x48 C:/devkitPro/libctru/lib\libcitro3d.a(renderqueue.o)
                0x00000000001032f8                C3D_FrameDrawOn
 .text.C3D_FrameSplit
                0x0000000000103340       0x58 C:/devkitPro/libctru/lib\libcitro3d.a(renderqueue.o)
                0x0000000000103340                C3D_FrameSplit
 .text.C3D_FrameEnd
                0x0000000000103398      0x1d8 C:/devkitPro/libctru/lib\libcitro3d.a(renderqueue.o)
                0x0000000000103398                C3D_FrameEnd
 .text.C3D_FrameEndHook
                0x0000000000103570       0x1c C:/devkitPro/libctru/lib\libcitro3d.a(renderqueue.o)
                0x0000000000103570                C3D_FrameEndHook
 .text.C3D_GetDrawingTime
                0x000000000010358c       0x18 C:/devkitPro/libctru/lib\libcitro3d.a(renderqueue.o)
                0x000000000010358c                C3D_GetDrawingTime
 .text.C3D_GetProcessingTime
                0x00000000001035a4       0x18 C:/devkitPro/libctru/lib\libcitro3d.a(renderqueue.o)
                0x00000000001035a4                C3D_GetProcessingTime
 .text.C3D_RenderTargetCreate
                0x00000000001035bc      0x184 C:/devkitPro/libctru/lib\libcitro3d.a(renderqueue.o)
                0x00000000001035bc                C3D_RenderTargetCreate
 .text.C3D_RenderTargetSetOutput
                0x0000000000103740       0xa8 C:/devkitPro/libctru/lib\libcitro3d.a(renderqueue.o)
                0x0000000000103740                C3D_RenderTargetSetOutput
 .text.C3D_SyncTextureCopy
                0x00000000001037e8       0xfc C:/devkitPro/libctru/lib\libcitro3d.a(renderqueue.o)
                0x00000000001037e8                C3D_SyncTextureCopy
 .text.C3D_TexInitWithParams
                0x00000000001038e4      0x294 C:/devkitPro/libctru/lib\libcitro3d.a(texture.o)
                0x00000000001038e4                C3D_TexInitWithParams
 .text.C3D_TexLoadImage
                0x0000000000103b78       0xc8 C:/devkitPro/libctru/lib\libcitro3d.a(texture.o)
                0x0000000000103b78                C3D_TexLoadImage
 .text.C3D_TexBind
                0x0000000000103c40       0x44 C:/devkitPro/libctru/lib\libcitro3d.a(texture.o)
                0x0000000000103c40                C3D_TexBind
 .text.C3D_TexDelete
                0x0000000000103c84       0x74 C:/devkitPro/libctru/lib\libcitro3d.a(texture.o)
                0x0000000000103c84                C3D_TexDelete
 .text.C3Di_SetTex
                0x0000000000103cf8      0x16c C:/devkitPro/libctru/lib\libcitro3d.a(texture.o)
                0x0000000000103cf8                C3Di_SetTex
 .text.Tex3DSi_ImportCommon
                0x0000000000103e64      0x3f4 C:/devkitPro/libctru/lib\libcitro3d.a(tex3ds.o)
 .text.Tex3DS_TextureImportStdio
                0x0000000000104258       0x38 C:/devkitPro/libctru/lib\libcitro3d.a(tex3ds.o)
                0x0000000000104258                Tex3DS_TextureImportStdio
 .text.Tex3DS_GetNumSubTextures
                0x0000000000104290        0x8 C:/devkitPro/libctru/lib\libcitro3d.a(tex3ds.o)
                0x0000000000104290                Tex3DS_GetNumSubTextures
 .text.Tex3DS_GetSubTexture
                0x0000000000104298       0x1c C:/devkitPro/libctru/lib\libcitro3d.a(tex3ds.o)
                0x0000000000104298                Tex3DS_GetSubTexture
 .text.Tex3DS_TextureFree
                0x00000000001042b4        0x4 C:/devkitPro/libctru/lib\libcitro3d.a(tex3ds.o)
                0x00000000001042b4                Tex3DS_TextureFree
 .text.C3D_CalcColorBufSize
                0x00000000001042b8       0x1c C:/devkitPro/libctru/lib\libcitro3d.a(framebuffer.o)
                0x00000000001042b8                C3D_CalcColorBufSize
 .text.C3D_CalcDepthBufSize
                0x00000000001042d4       0x1c C:/devkitPro/libctru/lib\libcitro3d.a(framebuffer.o)
                0x00000000001042d4                C3D_CalcDepthBufSize
 .text.C3D_SetFrameBuf
                0x00000000001042f0       0x44 C:/devkitPro/libctru/lib\libcitro3d.a(framebuffer.o)
                0x00000000001042f0                C3D_SetFrameBuf
 .text.C3Di_FrameBufBind
                0x0000000000104334      0x16c C:/devkitPro/libctru/lib\libcitro3d.a(framebuffer.o)
                0x0000000000104334                C3Di_FrameBufBind
 .text.C3D_FrameBufClear
                0x00000000001044a0       0xc8 C:/devkitPro/libctru/lib\libcitro3d.a(framebuffer.o)
                0x00000000001044a0                C3D_FrameBufClear
 .text.C3D_FrameBufTransfer
                0x0000000000104568       0x44 C:/devkitPro/libctru/lib\libcitro3d.a(framebuffer.o)
                0x0000000000104568                C3D_FrameBufTransfer
 .text.C3D_GetTexEnv
                0x00000000001045ac       0x34 C:/devkitPro/libctru/lib\libcitro3d.a(texenv.o)
                0x00000000001045ac                C3D_GetTexEnv
 .text.C3Di_TexEnvBind
                0x00000000001045e0       0x24 C:/devkitPro/libctru/lib\libcitro3d.a(texenv.o)
                0x00000000001045e0                C3Di_TexEnvBind
 .text.C3D_DrawElements
                0x0000000000104604      0x218 C:/devkitPro/libctru/lib\libcitro3d.a(drawElements.o)
                0x0000000000104604                C3D_DrawElements
 .text.C3D_ProcTexInit
                0x000000000010481c       0x70 C:/devkitPro/libctru/lib\libcitro3d.a(proctex.o)
                0x000000000010481c                C3D_ProcTexInit
 .text.C3D_ProcTexBind
                0x000000000010488c       0x54 C:/devkitPro/libctru/lib\libcitro3d.a(proctex.o)
                0x000000000010488c                C3D_ProcTexBind
 .text.C3D_ProcTexLutBind
                0x00000000001048e0       0x5c C:/devkitPro/libctru/lib\libcitro3d.a(proctex.o)
                0x00000000001048e0                C3D_ProcTexLutBind
 .text.ProcTexLut_FromArray
                0x000000000010493c       0xa4 C:/devkitPro/libctru/lib\libcitro3d.a(proctex.o)
                0x000000000010493c                ProcTexLut_FromArray
 .text.C3Di_ProcTexUpdate
                0x00000000001049e0      0x17c C:/devkitPro/libctru/lib\libcitro3d.a(proctex.o)
                0x00000000001049e0                C3Di_ProcTexUpdate
 .text.C3Di_ProcTexDirty
                0x0000000000104b5c       0x68 C:/devkitPro/libctru/lib\libcitro3d.a(proctex.o)
                0x0000000000104b5c                C3Di_ProcTexDirty
 .text.BufInfo_Init
                0x0000000000104bc4       0x24 C:/devkitPro/libctru/lib\libcitro3d.a(buffers.o)
                0x0000000000104bc4                BufInfo_Init
 .text.BufInfo_Add
                0x0000000000104be8       0x80 C:/devkitPro/libctru/lib\libcitro3d.a(buffers.o)
                0x0000000000104be8                BufInfo_Add
 .text.C3D_SetBufInfo
                0x0000000000104c68       0x40 C:/devkitPro/libctru/lib\libcitro3d.a(buffers.o)
                0x0000000000104c68                C3D_SetBufInfo
 .text.C3Di_BufInfoBind
                0x0000000000104ca8       0x48 C:/devkitPro/libctru/lib\libcitro3d.a(buffers.o)
                0x0000000000104ca8                C3Di_BufInfoBind
 .text.C3D_DepthMap
                0x0000000000104cf0       0x40 C:/devkitPro/libctru/lib\libcitro3d.a(effect.o)
                0x0000000000104cf0                C3D_DepthMap
 .text.C3D_CullFace
                0x0000000000104d30       0x1c C:/devkitPro/libctru/lib\libcitro3d.a(effect.o)
                0x0000000000104d30                C3D_CullFace
 .text.C3D_StencilTest
                0x0000000000104d4c       0x40 C:/devkitPro/libctru/lib\libcitro3d.a(effect.o)
                0x0000000000104d4c                C3D_StencilTest
 .text.C3D_StencilOp
                0x0000000000104d8c       0x24 C:/devkitPro/libctru/lib\libcitro3d.a(effect.o)
                0x0000000000104d8c                C3D_StencilOp
 .text.C3D_BlendingColor
                0x0000000000104db0       0x1c C:/devkitPro/libctru/lib\libcitro3d.a(effect.o)
                0x0000000000104db0                C3D_BlendingColor
 .text.C3D_EarlyDepthTest
                0x0000000000104dcc       0x24 C:/devkitPro/libctru/lib\libcitro3d.a(effect.o)
                0x0000000000104dcc                C3D_EarlyDepthTest
 .text.C3D_DepthTest
                0x0000000000104df0       0x2c C:/devkitPro/libctru/lib\libcitro3d.a(effect.o)
                0x0000000000104df0                C3D_DepthTest
 .text.C3D_AlphaTest
                0x0000000000104e1c       0x2c C:/devkitPro/libctru/lib\libcitro3d.a(effect.o)
                0x0000000000104e1c                C3D_AlphaTest
 .text.C3D_AlphaBlend
                0x0000000000104e48       0x50 C:/devkitPro/libctru/lib\libcitro3d.a(effect.o)
                0x0000000000104e48                C3D_AlphaBlend
 .text.C3D_FragOpMode
                0x0000000000104e98       0x30 C:/devkitPro/libctru/lib\libcitro3d.a(effect.o)
                0x0000000000104e98                C3D_FragOpMode
 .text.C3D_FragOpShadow
                0x0000000000104ec8       0x44 C:/devkitPro/libctru/lib\libcitro3d.a(effect.o)
                0x0000000000104ec8                C3D_FragOpShadow
 .text.C3Di_EffectBind
                0x0000000000104f0c      0x1ac C:/devkitPro/libctru/lib\libcitro3d.a(effect.o)
                0x0000000000104f0c                C3Di_EffectBind
 .text.AttrInfo_Init
                0x00000000001050b8       0x28 C:/devkitPro/libctru/lib\libcitro3d.a(attribs.o)
                0x00000000001050b8                AttrInfo_Init
 .text.AttrInfo_AddLoader
                0x00000000001050e0       0x94 C:/devkitPro/libctru/lib\libcitro3d.a(attribs.o)
                0x00000000001050e0                AttrInfo_AddLoader
 .text.C3D_SetAttrInfo
                0x0000000000105174       0x54 C:/devkitPro/libctru/lib\libcitro3d.a(attribs.o)
                0x0000000000105174                C3D_SetAttrInfo
 .text.C3Di_AttrInfoBind
                0x00000000001051c8       0x80 C:/devkitPro/libctru/lib\libcitro3d.a(attribs.o)
                0x00000000001051c8                C3Di_AttrInfoBind
 .text.C3D_ImmSendAttrib
                0x0000000000105248       0xa8 C:/devkitPro/libctru/lib\libcitro3d.a(immediate.o)
                0x0000000000105248                C3D_ImmSendAttrib
 .text.C3D_UpdateUniforms
                0x00000000001052f0      0x280 C:/devkitPro/libctru/lib\libcitro3d.a(uniforms.o)
                0x00000000001052f0                C3D_UpdateUniforms
 .text.C3Di_DirtyUniforms
                0x0000000000105570       0xc0 C:/devkitPro/libctru/lib\libcitro3d.a(uniforms.o)
                0x0000000000105570                C3Di_DirtyUniforms
 .text.C3Di_LoadShaderUniforms
                0x0000000000105630       0xd8 C:/devkitPro/libctru/lib\libcitro3d.a(uniforms.o)
                0x0000000000105630                C3Di_LoadShaderUniforms
 .text.C3Di_ClearShaderUniforms
                0x0000000000105708       0x28 C:/devkitPro/libctru/lib\libcitro3d.a(uniforms.o)
                0x0000000000105708                C3Di_ClearShaderUniforms
 .text.Mtx_Ortho
                0x0000000000105730       0xcc C:/devkitPro/libctru/lib\libcitro3d.a(mtx_ortho.o)
                0x0000000000105730                Mtx_Ortho
 .text.Mtx_OrthoTilt
                0x00000000001057fc       0xcc C:/devkitPro/libctru/lib\libcitro3d.a(mtx_orthotilt.o)
                0x00000000001057fc                Mtx_OrthoTilt
 .text._ZL21addrMapNodeComparatorPK11rbtree_nodeS1_
                0x00000000001058c8       0x24 C:/devkitPro/libctru/lib\libctru.a(vram.o)
 .text._ZL21addrMapNodeDestructorP11rbtree_node
                0x00000000001058ec        0x4 C:/devkitPro/libctru/lib\libctru.a(vram.o)
 .text.vramMemAlignAt
                0x00000000001058f0      0x250 C:/devkitPro/libctru/lib\libctru.a(vram.o)
                0x00000000001058f0                vramMemAlignAt
 .text.vramAlloc
                0x0000000000105b40        0xc C:/devkitPro/libctru/lib\libctru.a(vram.o)
                0x0000000000105b40                vramAlloc
 .text.vramAllocAt
                0x0000000000105b4c        0xc C:/devkitPro/libctru/lib\libctru.a(vram.o)
                0x0000000000105b4c                vramAllocAt
 .text.vramFree
                0x0000000000105b58       0x90 C:/devkitPro/libctru/lib\libctru.a(vram.o)
                0x0000000000105b58                vramFree
 .text._ZL21addrMapNodeComparatorPK11rbtree_nodeS1_
                0x0000000000105be8       0x24 C:/devkitPro/libctru/lib\libctru.a(linear.o)
 .text._ZL21addrMapNodeDestructorP11rbtree_node
                0x0000000000105c0c        0x4 C:/devkitPro/libctru/lib\libctru.a(linear.o)
 .text.linearMemAlign
                0x0000000000105c10      0x120 C:/devkitPro/libctru/lib\libctru.a(linear.o)
                0x0000000000105c10                linearMemAlign
 .text.linearAlloc
                0x0000000000105d30        0x8 C:/devkitPro/libctru/lib\libctru.a(linear.o)
                0x0000000000105d30                linearAlloc
 .text.linearFree
                0x0000000000105d38       0x5c C:/devkitPro/libctru/lib\libctru.a(linear.o)
                0x0000000000105d38                linearFree
 .text._ZN7MemPool13CoalesceRightEP8MemBlock
                0x0000000000105d94       0x80 C:/devkitPro/libctru/lib\libctru.a(mem_pool.o)
                0x0000000000105d94                MemPool::CoalesceRight(MemBlock*)
 .text._ZN7MemPool8AllocateER8MemChunkmi
                0x0000000000105e14      0x16c C:/devkitPro/libctru/lib\libctru.a(mem_pool.o)
                0x0000000000105e14                MemPool::Allocate(MemChunk&, unsigned long, int)
 .text._ZN7MemPool10DeallocateERK8MemChunk
                0x0000000000105f80       0xfc C:/devkitPro/libctru/lib\libctru.a(mem_pool.o)
                0x0000000000105f80                MemPool::Deallocate(MemChunk const&)
 .text._ZN7MemPool12GetFreeSpaceEv
                0x000000000010607c       0x30 C:/devkitPro/libctru/lib\libctru.a(mem_pool.o)
                0x000000000010607c                MemPool::GetFreeSpace()
 .text.romfs_close
                0x00000000001060ac        0x8 C:/devkitPro/libctru/lib\libctru.a(romfs_dev.o)
 .text.romfs_seek
                0x00000000001060b4       0xc0 C:/devkitPro/libctru/lib\libctru.a(romfs_dev.o)
 .text.romfs_dirreset
                0x0000000000106174       0x24 C:/devkitPro/libctru/lib\libctru.a(romfs_dev.o)
 .text.fill_dir
                0x0000000000106198       0xc8 C:/devkitPro/libctru/lib\libctru.a(romfs_dev.o)
 .text.romfs_dirnext
                0x0000000000106260      0x28c C:/devkitPro/libctru/lib\libctru.a(romfs_dev.o)
 .text.romfs_free
                0x00000000001064ec       0x84 C:/devkitPro/libctru/lib\libctru.a(romfs_dev.o)
 .text.searchForFile.constprop.0
                0x0000000000106570       0xd4 C:/devkitPro/libctru/lib\libctru.a(romfs_dev.o)
 .text.searchForDir.constprop.0
                0x0000000000106644       0xd8 C:/devkitPro/libctru/lib\libctru.a(romfs_dev.o)
 .text.navigateToDir.constprop.0
                0x000000000010671c      0x1c0 C:/devkitPro/libctru/lib\libctru.a(romfs_dev.o)
 .text.romfs_open
                0x00000000001068dc      0x10c C:/devkitPro/libctru/lib\libctru.a(romfs_dev.o)
 .text.romfs_chdir
                0x00000000001069e8       0x4c C:/devkitPro/libctru/lib\libctru.a(romfs_dev.o)
 .text.romfs_diropen
                0x0000000000106a34       0x70 C:/devkitPro/libctru/lib\libctru.a(romfs_dev.o)
 .text.romfs_stat
                0x0000000000106aa4      0x174 C:/devkitPro/libctru/lib\libctru.a(romfs_dev.o)
 .text.romfs_dirclose
                0x0000000000106c18        0x8 C:/devkitPro/libctru/lib\libctru.a(romfs_dev.o)
 .text.romfs_fstat
                0x0000000000106c20       0x84 C:/devkitPro/libctru/lib\libctru.a(romfs_dev.o)
 .text.romfs_read
                0x0000000000106ca4       0xd0 C:/devkitPro/libctru/lib\libctru.a(romfs_dev.o)
 .text.romfsMountFromFile
                0x0000000000106d74      0x28c C:/devkitPro/libctru/lib\libctru.a(romfs_dev.o)
                0x0000000000106d74                romfsMountFromFile
 .text.romfsMountFromCurrentProcess
                0x0000000000107000       0x98 C:/devkitPro/libctru/lib\libctru.a(romfs_dev.o)
                0x0000000000107000                romfsMountFromCurrentProcess
 .text.romfsMountSelf
                0x0000000000107098      0x260 C:/devkitPro/libctru/lib\libctru.a(romfs_dev.o)
                0x0000000000107098                romfsMountSelf
 .text.romfsUnmount
                0x00000000001072f8       0xa0 C:/devkitPro/libctru/lib\libctru.a(romfs_dev.o)
                0x00000000001072f8                romfsUnmount
 .text.osConvertVirtToPhys
                0x0000000000107398       0x74 C:/devkitPro/libctru/lib\libctru.a(os.o)
                0x0000000000107398                osConvertVirtToPhys
 .text.osGetTimeRef
                0x000000000010740c       0x54 C:/devkitPro/libctru/lib\libctru.a(os.o)
                0x000000000010740c                osGetTimeRef
 .text.osGetTime
                0x0000000000107460       0xec C:/devkitPro/libctru/lib\libctru.a(os.o)
                0x0000000000107460                osGetTime
 *fill*         0x000000000010754c        0x4 
 .text.osTickCounterRead
                0x0000000000107550       0x38 C:/devkitPro/libctru/lib\libctru.a(os.o)
                0x0000000000107550                osTickCounterRead
 .text.__ctru_speedup_config
                0x0000000000107588       0x34 C:/devkitPro/libctru/lib\libctru.a(os.o)
                0x0000000000107588                __ctru_speedup_config
 .text.parseColor
                0x00000000001075bc      0x1e8 C:/devkitPro/libctru/lib\libctru.a(console.o)
 .text.consoleDrawChar
                0x00000000001077a4      0x1ac C:/devkitPro/libctru/lib\libctru.a(console.o)
                0x00000000001077a4                consoleDrawChar
 .text.consolePrintChar
                0x0000000000107950      0x124 C:/devkitPro/libctru/lib\libctru.a(console.o)
                0x0000000000107950                consolePrintChar
 .text.con_write
                0x0000000000107a74      0xb94 C:/devkitPro/libctru/lib\libctru.a(console.o)
                0x0000000000107a74                con_write
 .text.newRow   0x0000000000108608       0xfc C:/devkitPro/libctru/lib\libctru.a(console.o)
 .text.consoleInit
                0x0000000000108704      0x168 C:/devkitPro/libctru/lib\libctru.a(console.o)
                0x0000000000108704                consoleInit
 .text.gfxPresentFramebuffer
                0x000000000010886c       0xd0 C:/devkitPro/libctru/lib\libctru.a(gfx.o)
 .text.gfxIsWide
                0x000000000010893c       0x1c C:/devkitPro/libctru/lib\libctru.a(gfx.o)
                0x000000000010893c                gfxIsWide
 .text.gfxSetScreenFormat
                0x0000000000108958       0xec C:/devkitPro/libctru/lib\libctru.a(gfx.o)
                0x0000000000108958                gfxSetScreenFormat
 .text.gfxSetDoubleBuffering
                0x0000000000108a44       0x10 C:/devkitPro/libctru/lib\libctru.a(gfx.o)
                0x0000000000108a44                gfxSetDoubleBuffering
 .text.gfxInit  0x0000000000108a54       0xe0 C:/devkitPro/libctru/lib\libctru.a(gfx.o)
                0x0000000000108a54                gfxInit
 .text.gfxInitDefault
                0x0000000000108b34       0x10 C:/devkitPro/libctru/lib\libctru.a(gfx.o)
                0x0000000000108b34                gfxInitDefault
 .text.gfxExit  0x0000000000108b44       0xb4 C:/devkitPro/libctru/lib\libctru.a(gfx.o)
                0x0000000000108b44                gfxExit
 .text.gfxGetFramebuffer
                0x0000000000108bf8       0xa0 C:/devkitPro/libctru/lib\libctru.a(gfx.o)
                0x0000000000108bf8                gfxGetFramebuffer
 .text.gfxFlushBuffers
                0x0000000000108c98      0x104 C:/devkitPro/libctru/lib\libctru.a(gfx.o)
                0x0000000000108c98                gfxFlushBuffers
 .text.gfxScreenSwapBuffers
                0x0000000000108d9c       0x30 C:/devkitPro/libctru/lib\libctru.a(gfx.o)
                0x0000000000108d9c                gfxScreenSwapBuffers
 .text.gfxSwapBuffersGpu
                0x0000000000108dcc       0x50 C:/devkitPro/libctru/lib\libctru.a(gfx.o)
                0x0000000000108dcc                gfxSwapBuffersGpu
 .text.shaderInstanceInit
                0x0000000000108e1c      0x1d4 C:/devkitPro/libctru/lib\libctru.a(shaderProgram.o)
                0x0000000000108e1c                shaderInstanceInit
 .text.shaderInstanceGetUniformLocation
                0x0000000000108ff0       0x18 C:/devkitPro/libctru/lib\libctru.a(shaderProgram.o)
                0x0000000000108ff0                shaderInstanceGetUniformLocation
 .text.shaderProgramInit
                0x0000000000109008       0x1c C:/devkitPro/libctru/lib\libctru.a(shaderProgram.o)
                0x0000000000109008                shaderProgramInit
 .text.shaderProgramFree
                0x0000000000109024       0x64 C:/devkitPro/libctru/lib\libctru.a(shaderProgram.o)
                0x0000000000109024                shaderProgramFree
 .text.shaderProgramSetVsh
                0x0000000000109088       0x80 C:/devkitPro/libctru/lib\libctru.a(shaderProgram.o)
                0x0000000000109088                shaderProgramSetVsh
 .text.shaderProgramConfigure
                0x0000000000109108      0x8e0 C:/devkitPro/libctru/lib\libctru.a(shaderProgram.o)
                0x0000000000109108                shaderProgramConfigure
 .text.DVLE_GenerateOutmap.part.0
                0x00000000001099e8      0x1cc C:/devkitPro/libctru/lib\libctru.a(shbin.o)
 .text.DVLB_ParseFile
                0x0000000000109bb4      0x1b4 C:/devkitPro/libctru/lib\libctru.a(shbin.o)
                0x0000000000109bb4                DVLB_ParseFile
 .text.DVLB_Free
                0x0000000000109d68       0x38 C:/devkitPro/libctru/lib\libctru.a(shbin.o)
                0x0000000000109d68                DVLB_Free
 .text.DVLE_GetUniformRegister
                0x0000000000109da0       0x74 C:/devkitPro/libctru/lib\libctru.a(shbin.o)
                0x0000000000109da0                DVLE_GetUniformRegister
 .text.GX_BindQueue
                0x0000000000109e14       0x10 C:/devkitPro/libctru/lib\libctru.a(gx.o)
                0x0000000000109e14                GX_BindQueue
 .text.GX_ProcessCommandList
                0x0000000000109e24       0x78 C:/devkitPro/libctru/lib\libctru.a(gx.o)
                0x0000000000109e24                GX_ProcessCommandList
 .text.GX_MemoryFill
                0x0000000000109e9c       0x74 C:/devkitPro/libctru/lib\libctru.a(gx.o)
                0x0000000000109e9c                GX_MemoryFill
 .text.GX_DisplayTransfer
                0x0000000000109f10       0x70 C:/devkitPro/libctru/lib\libctru.a(gx.o)
                0x0000000000109f10                GX_DisplayTransfer
 .text.GX_TextureCopy
                0x0000000000109f80       0x74 C:/devkitPro/libctru/lib\libctru.a(gx.o)
                0x0000000000109f80                GX_TextureCopy
 .text.gxCmdQueueDoCommands.part.0
                0x0000000000109ff4       0x68 C:/devkitPro/libctru/lib\libctru.a(gxqueue.o)
 .text.gxCmdQueueInterrupt
                0x000000000010a05c       0xc8 C:/devkitPro/libctru/lib\libctru.a(gxqueue.o)
                0x000000000010a05c                gxCmdQueueInterrupt
 .text.gxCmdQueueClear
                0x000000000010a124       0x4c C:/devkitPro/libctru/lib\libctru.a(gxqueue.o)
                0x000000000010a124                gxCmdQueueClear
 .text.gxCmdQueueAdd
                0x000000000010a170       0xf8 C:/devkitPro/libctru/lib\libctru.a(gxqueue.o)
                0x000000000010a170                gxCmdQueueAdd
 .text.gxCmdQueueRun
                0x000000000010a268       0x80 C:/devkitPro/libctru/lib\libctru.a(gxqueue.o)
                0x000000000010a268                gxCmdQueueRun
 .text.gxCmdQueueStop
                0x000000000010a2e8       0x60 C:/devkitPro/libctru/lib\libctru.a(gxqueue.o)
                0x000000000010a2e8                gxCmdQueueStop
 .text.gxCmdQueueWait
                0x000000000010a348       0x74 C:/devkitPro/libctru/lib\libctru.a(gxqueue.o)
                0x000000000010a348                gxCmdQueueWait
 .text.GPUCMD_Add
                0x000000000010a3bc      0x13c C:/devkitPro/libctru/lib\libctru.a(gpu.o)
                0x000000000010a3bc                GPUCMD_Add
 .text.GPUCMD_Split
                0x000000000010a4f8       0xb0 C:/devkitPro/libctru/lib\libctru.a(gpu.o)
                0x000000000010a4f8                GPUCMD_Split
 .text.f32tof16
                0x000000000010a5a8       0x34 C:/devkitPro/libctru/lib\libctru.a(gpu.o)
                0x000000000010a5a8                f32tof16
 .text.f32tof24
                0x000000000010a5dc       0x34 C:/devkitPro/libctru/lib\libctru.a(gpu.o)
                0x000000000010a5dc                f32tof24
 .text.f32tof31
                0x000000000010a610       0x38 C:/devkitPro/libctru/lib\libctru.a(gpu.o)
                0x000000000010a610                f32tof31
 .text.gspHardwareInit
                0x000000000010a648      0xc58 C:/devkitPro/libctru/lib\libctru.a(gspgpu.o)
 .text.gspInit  0x000000000010b2a0      0x248 C:/devkitPro/libctru/lib\libctru.a(gspgpu.o)
                0x000000000010b2a0                gspInit
 .text.gspExit  0x000000000010b4e8       0xf0 C:/devkitPro/libctru/lib\libctru.a(gspgpu.o)
                0x000000000010b4e8                gspExit
 .text.gspHasGpuRight
                0x000000000010b5d8       0x10 C:/devkitPro/libctru/lib\libctru.a(gspgpu.o)
                0x000000000010b5d8                gspHasGpuRight
 .text.gspPresentBuffer
                0x000000000010b5e8       0xa0 C:/devkitPro/libctru/lib\libctru.a(gspgpu.o)
                0x000000000010b5e8                gspPresentBuffer
 .text.gspSetEventCallback
                0x000000000010b688       0x30 C:/devkitPro/libctru/lib\libctru.a(gspgpu.o)
                0x000000000010b688                gspSetEventCallback
 .text.gspWaitForEvent
                0x000000000010b6b8       0x44 C:/devkitPro/libctru/lib\libctru.a(gspgpu.o)
                0x000000000010b6b8                gspWaitForEvent
 .text.gspWaitForAnyEvent
                0x000000000010b6fc       0x4c C:/devkitPro/libctru/lib\libctru.a(gspgpu.o)
                0x000000000010b6fc                gspWaitForAnyEvent
 .text.gspEventThreadMain
                0x000000000010b748      0x158 C:/devkitPro/libctru/lib\libctru.a(gspgpu.o)
 .text.gspSubmitGxCommand
                0x000000000010b8a0      0x130 C:/devkitPro/libctru/lib\libctru.a(gspgpu.o)
                0x000000000010b8a0                gspSubmitGxCommand
 .text.GSPGPU_FlushDataCache
                0x000000000010b9d0       0x50 C:/devkitPro/libctru/lib\libctru.a(gspgpu.o)
                0x000000000010b9d0                GSPGPU_FlushDataCache
 .text.GSPGPU_SetLcdForceBlack
                0x000000000010ba20       0x34 C:/devkitPro/libctru/lib\libctru.a(gspgpu.o)
                0x000000000010ba20                GSPGPU_SetLcdForceBlack
 .text.GSPGPU_AcquireRight
                0x000000000010ba54       0x68 C:/devkitPro/libctru/lib\libctru.a(gspgpu.o)
                0x000000000010ba54                GSPGPU_AcquireRight
 .text.GSPGPU_ReleaseRight
                0x000000000010babc       0x48 C:/devkitPro/libctru/lib\libctru.a(gspgpu.o)
                0x000000000010babc                GSPGPU_ReleaseRight
 .text.GSPGPU_ImportDisplayCaptureInfo
                0x000000000010bb04       0x7c C:/devkitPro/libctru/lib\libctru.a(gspgpu.o)
                0x000000000010bb04                GSPGPU_ImportDisplayCaptureInfo
 .text.GSPGPU_SaveVramSysArea
                0x000000000010bb80       0x2c C:/devkitPro/libctru/lib\libctru.a(gspgpu.o)
                0x000000000010bb80                GSPGPU_SaveVramSysArea
 .text.GSPGPU_RestoreVramSysArea
                0x000000000010bbac       0x2c C:/devkitPro/libctru/lib\libctru.a(gspgpu.o)
                0x000000000010bbac                GSPGPU_RestoreVramSysArea
 .text.aptConvertScreenForCapture
                0x000000000010bbd8      0x1a4 C:/devkitPro/libctru/lib\libctru.a(apt.o)
 .text.aptDspSleep
                0x000000000010bd7c        0x8 C:/devkitPro/libctru/lib\libctru.a(apt.o)
                0x000000000010bd7c                aptDspSleep
 .text.aptDspWakeup
                0x000000000010bd84        0x4 C:/devkitPro/libctru/lib\libctru.a(apt.o)
                0x000000000010bd84                aptDspWakeup
 .text.aptDspCancel
                0x000000000010bd88        0x4 C:/devkitPro/libctru/lib\libctru.a(apt.o)
                0x000000000010bd88                aptDspCancel
 .text.aptSendCommand
                0x000000000010bd8c      0x158 C:/devkitPro/libctru/lib\libctru.a(apt.o)
                0x000000000010bd8c                aptSendCommand
 *fill*         0x000000000010bee4        0x4 
 .text.aptExitProcess
                0x000000000010bee8       0x44 C:/devkitPro/libctru/lib\libctru.a(apt.o)
 .text.aptExit  0x000000000010bf2c      0x2f4 C:/devkitPro/libctru/lib\libctru.a(apt.o)
                0x000000000010bf2c                aptExit
 .text.aptHandleSleep
                0x000000000010c220       0xe0 C:/devkitPro/libctru/lib\libctru.a(apt.o)
                0x000000000010c220                aptHandleSleep
 .text.aptHook  0x000000000010c300       0x30 C:/devkitPro/libctru/lib\libctru.a(apt.o)
                0x000000000010c300                aptHook
 .text.aptUnhook
                0x000000000010c330       0x30 C:/devkitPro/libctru/lib\libctru.a(apt.o)
                0x000000000010c330                aptUnhook
 .text.APT_SleepIfShellClosed
                0x000000000010c360       0x84 C:/devkitPro/libctru/lib\libctru.a(apt.o)
                0x000000000010c360                APT_SleepIfShellClosed
 .text.aptSetSleepAllowed
                0x000000000010c3e4       0x84 C:/devkitPro/libctru/lib\libctru.a(apt.o)
                0x000000000010c3e4                aptSetSleepAllowed
 .text.APT_UnlockTransition
                0x000000000010c468       0x84 C:/devkitPro/libctru/lib\libctru.a(apt.o)
                0x000000000010c468                APT_UnlockTransition
 *fill*         0x000000000010c4ec        0x4 
 .text.aptEventHandler
                0x000000000010c4f0      0x4a4 C:/devkitPro/libctru/lib\libctru.a(apt.o)
 .text.APT_ReceiveParameter
                0x000000000010c994       0xb0 C:/devkitPro/libctru/lib\libctru.a(apt.o)
                0x000000000010c994                APT_ReceiveParameter
 .text.aptReceiveParameter.constprop.0
                0x000000000010ca44       0xb0 C:/devkitPro/libctru/lib\libctru.a(apt.o)
 *fill*         0x000000000010caf4        0x4 
 .text.aptScreenTransfer
                0x000000000010caf8      0x2ac C:/devkitPro/libctru/lib\libctru.a(apt.o)
 .text.aptWaitForWakeUp.isra.0
                0x000000000010cda4      0x344 C:/devkitPro/libctru/lib\libctru.a(apt.o)
 .text.aptJumpToHomeMenu
                0x000000000010d0e8      0x100 C:/devkitPro/libctru/lib\libctru.a(apt.o)
                0x000000000010d0e8                aptJumpToHomeMenu
 .text.aptMainLoop
                0x000000000010d1e8       0x48 C:/devkitPro/libctru/lib\libctru.a(apt.o)
                0x000000000010d1e8                aptMainLoop
 .text.aptInit  0x000000000010d230      0x22c C:/devkitPro/libctru/lib\libctru.a(apt.o)
                0x000000000010d230                aptInit
 .text.APT_CheckNew3DS
                0x000000000010d45c       0x7c C:/devkitPro/libctru/lib\libctru.a(apt.o)
                0x000000000010d45c                APT_CheckNew3DS
 .text.hidShouldUseIrrst
                0x000000000010d4d8       0x24 C:/devkitPro/libctru/lib\libctru.a(hid.o)
                0x000000000010d4d8                hidShouldUseIrrst
 .text.hidInit  0x000000000010d4fc      0x18c C:/devkitPro/libctru/lib\libctru.a(hid.o)
                0x000000000010d4fc                hidInit
 .text.hidExit  0x000000000010d688       0xe8 C:/devkitPro/libctru/lib\libctru.a(hid.o)
                0x000000000010d688                hidExit
 .text.hidScanInput
                0x000000000010d770      0x2a4 C:/devkitPro/libctru/lib\libctru.a(hid.o)
                0x000000000010d770                hidScanInput
 .text.hidKeysHeld
                0x000000000010da14       0x10 C:/devkitPro/libctru/lib\libctru.a(hid.o)
                0x000000000010da14                hidKeysHeld
 .text.hidKeysDown
                0x000000000010da24       0x10 C:/devkitPro/libctru/lib\libctru.a(hid.o)
                0x000000000010da24                hidKeysDown
 .text.ptmSysmInit
                0x000000000010da34       0x74 C:/devkitPro/libctru/lib\libctru.a(ptmsysm.o)
                0x000000000010da34                ptmSysmInit
 .text.ptmSysmExit
                0x000000000010daa8       0x3c C:/devkitPro/libctru/lib\libctru.a(ptmsysm.o)
                0x000000000010daa8                ptmSysmExit
 .text.PTMSYSM_ConfigureNew3DSCPU
                0x000000000010dae4       0x34 C:/devkitPro/libctru/lib\libctru.a(ptmsysm.o)
                0x000000000010dae4                PTMSYSM_ConfigureNew3DSCPU
 .text.fsInit   0x000000000010db18       0xcc C:/devkitPro/libctru/lib\libctru.a(fs.o)
                0x000000000010db18                fsInit
 .text.fsExit   0x000000000010dbe4       0x3c C:/devkitPro/libctru/lib\libctru.a(fs.o)
                0x000000000010dbe4                fsExit
 .text.fsExemptFromSession
                0x000000000010dc20       0x60 C:/devkitPro/libctru/lib\libctru.a(fs.o)
                0x000000000010dc20                fsExemptFromSession
 .text.fsUnexemptFromSession
                0x000000000010dc80       0x50 C:/devkitPro/libctru/lib\libctru.a(fs.o)
                0x000000000010dc80                fsUnexemptFromSession
 .text.FSUSER_OpenFile
                0x000000000010dcd0       0xcc C:/devkitPro/libctru/lib\libctru.a(fs.o)
                0x000000000010dcd0                FSUSER_OpenFile
 .text.FSUSER_OpenFileDirectly
                0x000000000010dd9c       0xd4 C:/devkitPro/libctru/lib\libctru.a(fs.o)
                0x000000000010dd9c                FSUSER_OpenFileDirectly
 .text.FSUSER_DeleteFile
                0x000000000010de70       0xbc C:/devkitPro/libctru/lib\libctru.a(fs.o)
                0x000000000010de70                FSUSER_DeleteFile
 .text.FSUSER_RenameFile
                0x000000000010df2c       0xf8 C:/devkitPro/libctru/lib\libctru.a(fs.o)
                0x000000000010df2c                FSUSER_RenameFile
 .text.FSUSER_DeleteDirectory
                0x000000000010e024       0xbc C:/devkitPro/libctru/lib\libctru.a(fs.o)
                0x000000000010e024                FSUSER_DeleteDirectory
 .text.FSUSER_CreateFile
                0x000000000010e0e0       0xd4 C:/devkitPro/libctru/lib\libctru.a(fs.o)
                0x000000000010e0e0                FSUSER_CreateFile
 .text.FSUSER_CreateDirectory
                0x000000000010e1b4       0xc4 C:/devkitPro/libctru/lib\libctru.a(fs.o)
                0x000000000010e1b4                FSUSER_CreateDirectory
 .text.FSUSER_RenameDirectory
                0x000000000010e278       0xf8 C:/devkitPro/libctru/lib\libctru.a(fs.o)
                0x000000000010e278                FSUSER_RenameDirectory
 .text.FSUSER_OpenDirectory
                0x000000000010e370       0xb4 C:/devkitPro/libctru/lib\libctru.a(fs.o)
                0x000000000010e370                FSUSER_OpenDirectory
 .text.FSUSER_OpenArchive
                0x000000000010e424       0x98 C:/devkitPro/libctru/lib\libctru.a(fs.o)
                0x000000000010e424                FSUSER_OpenArchive
 .text.FSUSER_CloseArchive
                0x000000000010e4bc       0x8c C:/devkitPro/libctru/lib\libctru.a(fs.o)
                0x000000000010e4bc                FSUSER_CloseArchive
 .text.FSUSER_GetSdmcArchiveResource
                0x000000000010e548       0x74 C:/devkitPro/libctru/lib\libctru.a(fs.o)
                0x000000000010e548                FSUSER_GetSdmcArchiveResource
 .text.FSUSER_IsSdmcWritable
                0x000000000010e5bc       0x64 C:/devkitPro/libctru/lib\libctru.a(fs.o)
                0x000000000010e5bc                FSUSER_IsSdmcWritable
 .text.FSFILE_Read
                0x000000000010e620       0x58 C:/devkitPro/libctru/lib\libctru.a(fs.o)
                0x000000000010e620                FSFILE_Read
 .text.FSFILE_Write
                0x000000000010e678       0x60 C:/devkitPro/libctru/lib\libctru.a(fs.o)
                0x000000000010e678                FSFILE_Write
 .text.FSFILE_GetSize
                0x000000000010e6d8       0x3c C:/devkitPro/libctru/lib\libctru.a(fs.o)
                0x000000000010e6d8                FSFILE_GetSize
 .text.FSFILE_SetSize
                0x000000000010e714       0x28 C:/devkitPro/libctru/lib\libctru.a(fs.o)
                0x000000000010e714                FSFILE_SetSize
 .text.FSFILE_Close
                0x000000000010e73c       0x3c C:/devkitPro/libctru/lib\libctru.a(fs.o)
                0x000000000010e73c                FSFILE_Close
 .text.FSFILE_Flush
                0x000000000010e778       0x24 C:/devkitPro/libctru/lib\libctru.a(fs.o)
                0x000000000010e778                FSFILE_Flush
 .text.FSDIR_Read
                0x000000000010e79c       0x50 C:/devkitPro/libctru/lib\libctru.a(fs.o)
                0x000000000010e79c                FSDIR_Read
 .text.FSDIR_Close
                0x000000000010e7ec       0x3c C:/devkitPro/libctru/lib\libctru.a(fs.o)
                0x000000000010e7ec                FSDIR_Close
 .text.buffer_read
                0x000000000010e828       0xc4 C:/devkitPro/libctru/lib\libctru.a(decompress.o)
 .text.iov_read
                0x000000000010e8ec       0xd0 C:/devkitPro/libctru/lib\libctru.a(decompress.o)
 .text.iov_memmove
                0x000000000010e9bc      0x138 C:/devkitPro/libctru/lib\libctru.a(decompress.o)
 .text.decompress_rle
                0x000000000010eaf4      0x1dc C:/devkitPro/libctru/lib\libctru.a(decompress.o)
 .text.decompress_lzss
                0x000000000010ecd0      0x244 C:/devkitPro/libctru/lib\libctru.a(decompress.o)
 .text.decompress_lz11
                0x000000000010ef14      0x424 C:/devkitPro/libctru/lib\libctru.a(decompress.o)
 .text.decompress_huff
                0x000000000010f338      0x2d8 C:/devkitPro/libctru/lib\libctru.a(decompress.o)
 .text.decompressCallback_Stdio
                0x000000000010f610       0x10 C:/devkitPro/libctru/lib\libctru.a(decompress.o)
                0x000000000010f610                decompressCallback_Stdio
 .text.decompressHeader
                0x000000000010f620       0xdc C:/devkitPro/libctru/lib\libctru.a(decompress.o)
                0x000000000010f620                decompressHeader
 .text.decompressV
                0x000000000010f6fc      0x240 C:/devkitPro/libctru/lib\libctru.a(decompress.o)
                0x000000000010f6fc                decompressV
 .text.rbtree_init
                0x000000000010f93c       0x10 C:/devkitPro/libctru/lib\libctru.a(rbtree_init.o)
                0x000000000010f93c                rbtree_init
 .text.do_insert
                0x000000000010f94c      0x1b4 C:/devkitPro/libctru/lib\libctru.a(rbtree_insert.o)
 .text.rbtree_insert
                0x000000000010fb00        0x8 C:/devkitPro/libctru/lib\libctru.a(rbtree_insert.o)
                0x000000000010fb00                rbtree_insert
 .text.rbtree_rotate
                0x000000000010fb08       0x90 C:/devkitPro/libctru/lib\libctru.a(rbtree_rotate.o)
                0x000000000010fb08                rbtree_rotate
 .text.rbtree_remove
                0x000000000010fb98      0x318 C:/devkitPro/libctru/lib\libctru.a(rbtree_remove.o)
                0x000000000010fb98                rbtree_remove
 .text.rbtree_find
                0x000000000010feb0       0x74 C:/devkitPro/libctru/lib\libctru.a(rbtree_find.o)
                0x000000000010feb0                rbtree_find
 .text.utf16_to_utf8
                0x000000000010ff24       0xe8 C:/devkitPro/libctru/lib\libctru.a(utf16_to_utf8.o)
                0x000000000010ff24                utf16_to_utf8
 .text.decode_utf16
                0x000000000011000c       0x64 C:/devkitPro/libctru/lib\libctru.a(decode_utf16.o)
                0x000000000011000c                decode_utf16
 .text.utf8_to_utf16
                0x0000000000110070       0xc0 C:/devkitPro/libctru/lib\libctru.a(utf8_to_utf16.o)
                0x0000000000110070                utf8_to_utf16
 .text.__system_allocateHeaps
                0x0000000000110130      0x1e0 C:/devkitPro/libctru/lib\libctru.a(allocateHeaps.o)
                0x0000000000110130                __system_allocateHeaps
 .text.__libctru_init
                0x0000000000110310       0x38 C:/devkitPro/libctru/lib\libctru.a(ctru_init.o)
                0x0000000000110310                __libctru_init
 .text.__system_initArgv
                0x0000000000110348      0x170 C:/devkitPro/libctru/lib\libctru.a(initArgv.o)
                0x0000000000110348                __system_initArgv
 .text.svcControlMemory
                0x00000000001104b8       0x20 C:/devkitPro/libctru/lib\libctru.a(svc.o)
                0x00000000001104b8                svcControlMemory
 .text.svcQueryMemory
                0x00000000001104d8       0x30 C:/devkitPro/libctru/lib\libctru.a(svc.o)
                0x00000000001104d8                svcQueryMemory
 .text.svcExitProcess
                0x0000000000110508        0x8 C:/devkitPro/libctru/lib\libctru.a(svc.o)
                0x0000000000110508                svcExitProcess
 .text.svcCreateThread
                0x0000000000110510       0x20 C:/devkitPro/libctru/lib\libctru.a(svc.o)
                0x0000000000110510                svcCreateThread
 .text.svcExitThread
                0x0000000000110530        0x8 C:/devkitPro/libctru/lib\libctru.a(svc.o)
                0x0000000000110530                svcExitThread
 .text.svcSleepThread
                0x0000000000110538        0x8 C:/devkitPro/libctru/lib\libctru.a(svc.o)
                0x0000000000110538                svcSleepThread
 .text.svcReleaseMutex
                0x0000000000110540        0x8 C:/devkitPro/libctru/lib\libctru.a(svc.o)
                0x0000000000110540                svcReleaseMutex
 .text.svcCreateEvent
                0x0000000000110548       0x14 C:/devkitPro/libctru/lib\libctru.a(svc.o)
                0x0000000000110548                svcCreateEvent
 .text.svcSignalEvent
                0x000000000011055c        0x8 C:/devkitPro/libctru/lib\libctru.a(svc.o)
                0x000000000011055c                svcSignalEvent
 .text.svcClearEvent
                0x0000000000110564        0x8 C:/devkitPro/libctru/lib\libctru.a(svc.o)
                0x0000000000110564                svcClearEvent
 .text.svcMapMemoryBlock
                0x000000000011056c        0x8 C:/devkitPro/libctru/lib\libctru.a(svc.o)
                0x000000000011056c                svcMapMemoryBlock
 .text.svcUnmapMemoryBlock
                0x0000000000110574        0x8 C:/devkitPro/libctru/lib\libctru.a(svc.o)
                0x0000000000110574                svcUnmapMemoryBlock
 .text.svcCreateAddressArbiter
                0x000000000011057c       0x14 C:/devkitPro/libctru/lib\libctru.a(svc.o)
                0x000000000011057c                svcCreateAddressArbiter
 .text.svcArbitrateAddressNoTimeout
                0x0000000000110590        0x8 C:/devkitPro/libctru/lib\libctru.a(svc.o)
                0x0000000000110590                svcArbitrateAddressNoTimeout
 .text.svcCloseHandle
                0x0000000000110598        0x8 C:/devkitPro/libctru/lib\libctru.a(svc.o)
                0x0000000000110598                svcCloseHandle
 .text.svcWaitSynchronization
                0x00000000001105a0        0x8 C:/devkitPro/libctru/lib\libctru.a(svc.o)
                0x00000000001105a0                svcWaitSynchronization
 .text.svcWaitSynchronizationN
                0x00000000001105a8       0x28 C:/devkitPro/libctru/lib\libctru.a(svc.o)
                0x00000000001105a8                svcWaitSynchronizationN
 .text.svcDuplicateHandle
                0x00000000001105d0       0x14 C:/devkitPro/libctru/lib\libctru.a(svc.o)
                0x00000000001105d0                svcDuplicateHandle
 .text.svcGetSystemTick
                0x00000000001105e4        0x8 C:/devkitPro/libctru/lib\libctru.a(svc.o)
                0x00000000001105e4                svcGetSystemTick
 .text.svcConnectToPort
                0x00000000001105ec       0x14 C:/devkitPro/libctru/lib\libctru.a(svc.o)
                0x00000000001105ec                svcConnectToPort
 .text.svcSendSyncRequest
                0x0000000000110600        0x8 C:/devkitPro/libctru/lib\libctru.a(svc.o)
                0x0000000000110600                svcSendSyncRequest
 .text.svcGetResourceLimit
                0x0000000000110608       0x14 C:/devkitPro/libctru/lib\libctru.a(svc.o)
                0x0000000000110608                svcGetResourceLimit
 .text.svcGetResourceLimitLimitValues
                0x000000000011061c        0x8 C:/devkitPro/libctru/lib\libctru.a(svc.o)
                0x000000000011061c                svcGetResourceLimitLimitValues
 .text.svcGetResourceLimitCurrentValues
                0x0000000000110624        0x8 C:/devkitPro/libctru/lib\libctru.a(svc.o)
                0x0000000000110624                svcGetResourceLimitCurrentValues
 .text.svcBreak
                0x000000000011062c        0x8 C:/devkitPro/libctru/lib\libctru.a(svc.o)
                0x000000000011062c                svcBreak
 .text.initSystem
                0x0000000000110634       0x50 C:/devkitPro/libctru/lib\libctru.a(stack_adjust.o)
                0x0000000000110634                initSystem
 .text.__ctru_exit
                0x0000000000110684       0x18 C:/devkitPro/libctru/lib\libctru.a(stack_adjust.o)
                0x0000000000110684                __ctru_exit
 .text.__aeabi_read_tp
                0x000000000011069c        0xc C:/devkitPro/libctru/lib\libctru.a(readtp.o)
                0x000000000011069c                __aeabi_read_tp
 .text.__sync_init
                0x00000000001106a8        0xc C:/devkitPro/libctru/lib\libctru.a(synchronization.o)
                0x00000000001106a8                __sync_init
 .text.__sync_fini
                0x00000000001106b4       0x18 C:/devkitPro/libctru/lib\libctru.a(synchronization.o)
                0x00000000001106b4                __sync_fini
 .text.syncArbitrateAddress
                0x00000000001106cc       0x2c C:/devkitPro/libctru/lib\libctru.a(synchronization.o)
                0x00000000001106cc                syncArbitrateAddress
 .text.LightLock_Lock
                0x00000000001106f8       0xb0 C:/devkitPro/libctru/lib\libctru.a(synchronization.o)
                0x00000000001106f8                LightLock_Lock
 .text.LightLock_Unlock
                0x00000000001107a8       0x40 C:/devkitPro/libctru/lib\libctru.a(synchronization.o)
                0x00000000001107a8                LightLock_Unlock
 .text.RecursiveLock_Init
                0x00000000001107e8       0x24 C:/devkitPro/libctru/lib\libctru.a(synchronization.o)
                0x00000000001107e8                RecursiveLock_Init
 .text.RecursiveLock_Lock
                0x000000000011080c       0x30 C:/devkitPro/libctru/lib\libctru.a(synchronization.o)
                0x000000000011080c                RecursiveLock_Lock
 .text.RecursiveLock_Unlock
                0x000000000011083c       0x54 C:/devkitPro/libctru/lib\libctru.a(synchronization.o)
                0x000000000011083c                RecursiveLock_Unlock
 .text.LightEvent_Init
                0x0000000000110890       0x40 C:/devkitPro/libctru/lib\libctru.a(synchronization.o)
                0x0000000000110890                LightEvent_Init
 .text.LightEvent_Clear
                0x00000000001108d0       0xa4 C:/devkitPro/libctru/lib\libctru.a(synchronization.o)
                0x00000000001108d0                LightEvent_Clear
 .text.LightEvent_Signal
                0x0000000000110974       0xc8 C:/devkitPro/libctru/lib\libctru.a(synchronization.o)
                0x0000000000110974                LightEvent_Signal
 .text.LightEvent_TryWait
                0x0000000000110a3c       0x50 C:/devkitPro/libctru/lib\libctru.a(synchronization.o)
                0x0000000000110a3c                LightEvent_TryWait
 .text.LightEvent_Wait
                0x0000000000110a8c       0xb0 C:/devkitPro/libctru/lib\libctru.a(synchronization.o)
                0x0000000000110a8c                LightEvent_Wait
 .text.envGetHandle
                0x0000000000110b3c       0x84 C:/devkitPro/libctru/lib\libctru.a(env.o)
                0x0000000000110b3c                envGetHandle
 .text.envDestroyHandles
                0x0000000000110bc0       0x50 C:/devkitPro/libctru/lib\libctru.a(env.o)
                0x0000000000110bc0                envDestroyHandles
 .text.srvInit  0x0000000000110c10      0x130 C:/devkitPro/libctru/lib\libctru.a(srv.o)
                0x0000000000110c10                srvInit
 .text.srvExit  0x0000000000110d40       0x58 C:/devkitPro/libctru/lib\libctru.a(srv.o)
                0x0000000000110d40                srvExit
 .text.srvGetServiceHandleDirect
                0x0000000000110d98       0xa0 C:/devkitPro/libctru/lib\libctru.a(srv.o)
                0x0000000000110d98                srvGetServiceHandleDirect
 .text.srvGetServiceHandle
                0x0000000000110e38       0x38 C:/devkitPro/libctru/lib\libctru.a(srv.o)
                0x0000000000110e38                srvGetServiceHandle
 .text.srvPublishToSubscriber
                0x0000000000110e70       0x38 C:/devkitPro/libctru/lib\libctru.a(srv.o)
                0x0000000000110e70                srvPublishToSubscriber
 .text.threadCreate
                0x0000000000110ea8      0x178 C:/devkitPro/libctru/lib\libctru.a(thread.o)
                0x0000000000110ea8                threadCreate
 .text.threadFree
                0x0000000000111020       0x2c C:/devkitPro/libctru/lib\libctru.a(thread.o)
                0x0000000000111020                threadFree
 .text.threadJoin
                0x000000000011104c       0x24 C:/devkitPro/libctru/lib\libctru.a(thread.o)
                0x000000000011104c                threadJoin
 .text.threadGetCurrent
                0x0000000000111070       0x30 C:/devkitPro/libctru/lib\libctru.a(thread.o)
                0x0000000000111070                threadGetCurrent
 .text.threadExit
                0x00000000001110a0       0x40 C:/devkitPro/libctru/lib\libctru.a(thread.o)
                0x00000000001110a0                threadExit
 .text._thread_begin
                0x00000000001110e0       0x20 C:/devkitPro/libctru/lib\libctru.a(thread.o)
 .text.mappableFindAddressWithin
                0x0000000000111100       0xb4 C:/devkitPro/libctru/lib\libctru.a(mappable.o)
 .text.mappableInit
                0x00000000001111b4       0x28 C:/devkitPro/libctru/lib\libctru.a(mappable.o)
                0x00000000001111b4                mappableInit
 .text.mappableAlloc
                0x00000000001111dc       0x80 C:/devkitPro/libctru/lib\libctru.a(mappable.o)
                0x00000000001111dc                mappableAlloc
 .text.mappableFree
                0x000000000011125c        0x4 C:/devkitPro/libctru/lib\libctru.a(mappable.o)
                0x000000000011125c                mappableFree
 .text.irrstInit
                0x0000000000111260      0x164 C:/devkitPro/libctru/lib\libctru.a(irrst.o)
                0x0000000000111260                irrstInit
 .text.irrstExit
                0x00000000001113c4       0xcc C:/devkitPro/libctru/lib\libctru.a(irrst.o)
                0x00000000001113c4                irrstExit
 .text.irrstScanInput
                0x0000000000111490       0xb4 C:/devkitPro/libctru/lib\libctru.a(irrst.o)
                0x0000000000111490                irrstScanInput
 .text.irrstKeysHeld
                0x0000000000111544       0x24 C:/devkitPro/libctru/lib\libctru.a(irrst.o)
                0x0000000000111544                irrstKeysHeld
 .text.srvPmGetSessionHandle
                0x0000000000111568        0xc C:/devkitPro/libctru/lib\libctru.a(srvpm.o)
                0x0000000000111568                srvPmGetSessionHandle
 .text.rbtree_node_next
                0x0000000000111574       0x5c C:/devkitPro/libctru/lib\libctru.a(rbtree_iterator.o)
                0x0000000000111574                rbtree_node_next
 .text.encode_utf16
                0x00000000001115d0       0x54 C:/devkitPro/libctru/lib\libctru.a(encode_utf16.o)
                0x00000000001115d0                encode_utf16
 .text.encode_utf8
                0x0000000000111624       0xe0 C:/devkitPro/libctru/lib\libctru.a(encode_utf8.o)
                0x0000000000111624                encode_utf8
 .text.decode_utf8
                0x0000000000111704      0x13c C:/devkitPro/libctru/lib\libctru.a(decode_utf8.o)
                0x0000000000111704                decode_utf8
 .text.__appInit
                0x0000000000111840       0x30 C:/devkitPro/libctru/lib\libctru.a(appInit.o)
                0x0000000000111840                __appInit
 .text.__syscall_getreent
                0x0000000000111870       0x30 C:/devkitPro/libctru/lib\libctru.a(syscalls.o)
                0x0000000000111870                __syscall_getreent
 .text.__syscall_gettod_r
                0x00000000001118a0       0x74 C:/devkitPro/libctru/lib\libctru.a(syscalls.o)
                0x00000000001118a0                __syscall_gettod_r
 .text.__syscall_lock_acquire
                0x0000000000111914        0x4 C:/devkitPro/libctru/lib\libctru.a(syscalls.o)
                0x0000000000111914                __syscall_lock_acquire
 .text.__syscall_lock_release
                0x0000000000111918        0x4 C:/devkitPro/libctru/lib\libctru.a(syscalls.o)
                0x0000000000111918                __syscall_lock_release
 .text.__syscall_lock_init_recursive
                0x000000000011191c        0x4 C:/devkitPro/libctru/lib\libctru.a(syscalls.o)
                0x000000000011191c                __syscall_lock_init_recursive
 .text.__syscall_lock_acquire_recursive
                0x0000000000111920        0x4 C:/devkitPro/libctru/lib\libctru.a(syscalls.o)
                0x0000000000111920                __syscall_lock_acquire_recursive
 .text.__syscall_lock_release_recursive
                0x0000000000111924        0x4 C:/devkitPro/libctru/lib\libctru.a(syscalls.o)
                0x0000000000111924                __syscall_lock_release_recursive
 .text.__syscall_exit
                0x0000000000111928        0x4 C:/devkitPro/libctru/lib\libctru.a(syscalls.o)
                0x0000000000111928                __syscall_exit
 .text.initThreadVars
                0x000000000011192c       0x50 C:/devkitPro/libctru/lib\libctru.a(syscalls.o)
                0x000000000011192c                initThreadVars
 .text.__system_initSyscalls
                0x000000000011197c       0x68 C:/devkitPro/libctru/lib\libctru.a(syscalls.o)
                0x000000000011197c                __system_initSyscalls
 .text.__appExit
                0x00000000001119e4       0x30 C:/devkitPro/libctru/lib\libctru.a(appExit.o)
                0x00000000001119e4                __appExit
 .text.__libctru_exit
                0x0000000000111a14       0x90 C:/devkitPro/libctru/lib\libctru.a(ctru_exit.o)
                0x0000000000111a14                __libctru_exit
 .text.archive_link
                0x0000000000111aa4       0x14 C:/devkitPro/libctru/lib\libctru.a(archive_dev.o)
 .text.archive_dirreset
                0x0000000000111ab8       0x14 C:/devkitPro/libctru/lib\libctru.a(archive_dev.o)
 .text.archive_chmod
                0x0000000000111acc       0x14 C:/devkitPro/libctru/lib\libctru.a(archive_dev.o)
 .text.error_cmp
                0x0000000000111ae0       0x24 C:/devkitPro/libctru/lib\libctru.a(archive_dev.o)
 .text.archive_translate_error
                0x0000000000111b04       0x50 C:/devkitPro/libctru/lib\libctru.a(archive_dev.o)
 .text.archive_seek
                0x0000000000111b54       0xc8 C:/devkitPro/libctru/lib\libctru.a(archive_dev.o)
 .text._archiveInit.part.0
                0x0000000000111c1c       0x7c C:/devkitPro/libctru/lib\libctru.a(archive_dev.o)
 .text.archiveFindDevice.part.0
                0x0000000000111c98       0xc4 C:/devkitPro/libctru/lib\libctru.a(archive_dev.o)
 .text.archive_utf16path
                0x0000000000111d5c      0x25c C:/devkitPro/libctru/lib\libctru.a(archive_dev.o)
 .text._archiveUnmountDeviceStruct.part.0
                0x0000000000111fb8       0xa0 C:/devkitPro/libctru/lib\libctru.a(archive_dev.o)
 .text.archive_fchmod
                0x0000000000112058       0x14 C:/devkitPro/libctru/lib\libctru.a(archive_dev.o)
 .text.archive_statvfs
                0x000000000011206c       0x14 C:/devkitPro/libctru/lib\libctru.a(archive_dev.o)
 .text._archiveMountDevice
                0x0000000000112080      0x164 C:/devkitPro/libctru/lib\libctru.a(archive_dev.o)
 .text.archive_diropen
                0x00000000001121e4       0xe8 C:/devkitPro/libctru/lib\libctru.a(archive_dev.o)
 .text.archive_fstat
                0x00000000001122cc       0xa4 C:/devkitPro/libctru/lib\libctru.a(archive_dev.o)
 .text.archive_close
                0x0000000000112370       0x6c C:/devkitPro/libctru/lib\libctru.a(archive_dev.o)
 .text.archive_fsync
                0x00000000001123dc       0x6c C:/devkitPro/libctru/lib\libctru.a(archive_dev.o)
 .text.archive_dirclose
                0x0000000000112448       0x70 C:/devkitPro/libctru/lib\libctru.a(archive_dev.o)
 .text.sdmc_statvfs
                0x00000000001124b8       0xe8 C:/devkitPro/libctru/lib\libctru.a(archive_dev.o)
 .text.archive_chdir
                0x00000000001125a0       0xec C:/devkitPro/libctru/lib\libctru.a(archive_dev.o)
 .text.archive_ftruncate
                0x000000000011268c       0x7c C:/devkitPro/libctru/lib\libctru.a(archive_dev.o)
 .text.archive_read
                0x0000000000112708       0xac C:/devkitPro/libctru/lib\libctru.a(archive_dev.o)
 .text.archive_unlink
                0x00000000001127b4       0xa4 C:/devkitPro/libctru/lib\libctru.a(archive_dev.o)
 .text.archive_rmdir
                0x0000000000112858       0xbc C:/devkitPro/libctru/lib\libctru.a(archive_dev.o)
 .text.archive_mkdir
                0x0000000000112914       0xdc C:/devkitPro/libctru/lib\libctru.a(archive_dev.o)
 .text.archive_stat
                0x00000000001129f0      0x19c C:/devkitPro/libctru/lib\libctru.a(archive_dev.o)
 .text.archive_dirnext
                0x0000000000112b8c      0x15c C:/devkitPro/libctru/lib\libctru.a(archive_dev.o)
 .text.archive_write
                0x0000000000112ce8       0xec C:/devkitPro/libctru/lib\libctru.a(archive_dev.o)
 .text.archive_open
                0x0000000000112dd4      0x1d4 C:/devkitPro/libctru/lib\libctru.a(archive_dev.o)
 .text.archive_rename
                0x0000000000112fa8      0x278 C:/devkitPro/libctru/lib\libctru.a(archive_dev.o)
 .text.archiveMountSdmc
                0x0000000000113220      0x19c C:/devkitPro/libctru/lib\libctru.a(archive_dev.o)
                0x0000000000113220                archiveMountSdmc
 .text.archiveUnmountAll
                0x00000000001133bc       0x54 C:/devkitPro/libctru/lib\libctru.a(archive_dev.o)
                0x00000000001133bc                archiveUnmountAll
 .text.cosf     0x0000000000113410      0x22c c:/devkitpro/devkitarm/bin/../lib/gcc/arm-none-eabi/12.2.0/../../../../arm-none-eabi/lib/armv6k/fpu\libm.a(lib_a-cosf.o)
                0x0000000000113410                cosf
 .text.with_errnof
                0x000000000011363c       0x24 c:/devkitpro/devkitarm/bin/../lib/gcc/arm-none-eabi/12.2.0/../../../../arm-none-eabi/lib/armv6k/fpu\libm.a(lib_a-math_errf.o)
 .text.__math_invalidf
                0x0000000000113660       0x1c c:/devkitpro/devkitarm/bin/../lib/gcc/arm-none-eabi/12.2.0/../../../../arm-none-eabi/lib/armv6k/fpu\libm.a(lib_a-math_errf.o)
                0x0000000000113660                __math_invalidf
 *fill*         0x000000000011367c        0x4 
 .text.sinf     0x0000000000113680      0x24c c:/devkitpro/devkitarm/bin/../lib/gcc/arm-none-eabi/12.2.0/../../../../arm-none-eabi/lib/armv6k/fpu\libm.a(lib_a-sinf.o)
                0x0000000000113680                sinf
 .text.__udivmoddi4
                0x00000000001138cc      0x120 c:/devkitpro/devkitarm/bin/../lib/gcc/arm-none-eabi/12.2.0/armv6k/fpu\libgcc.a(_udivmoddi4.o)
                0x00000000001138cc                __udivmoddi4
 .text.bsearch  0x00000000001139ec       0x78 c:/devkitpro/devkitarm/bin/../lib/gcc/arm-none-eabi/12.2.0/../../../../arm-none-eabi/lib/armv6k/fpu\libg.a(lib_a-bsearch.o)
                0x00000000001139ec                bsearch
 .text.calloc   0x0000000000113a64       0x20 c:/devkitpro/devkitarm/bin/../lib/gcc/arm-none-eabi/12.2.0/../../../../arm-none-eabi/lib/armv6k/fpu\libg.a(lib_a-calloc.o)
                0x0000000000113a64                calloc
 .text._calloc_r
                0x0000000000113a84       0xc0 c:/devkitpro/devkitarm/bin/../lib/gcc/arm-none-eabi/12.2.0/../../../../arm-none-eabi/lib/armv6k/fpu\libg.a(lib_a-callocr.o)
                0x0000000000113a84                _calloc_r
 .text.__errno  0x0000000000113b44        0xc c:/devkitpro/devkitarm/bin/../lib/gcc/arm-none-eabi/12.2.0/../../../../arm-none-eabi/lib/armv6k/fpu\libg.a(lib_a-errno.o)
                0x0000000000113b44                __errno
 .text.exit     0x0000000000113b50       0x34 c:/devkitpro/devkitarm/bin/../lib/gcc/arm-none-eabi/12.2.0/../../../../arm-none-eabi/lib/armv6k/fpu\libg.a(lib_a-exit.o)
                0x0000000000113b50                exit
 .text._fclose_r
                0x0000000000113b84      0x15c c:/devkitpro/devkitarm/bin/../lib/gcc/arm-none-eabi/12.2.0/../../../../arm-none-eabi/lib/armv6k/fpu\libg.a(lib_a-fclose.o)
                0x0000000000113b84                _fclose_r
 .text.fclose   0x0000000000113ce0       0x18 c:/devkitpro/devkitarm/bin/../lib/gcc/arm-none-eabi/12.2.0/../../../../arm-none-eabi/lib/armv6k/fpu\libg.a(lib_a-fclose.o)
                0x0000000000113ce0                fclose
 .text.__sflush_r
                0x0000000000113cf8      0x234 c:/devkitpro/devkitarm/bin/../lib/gcc/arm-none-eabi/12.2.0/../../../../arm-none-eabi/lib/armv6k/fpu\libg.a(lib_a-fflush.o)
                0x0000000000113cf8                __sflush_r
 .text._fflush_r
                0x0000000000113f2c       0x94 c:/devkitpro/devkitarm/bin/../lib/gcc/arm-none-eabi/12.2.0/../../../../arm-none-eabi/lib/armv6k/fpu\libg.a(lib_a-fflush.o)
                0x0000000000113f2c                _fflush_r
 .text.fflush   0x0000000000113fc0       0x38 c:/devkitpro/devkitarm/bin/../lib/gcc/arm-none-eabi/12.2.0/../../../../arm-none-eabi/lib/armv6k/fpu\libg.a(lib_a-fflush.o)
                0x0000000000113fc0                fflush
 .text._cleanup_r
                0x0000000000113ff8        0xc c:/devkitpro/devkitarm/bin/../lib/gcc/arm-none-eabi/12.2.0/../../../../arm-none-eabi/lib/armv6k/fpu\libg.a(lib_a-findfp.o)
                0x0000000000113ff8                _cleanup_r
 .text.__sinit  0x0000000000114004      0x184 c:/devkitpro/devkitarm/bin/../lib/gcc/arm-none-eabi/12.2.0/../../../../arm-none-eabi/lib/armv6k/fpu\libg.a(lib_a-findfp.o)
                0x0000000000114004                __sinit
 .text.__sfp    0x0000000000114188      0x134 c:/devkitpro/devkitarm/bin/../lib/gcc/arm-none-eabi/12.2.0/../../../../arm-none-eabi/lib/armv6k/fpu\libg.a(lib_a-findfp.o)
                0x0000000000114188                __sfp
 .text.__sfp_lock_acquire
                0x00000000001142bc        0xc c:/devkitpro/devkitarm/bin/../lib/gcc/arm-none-eabi/12.2.0/../../../../arm-none-eabi/lib/armv6k/fpu\libg.a(lib_a-findfp.o)
                0x00000000001142bc                __sfp_lock_acquire
 .text.__sfp_lock_release
                0x00000000001142c8        0xc c:/devkitpro/devkitarm/bin/../lib/gcc/arm-none-eabi/12.2.0/../../../../arm-none-eabi/lib/armv6k/fpu\libg.a(lib_a-findfp.o)
                0x00000000001142c8                __sfp_lock_release
 .text.__libc_fini_array
                0x00000000001142d4       0x3c c:/devkitpro/devkitarm/bin/../lib/gcc/arm-none-eabi/12.2.0/../../../../arm-none-eabi/lib/armv6k/fpu\libg.a(lib_a-fini.o)
                0x00000000001142d4                __libc_fini_array
 .text._fopen_r
                0x0000000000114310      0x134 c:/devkitpro/devkitarm/bin/../lib/gcc/arm-none-eabi/12.2.0/../../../../arm-none-eabi/lib/armv6k/fpu\libg.a(lib_a-fopen.o)
                0x0000000000114310                _fopen_r
 .text.fopen    0x0000000000114444       0x20 c:/devkitpro/devkitarm/bin/../lib/gcc/arm-none-eabi/12.2.0/../../../../arm-none-eabi/lib/armv6k/fpu\libg.a(lib_a-fopen.o)
                0x0000000000114444                fopen
 .text._fread_r
                0x0000000000114464      0x2d0 c:/devkitpro/devkitarm/bin/../lib/gcc/arm-none-eabi/12.2.0/../../../../arm-none-eabi/lib/armv6k/fpu\libg.a(lib_a-fread.o)
                0x0000000000114464                _fread_r
 .text.fread    0x0000000000114734       0x38 c:/devkitpro/devkitarm/bin/../lib/gcc/arm-none-eabi/12.2.0/../../../../arm-none-eabi/lib/armv6k/fpu\libg.a(lib_a-fread.o)
                0x0000000000114734                fread
 .text._malloc_trim_r
                0x000000000011476c       0xf8 c:/devkitpro/devkitarm/bin/../lib/gcc/arm-none-eabi/12.2.0/../../../../arm-none-eabi/lib/armv6k/fpu\libg.a(lib_a-freer.o)
                0x000000000011476c                _malloc_trim_r
 .text._free_r  0x0000000000114864      0x2e8 c:/devkitpro/devkitarm/bin/../lib/gcc/arm-none-eabi/12.2.0/../../../../arm-none-eabi/lib/armv6k/fpu\libg.a(lib_a-freer.o)
                0x0000000000114864                _free_r
 .text._fseek_r
                0x0000000000114b4c       0x1c c:/devkitpro/devkitarm/bin/../lib/gcc/arm-none-eabi/12.2.0/../../../../arm-none-eabi/lib/armv6k/fpu\libg.a(lib_a-fseek.o)
                0x0000000000114b4c                _fseek_r
 .text._fseeko_r
                0x0000000000114b68      0x590 c:/devkitpro/devkitarm/bin/../lib/gcc/arm-none-eabi/12.2.0/../../../../arm-none-eabi/lib/armv6k/fpu\libg.a(lib_a-fseeko.o)
                0x0000000000114b68                _fseeko_r
 .text._fwalk   0x00000000001150f8       0x68 c:/devkitpro/devkitarm/bin/../lib/gcc/arm-none-eabi/12.2.0/../../../../arm-none-eabi/lib/armv6k/fpu\libg.a(lib_a-fwalk.o)
                0x00000000001150f8                _fwalk
 .text._fwalk_reent
                0x0000000000115160       0x70 c:/devkitpro/devkitarm/bin/../lib/gcc/arm-none-eabi/12.2.0/../../../../arm-none-eabi/lib/armv6k/fpu\libg.a(lib_a-fwalk.o)
                0x0000000000115160                _fwalk_reent
 .text.__libc_init_array
                0x00000000001151d0       0x84 c:/devkitpro/devkitarm/bin/../lib/gcc/arm-none-eabi/12.2.0/../../../../arm-none-eabi/lib/armv6k/fpu\libg.a(lib_a-init.o)
                0x00000000001151d0                __libc_init_array
 .text.__smakebuf_r
                0x0000000000115254      0x138 c:/devkitpro/devkitarm/bin/../lib/gcc/arm-none-eabi/12.2.0/../../../../arm-none-eabi/lib/armv6k/fpu\libg.a(lib_a-makebuf.o)
                0x0000000000115254                __smakebuf_r
 .text.__swhatbuf_r
                0x000000000011538c       0x8c c:/devkitpro/devkitarm/bin/../lib/gcc/arm-none-eabi/12.2.0/../../../../arm-none-eabi/lib/armv6k/fpu\libg.a(lib_a-makebuf.o)
                0x000000000011538c                __swhatbuf_r
 .text.memalign
                0x0000000000115418       0x20 c:/devkitpro/devkitarm/bin/../lib/gcc/arm-none-eabi/12.2.0/../../../../arm-none-eabi/lib/armv6k/fpu\libg.a(lib_a-malign.o)
                0x0000000000115418                memalign
 .text._memalign_r
                0x0000000000115438      0x14c c:/devkitpro/devkitarm/bin/../lib/gcc/arm-none-eabi/12.2.0/../../../../arm-none-eabi/lib/armv6k/fpu\libg.a(lib_a-malignr.o)
                0x0000000000115438                _memalign_r
 .text.malloc   0x0000000000115584       0x18 c:/devkitpro/devkitarm/bin/../lib/gcc/arm-none-eabi/12.2.0/../../../../arm-none-eabi/lib/armv6k/fpu\libg.a(lib_a-malloc.o)
                0x0000000000115584                malloc
 .text.free     0x000000000011559c       0x18 c:/devkitpro/devkitarm/bin/../lib/gcc/arm-none-eabi/12.2.0/../../../../arm-none-eabi/lib/armv6k/fpu\libg.a(lib_a-malloc.o)
                0x000000000011559c                free
 .text._malloc_r
                0x00000000001155b4      0x7e4 c:/devkitpro/devkitarm/bin/../lib/gcc/arm-none-eabi/12.2.0/../../../../arm-none-eabi/lib/armv6k/fpu\libg.a(lib_a-mallocr.o)
                0x00000000001155b4                _malloc_r
 .text.memchr   0x0000000000115d98       0xe4 c:/devkitpro/devkitarm/bin/../lib/gcc/arm-none-eabi/12.2.0/../../../../arm-none-eabi/lib/armv6k/fpu\libg.a(lib_a-memchr-stub.o)
                0x0000000000115d98                memchr
 .text.memcmp   0x0000000000115e7c       0xb0 c:/devkitpro/devkitarm/bin/../lib/gcc/arm-none-eabi/12.2.0/../../../../arm-none-eabi/lib/armv6k/fpu\libg.a(lib_a-memcmp.o)
                0x0000000000115e7c                memcmp
 .text.memcpy   0x0000000000115f2c      0x118 c:/devkitpro/devkitarm/bin/../lib/gcc/arm-none-eabi/12.2.0/../../../../arm-none-eabi/lib/armv6k/fpu\libg.a(lib_a-memcpy-stub.o)
                0x0000000000115f2c                memcpy
 .text.memset   0x0000000000116044       0xf4 c:/devkitpro/devkitarm/bin/../lib/gcc/arm-none-eabi/12.2.0/../../../../arm-none-eabi/lib/armv6k/fpu\libg.a(lib_a-memset.o)
                0x0000000000116044                memset
 .text.__malloc_lock
                0x0000000000116138        0xc c:/devkitpro/devkitarm/bin/../lib/gcc/arm-none-eabi/12.2.0/../../../../arm-none-eabi/lib/armv6k/fpu\libg.a(lib_a-mlock.o)
                0x0000000000116138                __malloc_lock
 .text.__malloc_unlock
                0x0000000000116144        0xc c:/devkitpro/devkitarm/bin/../lib/gcc/arm-none-eabi/12.2.0/../../../../arm-none-eabi/lib/armv6k/fpu\libg.a(lib_a-mlock.o)
                0x0000000000116144                __malloc_unlock
 .text.printf   0x0000000000116150       0x34 c:/devkitpro/devkitarm/bin/../lib/gcc/arm-none-eabi/12.2.0/../../../../arm-none-eabi/lib/armv6k/fpu\libg.a(lib_a-printf.o)
                0x0000000000116150                printf
 .text.srand    0x0000000000116184       0x1c c:/devkitpro/devkitarm/bin/../lib/gcc/arm-none-eabi/12.2.0/../../../../arm-none-eabi/lib/armv6k/fpu\libg.a(lib_a-rand.o)
                0x0000000000116184                srand
 .text.rand     0x00000000001161a0       0x44 c:/devkitpro/devkitarm/bin/../lib/gcc/arm-none-eabi/12.2.0/../../../../arm-none-eabi/lib/armv6k/fpu\libg.a(lib_a-rand.o)
                0x00000000001161a0                rand
 .text.lflush   0x00000000001161e4       0x1c c:/devkitpro/devkitarm/bin/../lib/gcc/arm-none-eabi/12.2.0/../../../../arm-none-eabi/lib/armv6k/fpu\libg.a(lib_a-refill.o)
 .text.__srefill_r
                0x0000000000116200      0x198 c:/devkitpro/devkitarm/bin/../lib/gcc/arm-none-eabi/12.2.0/../../../../arm-none-eabi/lib/armv6k/fpu\libg.a(lib_a-refill.o)
                0x0000000000116200                __srefill_r
 .text.setvbuf  0x0000000000116398      0x25c c:/devkitpro/devkitarm/bin/../lib/gcc/arm-none-eabi/12.2.0/../../../../arm-none-eabi/lib/armv6k/fpu\libg.a(lib_a-setvbuf.o)
                0x0000000000116398                setvbuf
 .text.sscanf   0x00000000001165f4       0x74 c:/devkitpro/devkitarm/bin/../lib/gcc/arm-none-eabi/12.2.0/../../../../arm-none-eabi/lib/armv6k/fpu\libg.a(lib_a-sscanf.o)
                0x00000000001165f4                sscanf
 .text.__sread  0x0000000000116668       0x44 c:/devkitpro/devkitarm/bin/../lib/gcc/arm-none-eabi/12.2.0/../../../../arm-none-eabi/lib/armv6k/fpu\libg.a(lib_a-stdio.o)
                0x0000000000116668                __sread
 .text.__seofread
                0x00000000001166ac        0x8 c:/devkitpro/devkitarm/bin/../lib/gcc/arm-none-eabi/12.2.0/../../../../arm-none-eabi/lib/armv6k/fpu\libg.a(lib_a-stdio.o)
                0x00000000001166ac                __seofread
 .text.__swrite
                0x00000000001166b4       0x68 c:/devkitpro/devkitarm/bin/../lib/gcc/arm-none-eabi/12.2.0/../../../../arm-none-eabi/lib/armv6k/fpu\libg.a(lib_a-stdio.o)
                0x00000000001166b4                __swrite
 .text.__sseek  0x000000000011671c       0x44 c:/devkitpro/devkitarm/bin/../lib/gcc/arm-none-eabi/12.2.0/../../../../arm-none-eabi/lib/armv6k/fpu\libg.a(lib_a-stdio.o)
                0x000000000011671c                __sseek
 .text.__sclose
                0x0000000000116760        0x8 c:/devkitpro/devkitarm/bin/../lib/gcc/arm-none-eabi/12.2.0/../../../../arm-none-eabi/lib/armv6k/fpu\libg.a(lib_a-stdio.o)
                0x0000000000116760                __sclose
 .text.strchr   0x0000000000116768      0x130 c:/devkitpro/devkitarm/bin/../lib/gcc/arm-none-eabi/12.2.0/../../../../arm-none-eabi/lib/armv6k/fpu\libg.a(lib_a-strchr.o)
                0x0000000000116768                strchr
 .text.strlen   0x0000000000116898       0x5c c:/devkitpro/devkitarm/bin/../lib/gcc/arm-none-eabi/12.2.0/../../../../arm-none-eabi/lib/armv6k/fpu\libg.a(lib_a-strlen-stub.o)
                0x0000000000116898                strlen
 .text.strncat  0x00000000001168f4       0xe4 c:/devkitpro/devkitarm/bin/../lib/gcc/arm-none-eabi/12.2.0/../../../../arm-none-eabi/lib/armv6k/fpu\libg.a(lib_a-strncat.o)
                0x00000000001168f4                strncat
 .text.strncmp  0x00000000001169d8       0xe4 c:/devkitpro/devkitarm/bin/../lib/gcc/arm-none-eabi/12.2.0/../../../../arm-none-eabi/lib/armv6k/fpu\libg.a(lib_a-strncmp.o)
                0x00000000001169d8                strncmp
 .text.strncpy  0x0000000000116abc       0xc4 c:/devkitpro/devkitarm/bin/../lib/gcc/arm-none-eabi/12.2.0/../../../../arm-none-eabi/lib/armv6k/fpu\libg.a(lib_a-strncpy.o)
                0x0000000000116abc                strncpy
 .text.strnlen  0x0000000000116b80       0x48 c:/devkitpro/devkitarm/bin/../lib/gcc/arm-none-eabi/12.2.0/../../../../arm-none-eabi/lib/armv6k/fpu\libg.a(lib_a-strnlen.o)
                0x0000000000116b80                strnlen
 .text._strtoul_l.constprop.0
                0x0000000000116bc8      0x1c4 c:/devkitpro/devkitarm/bin/../lib/gcc/arm-none-eabi/12.2.0/../../../../arm-none-eabi/lib/armv6k/fpu\libg.a(lib_a-strtoul.o)
 .text._strtoul_r
                0x0000000000116d8c        0x4 c:/devkitpro/devkitarm/bin/../lib/gcc/arm-none-eabi/12.2.0/../../../../arm-none-eabi/lib/armv6k/fpu\libg.a(lib_a-strtoul.o)
                0x0000000000116d8c                _strtoul_r
 .text.strtoul  0x0000000000116d90       0x28 c:/devkitpro/devkitarm/bin/../lib/gcc/arm-none-eabi/12.2.0/../../../../arm-none-eabi/lib/armv6k/fpu\libg.a(lib_a-strtoul.o)
                0x0000000000116d90                strtoul
 .text.get_arg  0x0000000000116db8       0x50 c:/devkitpro/devkitarm/bin/../lib/gcc/arm-none-eabi/12.2.0/../../../../arm-none-eabi/lib/armv6k/fpu\libg.a(lib_a-svfscanf.o)
 .text.__ssvfscanf_r
                0x0000000000116e08     0x2c38 c:/devkitpro/devkitarm/bin/../lib/gcc/arm-none-eabi/12.2.0/../../../../arm-none-eabi/lib/armv6k/fpu\libg.a(lib_a-svfscanf.o)
                0x0000000000116e08                __ssvfscanf_r
 .text.time     0x0000000000119a40       0x3c c:/devkitpro/devkitarm/bin/../lib/gcc/arm-none-eabi/12.2.0/../../../../arm-none-eabi/lib/armv6k/fpu\libg.a(lib_a-time.o)
                0x0000000000119a40                time
 .text.get_arg  0x0000000000119a7c      0x66c c:/devkitpro/devkitarm/bin/../lib/gcc/arm-none-eabi/12.2.0/../../../../arm-none-eabi/lib/armv6k/fpu\libg.a(lib_a-vfprintf.o)
 .text._vfprintf_r
                0x000000000011a0e8     0x339c c:/devkitpro/devkitarm/bin/../lib/gcc/arm-none-eabi/12.2.0/../../../../arm-none-eabi/lib/armv6k/fpu\libg.a(lib_a-vfprintf.o)
                0x000000000011a0e8                _vfprintf_r
 .text.__sbprintf
                0x000000000011d484       0xd0 c:/devkitpro/devkitarm/bin/../lib/gcc/arm-none-eabi/12.2.0/../../../../arm-none-eabi/lib/armv6k/fpu\libg.a(lib_a-vfprintf.o)
 .text._wcrtomb_r
                0x000000000011d554       0x54 c:/devkitpro/devkitarm/bin/../lib/gcc/arm-none-eabi/12.2.0/../../../../arm-none-eabi/lib/armv6k/fpu\libg.a(lib_a-wcrtomb.o)
                0x000000000011d554                _wcrtomb_r
 .text._wcsrtombs_r
                0x000000000011d5a8       0x28 c:/devkitpro/devkitarm/bin/../lib/gcc/arm-none-eabi/12.2.0/../../../../arm-none-eabi/lib/armv6k/fpu\libg.a(lib_a-wcsrtombs.o)
                0x000000000011d5a8                _wcsrtombs_r
 .text.__swsetup_r
                0x000000000011d5d0      0x13c c:/devkitpro/devkitarm/bin/../lib/gcc/arm-none-eabi/12.2.0/../../../../arm-none-eabi/lib/armv6k/fpu\libg.a(lib_a-wsetup.o)
                0x000000000011d5d0                __swsetup_r
 .text.__call_exitprocs
                0x000000000011d70c      0x114 c:/devkitpro/devkitarm/bin/../lib/gcc/arm-none-eabi/12.2.0/../../../../arm-none-eabi/lib/armv6k/fpu\libg.a(lib_a-__call_atexit.o)
                0x000000000011d70c                __call_exitprocs
 .text.quorem   0x000000000011d820      0x1b0 c:/devkitpro/devkitarm/bin/../lib/gcc/arm-none-eabi/12.2.0/../../../../arm-none-eabi/lib/armv6k/fpu\libg.a(lib_a-dtoa.o)
 .text._dtoa_r  0x000000000011d9d0     0x11f8 c:/devkitpro/devkitarm/bin/../lib/gcc/arm-none-eabi/12.2.0/../../../../arm-none-eabi/lib/armv6k/fpu\libg.a(lib_a-dtoa.o)
                0x000000000011d9d0                _dtoa_r
 .text.__sflags
                0x000000000011ebc8       0xc8 c:/devkitpro/devkitarm/bin/../lib/gcc/arm-none-eabi/12.2.0/../../../../arm-none-eabi/lib/armv6k/fpu\libg.a(lib_a-flags.o)
                0x000000000011ebc8                __sflags
 .text.iswspace
                0x000000000011ec90        0x8 c:/devkitpro/devkitarm/bin/../lib/gcc/arm-none-eabi/12.2.0/../../../../arm-none-eabi/lib/armv6k/fpu\libg.a(lib_a-iswspace.o)
                0x000000000011ec90                iswspace
 .text._localeconv_r
                0x000000000011ec98        0xc c:/devkitpro/devkitarm/bin/../lib/gcc/arm-none-eabi/12.2.0/../../../../arm-none-eabi/lib/armv6k/fpu\libg.a(lib_a-localeconv.o)
                0x000000000011ec98                _localeconv_r
 .text.__locale_mb_cur_max
                0x000000000011eca4       0x10 c:/devkitpro/devkitarm/bin/../lib/gcc/arm-none-eabi/12.2.0/../../../../arm-none-eabi/lib/armv6k/fpu\libg.a(lib_a-locale.o)
                0x000000000011eca4                __locale_mb_cur_max
 .text._mbrtowc_r
                0x000000000011ecb4       0x68 c:/devkitpro/devkitarm/bin/../lib/gcc/arm-none-eabi/12.2.0/../../../../arm-none-eabi/lib/armv6k/fpu\libg.a(lib_a-mbrtowc.o)
                0x000000000011ecb4                _mbrtowc_r
 .text.__utf8_mbtowc
                0x000000000011ed1c      0x2f8 c:/devkitpro/devkitarm/bin/../lib/gcc/arm-none-eabi/12.2.0/../../../../arm-none-eabi/lib/armv6k/fpu\libg.a(lib_a-mbtowc_r.o)
                0x000000000011ed1c                __utf8_mbtowc
 .text._Balloc  0x000000000011f014       0x88 c:/devkitpro/devkitarm/bin/../lib/gcc/arm-none-eabi/12.2.0/../../../../arm-none-eabi/lib/armv6k/fpu\libg.a(lib_a-mprec.o)
                0x000000000011f014                _Balloc
 .text._Bfree   0x000000000011f09c       0x1c c:/devkitpro/devkitarm/bin/../lib/gcc/arm-none-eabi/12.2.0/../../../../arm-none-eabi/lib/armv6k/fpu\libg.a(lib_a-mprec.o)
                0x000000000011f09c                _Bfree
 .text.__multadd
                0x000000000011f0b8       0xf4 c:/devkitpro/devkitarm/bin/../lib/gcc/arm-none-eabi/12.2.0/../../../../arm-none-eabi/lib/armv6k/fpu\libg.a(lib_a-mprec.o)
                0x000000000011f0b8                __multadd
 .text.__s2b    0x000000000011f1ac      0x110 c:/devkitpro/devkitarm/bin/../lib/gcc/arm-none-eabi/12.2.0/../../../../arm-none-eabi/lib/armv6k/fpu\libg.a(lib_a-mprec.o)
                0x000000000011f1ac                __s2b
 .text.__hi0bits
                0x000000000011f2bc       0x60 c:/devkitpro/devkitarm/bin/../lib/gcc/arm-none-eabi/12.2.0/../../../../arm-none-eabi/lib/armv6k/fpu\libg.a(lib_a-mprec.o)
                0x000000000011f2bc                __hi0bits
 .text.__lo0bits
                0x000000000011f31c       0x9c c:/devkitpro/devkitarm/bin/../lib/gcc/arm-none-eabi/12.2.0/../../../../arm-none-eabi/lib/armv6k/fpu\libg.a(lib_a-mprec.o)
                0x000000000011f31c                __lo0bits
 .text.__i2b    0x000000000011f3b8       0xa8 c:/devkitpro/devkitarm/bin/../lib/gcc/arm-none-eabi/12.2.0/../../../../arm-none-eabi/lib/armv6k/fpu\libg.a(lib_a-mprec.o)
                0x000000000011f3b8                __i2b
 .text.__multiply
                0x000000000011f460      0x204 c:/devkitpro/devkitarm/bin/../lib/gcc/arm-none-eabi/12.2.0/../../../../arm-none-eabi/lib/armv6k/fpu\libg.a(lib_a-mprec.o)
                0x000000000011f460                __multiply
 .text.__pow5mult
                0x000000000011f664      0x124 c:/devkitpro/devkitarm/bin/../lib/gcc/arm-none-eabi/12.2.0/../../../../arm-none-eabi/lib/armv6k/fpu\libg.a(lib_a-mprec.o)
                0x000000000011f664                __pow5mult
 .text.__lshift
                0x000000000011f788      0x140 c:/devkitpro/devkitarm/bin/../lib/gcc/arm-none-eabi/12.2.0/../../../../arm-none-eabi/lib/armv6k/fpu\libg.a(lib_a-mprec.o)
                0x000000000011f788                __lshift
 .text.__mcmp   0x000000000011f8c8       0x58 c:/devkitpro/devkitarm/bin/../lib/gcc/arm-none-eabi/12.2.0/../../../../arm-none-eabi/lib/armv6k/fpu\libg.a(lib_a-mprec.o)
                0x000000000011f8c8                __mcmp
 .text.__mdiff  0x000000000011f920      0x1ec c:/devkitpro/devkitarm/bin/../lib/gcc/arm-none-eabi/12.2.0/../../../../arm-none-eabi/lib/armv6k/fpu\libg.a(lib_a-mprec.o)
                0x000000000011f920                __mdiff
 .text.__ulp    0x000000000011fb0c       0x68 c:/devkitpro/devkitarm/bin/../lib/gcc/arm-none-eabi/12.2.0/../../../../arm-none-eabi/lib/armv6k/fpu\libg.a(lib_a-mprec.o)
                0x000000000011fb0c                __ulp
 .text.__b2d    0x000000000011fb74       0xd0 c:/devkitpro/devkitarm/bin/../lib/gcc/arm-none-eabi/12.2.0/../../../../arm-none-eabi/lib/armv6k/fpu\libg.a(lib_a-mprec.o)
                0x000000000011fb74                __b2d
 .text.__d2b    0x000000000011fc44      0x120 c:/devkitpro/devkitarm/bin/../lib/gcc/arm-none-eabi/12.2.0/../../../../arm-none-eabi/lib/armv6k/fpu\libg.a(lib_a-mprec.o)
                0x000000000011fc44                __d2b
 .text.__ratio  0x000000000011fd64       0x78 c:/devkitpro/devkitarm/bin/../lib/gcc/arm-none-eabi/12.2.0/../../../../arm-none-eabi/lib/armv6k/fpu\libg.a(lib_a-mprec.o)
                0x000000000011fd64                __ratio
 .text.__copybits
                0x000000000011fddc       0x88 c:/devkitpro/devkitarm/bin/../lib/gcc/arm-none-eabi/12.2.0/../../../../arm-none-eabi/lib/armv6k/fpu\libg.a(lib_a-mprec.o)
                0x000000000011fddc                __copybits
 .text.__any_on
                0x000000000011fe64       0x5c c:/devkitpro/devkitarm/bin/../lib/gcc/arm-none-eabi/12.2.0/../../../../arm-none-eabi/lib/armv6k/fpu\libg.a(lib_a-mprec.o)
                0x000000000011fe64                __any_on
 .text.realloc  0x000000000011fec0       0x20 c:/devkitpro/devkitarm/bin/../lib/gcc/arm-none-eabi/12.2.0/../../../../arm-none-eabi/lib/armv6k/fpu\libg.a(lib_a-realloc.o)