Archive member included to satisfy reference by file (symbol)

C:/devkitPro/libctru/lib\libcitro2d.a(base.o)
                              main.o (C2D_Init)
C:/devkitPro/libctru/lib\libcitro2d.a(spritesheet.o)
                              main.o (C2D_SpriteSheetLoad)
C:/devkitPro/libctru/lib\libcitro2d.a(render2d.shbin.o)
                              C:/devkitPro/libctru/lib\libcitro2d.a(base.o) (render2d_shbin)
C:/devkitPro/libctru/lib\libcitro3d.a(base.o)
                              main.o (C3D_Init)
C:/devkitPro/libctru/lib\libcitro3d.a(renderqueue.o)
                              C:/devkitPro/libctru/lib\libcitro3d.a(base.o) (C3Di_RenderQueueEnableVBlank)
C:/devkitPro/libctru/lib\libcitro3d.a(texture.o)
                              C:/devkitPro/libctru/lib\libcitro2d.a(base.o) (C3D_TexBind)
C:/devkitPro/libctru/lib\libcitro3d.a(tex3ds.o)
                              C:/devkitPro/libctru/lib\libcitro2d.a(spritesheet.o) (Tex3DS_TextureImport)
C:/devkitPro/libctru/lib\libcitro3d.a(framebuffer.o)
                              C:/devkitPro/libctru/lib\libcitro3d.a(renderqueue.o) (C3D_CalcColorBufSize)
C:/devkitPro/libctru/lib\libcitro3d.a(texenv.o)
                              C:/devkitPro/libctru/lib\libcitro2d.a(base.o) (C3D_GetTexEnv)
C:/devkitPro/libctru/lib\libcitro3d.a(drawElements.o)
                              C:/devkitPro/libctru/lib\libcitro2d.a(base.o) (C3D_DrawElements)
C:/devkitPro/libctru/lib\libcitro3d.a(proctex.o)
                              C:/devkitPro/libctru/lib\libcitro2d.a(base.o) (C3D_ProcTexInit)
C:/devkitPro/libctru/lib\libcitro3d.a(buffers.o)
                              C:/devkitPro/libctru/lib\libcitro2d.a(base.o) (BufInfo_Init)
C:/devkitPro/libctru/lib\libcitro3d.a(effect.o)
                              C:/devkitPro/libctru/lib\libcitro3d.a(base.o) (C3D_DepthMap)
C:/devkitPro/libctru/lib\libcitro3d.a(attribs.o)
                              C:/devkitPro/libctru/lib\libcitro2d.a(base.o) (AttrInfo_Init)
C:/devkitPro/libctru/lib\libcitro3d.a(immediate.o)
                              C:/devkitPro/libctru/lib\libcitro3d.a(base.o) (C3D_ImmSendAttrib)
C:/devkitPro/libctru/lib\libcitro3d.a(uniforms.o)
                              C:/devkitPro/libctru/lib\libcitro3d.a(base.o) (C3D_UpdateUniforms)
C:/devkitPro/libctru/lib\libcitro3d.a(mtx_ortho.o)
                              C:/devkitPro/libctru/lib\libcitro2d.a(base.o) (Mtx_Ortho)
C:/devkitPro/libctru/lib\libcitro3d.a(mtx_scale.o)
                              C:/devkitPro/libctru/lib\libcitro2d.a(base.o) (Mtx_Scale)
C:/devkitPro/libctru/lib\libcitro3d.a(mtx_multiply.o)
                              C:/devkitPro/libctru/lib\libcitro2d.a(base.o) (Mtx_Multiply)
C:/devkitPro/libctru/lib\libcitro3d.a(mtx_orthotilt.o)
                              C:/devkitPro/libctru/lib\libcitro2d.a(base.o) (Mtx_OrthoTilt)
C:/devkitPro/libctru/lib\libcitro3d.a(mtx_translate.o)
                              C:/devkitPro/libctru/lib\libcitro2d.a(base.o) (Mtx_Translate)
C:/devkitPro/libctru/lib\libcitro3d.a(mtx_rotatez.o)
                              C:/devkitPro/libctru/lib\libcitro2d.a(base.o) (Mtx_RotateZ)
C:/devkitPro/libctru/lib\libctru.a(vram.o)
                              C:/devkitPro/libctru/lib\libcitro3d.a(renderqueue.o) (vramAlloc)
C:/devkitPro/libctru/lib\libctru.a(linear.o)
                              C:/devkitPro/libctru/lib\libcitro2d.a(base.o) (linearAlloc)
C:/devkitPro/libctru/lib\libctru.a(mem_pool.o)
                              C:/devkitPro/libctru/lib\libctru.a(vram.o) (MemPool::Allocate(MemChunk&, unsigned long, int))
C:/devkitPro/libctru/lib\libctru.a(romfs_dev.o)
                              main.o (romfsMountSelf)
C:/devkitPro/libctru/lib\libctru.a(os.o)
                              C:/devkitPro/libctru/lib\libcitro3d.a(texture.o) (osConvertVirtToPhys)
C:/devkitPro/libctru/lib\libctru.a(console.o)
                              main.o (consoleInit)
C:/devkitPro/libctru/lib\libctru.a(path_buf.o)
                              C:/devkitPro/libctru/lib\libctru.a(romfs_dev.o) (__ctru_dev_utf16_buf)
C:/devkitPro/libctru/lib\libctru.a(gfx.o)
                              C:/devkitPro/libctru/lib\libcitro2d.a(base.o) (gfxIsWide)
C:/devkitPro/libctru/lib\libctru.a(shaderProgram.o)
                              C:/devkitPro/libctru/lib\libcitro2d.a(base.o) (shaderInstanceGetUniformLocation)
C:/devkitPro/libctru/lib\libctru.a(shbin.o)
                              C:/devkitPro/libctru/lib\libcitro2d.a(base.o) (DVLB_ParseFile)
C:/devkitPro/libctru/lib\libctru.a(gx.o)
                              C:/devkitPro/libctru/lib\libcitro3d.a(renderqueue.o) (GX_BindQueue)
C:/devkitPro/libctru/lib\libctru.a(gxqueue.o)
                              C:/devkitPro/libctru/lib\libcitro3d.a(renderqueue.o) (gxCmdQueueClear)
C:/devkitPro/libctru/lib\libctru.a(gpu.o)
                              C:/devkitPro/libctru/lib\libcitro3d.a(base.o) (gpuCmdBufOffset)
C:/devkitPro/libctru/lib\libctru.a(gspgpu.o)
[...]
Memory Configuration

Name             Origin             Length             Attributes
*default*        0x0000000000000000 0xffffffffffffffff

Linker script and memory map

                0x0000000000100000                PROVIDE (__start__ = 0x100000)
                0x0000000000100000                . = __start__

.text           0x0000000000100000    0x29e08
 *(.crt0)
 .crt0          0x0000000000100000       0x94 c:/devkitpro/devkitarm/bin/../lib/gcc/arm-none-eabi/12.2.0/../../../../arm-none-eabi/lib/armv6k/fpu/3dsx_crt0.o
                0x0000000000100000                _start
                0x0000000000100008                __service_ptr
                0x000000000010000c                __apt_appid
                0x0000000000100010                __heap_size
                0x0000000000100014                __linear_heap_size
                0x0000000000100018                __system_arglist
                0x000000000010001c                __system_runflags
 *(.init)
 .init          0x0000000000100094        0xc c:/devkitpro/devkitarm/bin/../lib/gcc/arm-none-eabi/12.2.0/armv6k/fpu/crti.o
                0x0000000000100094                _init
 .init          0x00000000001000a0        0xc c:/devkitpro/devkitarm/bin/../lib/gcc/arm-none-eabi/12.2.0/armv6k/fpu/crtn.o
                0x00000000001000ac                . = ALIGN (0x4)
 *(.text)
 .text          0x00000000001000ac      0x20c c:/devkitpro/devkitarm/bin/../lib/gcc/arm-none-eabi/12.2.0/armv6k/fpu\libgcc.a(_udivsi3.o)
                0x00000000001000ac                __aeabi_uidiv
                0x00000000001000ac                __udivsi3
                0x0000000000100298                __aeabi_uidivmod
 .text          0x00000000001002b8      0x240 c:/devkitpro/devkitarm/bin/../lib/gcc/arm-none-eabi/12.2.0/armv6k/fpu\libgcc.a(_divsi3.o)
                0x00000000001002b8                __divsi3
                0x00000000001002b8                __aeabi_idiv
                0x00000000001004d8                __aeabi_idivmod
 .text          0x00000000001004f8        0x4 c:/devkitpro/devkitarm/bin/../lib/gcc/arm-none-eabi/12.2.0/armv6k/fpu\libgcc.a(_dvmd_tls.o)
                0x00000000001004f8                __aeabi_idiv0
                0x00000000001004f8                __aeabi_ldiv0
 .text          0x00000000001004fc      0x3c0 c:/devkitpro/devkitarm/bin/../lib/gcc/arm-none-eabi/12.2.0/armv6k/fpu\libgcc.a(_arm_addsubdf3.o)
                0x00000000001004fc                __aeabi_drsub
                0x0000000000100504                __aeabi_dsub
                0x0000000000100504                __subdf3
                0x0000000000100508                __aeabi_dadd
                0x0000000000100508                __adddf3
                0x00000000001007b4                __floatunsidf
                0x00000000001007b4                __aeabi_ui2d
                0x00000000001007d8                __floatsidf
                0x00000000001007d8                __aeabi_i2d
                0x0000000000100800                __aeabi_f2d
                0x0000000000100800                __extendsfdf2
                0x0000000000100848                __floatundidf
                0x0000000000100848                __aeabi_ul2d
                0x000000000010085c                __floatdidf
                0x000000000010085c                __aeabi_l2d
 .text          0x00000000001008bc       0xd4 c:/devkitpro/devkitarm/bin/../lib/gcc/arm-none-eabi/12.2.0/armv6k/fpu\libgcc.a(_aeabi_ldivmod.o)
                0x00000000001008bc                __aeabi_ldivmod
 .text          0x0000000000100990       0x3c c:/devkitpro/devkitarm/bin/../lib/gcc/arm-none-eabi/12.2.0/armv6k/fpu\libgcc.a(_aeabi_uldivmod.o)
                0x0000000000100990                __aeabi_uldivmod
 *fill*         0x00000000001009cc       0x14 
 .text          0x00000000001009e0      0x390 c:/devkitpro/devkitarm/bin/../lib/gcc/arm-none-eabi/12.2.0/../../../../arm-none-eabi/lib/armv6k/fpu\libg.a(lib_a-strcmp.o)
                0x00000000001009e8                strcmp
 *(.text.*)
 .text.__do_global_dtors_aux
                0x0000000000100d70       0x40 c:/devkitpro/devkitarm/bin/../lib/gcc/arm-none-eabi/12.2.0/armv6k/fpu/crtbegin.o
 .text.frame_dummy
                0x0000000000100db0       0x2c c:/devkitpro/devkitarm/bin/../lib/gcc/arm-none-eabi/12.2.0/armv6k/fpu/crtbegin.o
 *fill*         0x0000000000100ddc        0x4 
 .text.initialize_object
                0x0000000000100de0      0x1c0 main.o
                0x0000000000100de0                initialize_object
 .text.startup.main
                0x0000000000100fa0      0x1dc main.o
                0x0000000000100fa0                main
 .text.C2Di_FrameEndHook
                0x000000000010117c       0x44 C:/devkitPro/libctru/lib\libcitro2d.a(base.o)
 .text.C2D_Init
                0x00000000001011c0      0x36c C:/devkitPro/libctru/lib\libcitro2d.a(base.o)
                0x00000000001011c0                C2D_Init
 .text.C2D_Fini
                0x000000000010152c       0x4c C:/devkitPro/libctru/lib\libcitro2d.a(base.o)
                0x000000000010152c                C2D_Fini
 .text.C2D_Prepare
                0x0000000000101578       0xb8 C:/devkitPro/libctru/lib\libcitro2d.a(base.o)
                0x0000000000101578                C2D_Prepare
 .text.C2D_Flush
                0x0000000000101630       0x48 C:/devkitPro/libctru/lib\libcitro2d.a(base.o)
                0x0000000000101630                C2D_Flush
 .text.C2D_SceneSize
                0x0000000000101678      0x104 C:/devkitPro/libctru/lib\libcitro2d.a(base.o)
                0x0000000000101678                C2D_SceneSize
 .text.C2D_CreateScreenTarget
                0x000000000010177c       0x58 C:/devkitPro/libctru/lib\libcitro2d.a(base.o)
                0x000000000010177c                C2D_CreateScreenTarget
 .text.C2D_TargetClear
                0x00000000001017d4       0x64 C:/devkitPro/libctru/lib\libcitro2d.a(base.o)
                0x00000000001017d4                C2D_TargetClear
 .text.C2D_SpriteSheetLoadFromHandle
                0x0000000000101838       0x6c C:/devkitPro/libctru/lib\libcitro2d.a(spritesheet.o)
                0x0000000000101838                C2D_SpriteSheetLoadFromHandle
 .text.C2D_SpriteSheetLoad
                0x00000000001018a4       0x48 C:/devkitPro/libctru/lib\libcitro2d.a(spritesheet.o)
                0x00000000001018a4                C2D_SpriteSheetLoad
 .text.C2D_SpriteSheetFree
                0x00000000001018ec       0x28 C:/devkitPro/libctru/lib\libcitro2d.a(spritesheet.o)
                0x00000000001018ec                C2D_SpriteSheetFree
 .text.C2D_SpriteSheetCount
                0x0000000000101914        0x8 C:/devkitPro/libctru/lib\libcitro2d.a(spritesheet.o)
                0x0000000000101914                C2D_SpriteSheetCount
 .text.C2D_SpriteSheetGetImage
                0x000000000010191c       0x2c C:/devkitPro/libctru/lib\libcitro2d.a(spritesheet.o)
                0x000000000010191c                C2D_SpriteSheetGetImage
 .text.C3Di_LightEnvUpdate
                0x0000000000101948        0x4 C:/devkitPro/libctru/lib\libcitro3d.a(base.o)
                0x0000000000101948                C3Di_LightEnvUpdate
 .text.C3Di_LightEnvDirty
                0x000000000010194c        0x4 C:/devkitPro/libctru/lib\libcitro3d.a(base.o)
                0x000000000010194c                C3Di_LightEnvDirty
 .text.C3Di_AptEventHook
                0x0000000000101950       0xb4 C:/devkitPro/libctru/lib\libcitro3d.a(base.o)
 .text.C3Di_GasUpdate
                0x0000000000101a04        0x4 C:/devkitPro/libctru/lib\libcitro3d.a(base.o)
                0x0000000000101a04                C3Di_GasUpdate
 .text.C3D_Init
                0x0000000000101a08      0x1e0 C:/devkitPro/libctru/lib\libcitro3d.a(base.o)
                0x0000000000101a08                C3D_Init
 .text.C3D_SetViewport
                0x0000000000101be8       0x98 C:/devkitPro/libctru/lib\libcitro3d.a(base.o)
                0x0000000000101be8                C3D_SetViewport
 .text.C3Di_UpdateContext
                0x0000000000101c80      0x4e8 C:/devkitPro/libctru/lib\libcitro3d.a(base.o)
                0x0000000000101c80                C3Di_UpdateContext
 .text.C3Di_SplitFrame
                0x0000000000102168       0xe0 C:/devkitPro/libctru/lib\libcitro3d.a(base.o)
                0x0000000000102168                C3Di_SplitFrame
 .text.C3D_GetCmdBufUsage
                0x0000000000102248       0x10 C:/devkitPro/libctru/lib\libcitro3d.a(base.o)
                0x0000000000102248                C3D_GetCmdBufUsage
 .text.C3D_Fini
                0x0000000000102258       0x44 C:/devkitPro/libctru/lib\libcitro3d.a(base.o)
                0x0000000000102258                C3D_Fini
 .text.C3D_BindProgram
                0x000000000010229c      0x114 C:/devkitPro/libctru/lib\libcitro3d.a(base.o)
                0x000000000010229c                C3D_BindProgram
 .text.onVBlank0
                0x00000000001023b0       0x4c C:/devkitPro/libctru/lib\libcitro3d.a(renderqueue.o)
 .text.onVBlank1
                0x00000000001023fc       0x4c C:/devkitPro/libctru/lib\libcitro3d.a(renderqueue.o)
 .text.C3Di_RenderTargetDestroy
                0x0000000000102448       0x80 C:/devkitPro/libctru/lib\libcitro3d.a(renderqueue.o)
 .text.onQueueFinish
                0x00000000001024c8       0xf4 C:/devkitPro/libctru/lib\libcitro3d.a(renderqueue.o)
 .text.C3Di_RenderQueueEnableVBlank
                0x00000000001025bc       0x38 C:/devkitPro/libctru/lib\libcitro3d.a(renderqueue.o)
                0x00000000001025bc                C3Di_RenderQueueEnableVBlank
 .text.C3Di_RenderQueueDisableVBlank
                0x00000000001025f4       0x30 C:/devkitPro/libctru/lib\libcitro3d.a(renderqueue.o)
                0x00000000001025f4                C3Di_RenderQueueDisableVBlank
 .text.C3Di_RenderQueueInit
                0x0000000000102624       0x60 C:/devkitPro/libctru/lib\libcitro3d.a(renderqueue.o)
                0x0000000000102624                C3Di_RenderQueueInit
 .text.C3Di_RenderQueueExit
                0x0000000000102684       0xb0 C:/devkitPro/libctru/lib\libcitro3d.a(renderqueue.o)
                0x0000000000102684                C3Di_RenderQueueExit
 .text.C3Di_RenderQueueWaitDone
                0x0000000000102734       0x34 C:/devkitPro/libctru/lib\libcitro3d.a(renderqueue.o)
                0x0000000000102734                C3Di_RenderQueueWaitDone
 .text.C3D_FrameBegin
                0x0000000000102768       0xe4 C:/devkitPro/libctru/lib\libcitro3d.a(renderqueue.o)
                0x0000000000102768                C3D_FrameBegin
 .text.C3D_FrameDrawOn
                0x000000000010284c       0x48 C:/devkitPro/libctru/lib\libcitro3d.a(renderqueue.o)
                0x000000000010284c                C3D_FrameDrawOn
 .text.C3D_FrameSplit
                0x0000000000102894       0x58 C:/devkitPro/libctru/lib\libcitro3d.a(renderqueue.o)
                0x0000000000102894                C3D_FrameSplit
 .text.C3D_FrameEnd
                0x00000000001028ec      0x1d8 C:/devkitPro/libctru/lib\libcitro3d.a(renderqueue.o)
                0x00000000001028ec                C3D_FrameEnd
 .text.C3D_FrameEndHook
                0x0000000000102ac4       0x1c C:/devkitPro/libctru/lib\libcitro3d.a(renderqueue.o)
                0x0000000000102ac4                C3D_FrameEndHook
 .text.C3D_GetDrawingTime
                0x0000000000102ae0       0x18 C:/devkitPro/libctru/lib\libcitro3d.a(renderqueue.o)
                0x0000000000102ae0                C3D_GetDrawingTime
 .text.C3D_GetProcessingTime
                0x0000000000102af8       0x18 C:/devkitPro/libctru/lib\libcitro3d.a(renderqueue.o)
                0x0000000000102af8                C3D_GetProcessingTime
 .text.C3D_RenderTargetCreate
                0x0000000000102b10      0x184 C:/devkitPro/libctru/lib\libcitro3d.a(renderqueue.o)
                0x0000000000102b10                C3D_RenderTargetCreate
 .text.C3D_RenderTargetSetOutput
                0x0000000000102c94       0xa8 C:/devkitPro/libctru/lib\libcitro3d.a(renderqueue.o)
                0x0000000000102c94                C3D_RenderTargetSetOutput
 .text.C3D_SyncTextureCopy
                0x0000000000102d3c       0xfc C:/devkitPro/libctru/lib\libcitro3d.a(renderqueue.o)
                0x0000000000102d3c                C3D_SyncTextureCopy
 .text.C3D_TexInitWithParams
                0x0000000000102e38      0x294 C:/devkitPro/libctru/lib\libcitro3d.a(texture.o)
                0x0000000000102e38                C3D_TexInitWithParams
 .text.C3D_TexLoadImage
                0x00000000001030cc       0xc8 C:/devkitPro/libctru/lib\libcitro3d.a(texture.o)
                0x00000000001030cc                C3D_TexLoadImage
 .text.C3D_TexDelete
                0x0000000000103194       0x74 C:/devkitPro/libctru/lib\libcitro3d.a(texture.o)
                0x0000000000103194                C3D_TexDelete
 .text.C3Di_SetTex
                0x0000000000103208      0x16c C:/devkitPro/libctru/lib\libcitro3d.a(texture.o)
                0x0000000000103208                C3Di_SetTex
 .text.Tex3DSi_ImportCommon
                0x0000000000103374      0x3f4 C:/devkitPro/libctru/lib\libcitro3d.a(tex3ds.o)
 .text.Tex3DS_TextureImportStdio
                0x0000000000103768       0x38 C:/devkitPro/libctru/lib\libcitro3d.a(tex3ds.o)
                0x0000000000103768                Tex3DS_TextureImportStdio
 .text.Tex3DS_GetNumSubTextures
                0x00000000001037a0        0x8 C:/devkitPro/libctru/lib\libcitro3d.a(tex3ds.o)
                0x00000000001037a0                Tex3DS_GetNumSubTextures
 .text.Tex3DS_GetSubTexture
                0x00000000001037a8       0x1c C:/devkitPro/libctru/lib\libcitro3d.a(tex3ds.o)
                0x00000000001037a8                Tex3DS_GetSubTexture
 .text.Tex3DS_TextureFree
                0x00000000001037c4        0x4 C:/devkitPro/libctru/lib\libcitro3d.a(tex3ds.o)
                0x00000000001037c4                Tex3DS_TextureFree
 .text.C3D_CalcColorBufSize
                0x00000000001037c8       0x1c C:/devkitPro/libctru/lib\libcitro3d.a(framebuffer.o)
                0x00000000001037c8                C3D_CalcColorBufSize
 .text.C3D_CalcDepthBufSize
                0x00000000001037e4       0x1c C:/devkitPro/libctru/lib\libcitro3d.a(framebuffer.o)
                0x00000000001037e4                C3D_CalcDepthBufSize
 .text.C3D_SetFrameBuf
                0x0000000000103800       0x44 C:/devkitPro/libctru/lib\libcitro3d.a(framebuffer.o)
                0x0000000000103800                C3D_SetFrameBuf
 .text.C3Di_FrameBufBind
                0x0000000000103844      0x16c C:/devkitPro/libctru/lib\libcitro3d.a(framebuffer.o)
                0x0000000000103844                C3Di_FrameBufBind
 .text.C3D_FrameBufClear
                0x00000000001039b0       0xc8 C:/devkitPro/libctru/lib\libcitro3d.a(framebuffer.o)
                0x00000000001039b0                C3D_FrameBufClear
 .text.C3D_FrameBufTransfer
                0x0000000000103a78       0x44 C:/devkitPro/libctru/lib\libcitro3d.a(framebuffer.o)
                0x0000000000103a78                C3D_FrameBufTransfer
 .text.C3D_GetTexEnv
                0x0000000000103abc       0x34 C:/devkitPro/libctru/lib\libcitro3d.a(texenv.o)
                0x0000000000103abc                C3D_GetTexEnv
 .text.C3Di_TexEnvBind
                0x0000000000103af0       0x24 C:/devkitPro/libctru/lib\libcitro3d.a(texenv.o)
                0x0000000000103af0                C3Di_TexEnvBind
 .text.C3D_DrawElements
                0x0000000000103b14      0x218 C:/devkitPro/libctru/lib\libcitro3d.a(drawElements.o)
                0x0000000000103b14                C3D_DrawElements
 .text.C3D_ProcTexInit
                0x0000000000103d2c       0x70 C:/devkitPro/libctru/lib\libcitro3d.a(proctex.o)
                0x0000000000103d2c                C3D_ProcTexInit
 .text.ProcTexLut_FromArray
                0x0000000000103d9c       0xa4 C:/devkitPro/libctru/lib\libcitro3d.a(proctex.o)
                0x0000000000103d9c                ProcTexLut_FromArray
 .text.C3Di_ProcTexUpdate
                0x0000000000103e40      0x17c C:/devkitPro/libctru/lib\libcitro3d.a(proctex.o)
                0x0000000000103e40                C3Di_ProcTexUpdate
 .text.C3Di_ProcTexDirty
                0x0000000000103fbc       0x68 C:/devkitPro/libctru/lib\libcitro3d.a(proctex.o)
                0x0000000000103fbc                C3Di_ProcTexDirty
 .text.BufInfo_Init
                0x0000000000104024       0x24 C:/devkitPro/libctru/lib\libcitro3d.a(buffers.o)
                0x0000000000104024                BufInfo_Init
 .text.BufInfo_Add
                0x0000000000104048       0x80 C:/devkitPro/libctru/lib\libcitro3d.a(buffers.o)
                0x0000000000104048                BufInfo_Add
 .text.C3D_SetBufInfo
                0x00000000001040c8       0x40 C:/devkitPro/libctru/lib\libcitro3d.a(buffers.o)
                0x00000000001040c8                C3D_SetBufInfo
 .text.C3Di_BufInfoBind
                0x0000000000104108       0x48 C:/devkitPro/libctru/lib\libcitro3d.a(buffers.o)
                0x0000000000104108                C3Di_BufInfoBind
 .text.C3D_DepthMap
                0x0000000000104150       0x40 C:/devkitPro/libctru/lib\libcitro3d.a(effect.o)
                0x0000000000104150                C3D_DepthMap
 .text.C3D_CullFace
                0x0000000000104190       0x1c C:/devkitPro/libctru/lib\libcitro3d.a(effect.o)
                0x0000000000104190                C3D_CullFace
 .text.C3D_StencilTest
                0x00000000001041ac       0x40 C:/devkitPro/libctru/lib\libcitro3d.a(effect.o)
                0x00000000001041ac                C3D_StencilTest
 .text.C3D_StencilOp
                0x00000000001041ec       0x24 C:/devkitPro/libctru/lib\libcitro3d.a(effect.o)
                0x00000000001041ec                C3D_StencilOp
 .text.C3D_BlendingColor
                0x0000000000104210       0x1c C:/devkitPro/libctru/lib\libcitro3d.a(effect.o)
                0x0000000000104210                C3D_BlendingColor
 .text.C3D_EarlyDepthTest
                0x000000000010422c       0x24 C:/devkitPro/libctru/lib\libcitro3d.a(effect.o)
                0x000000000010422c                C3D_EarlyDepthTest
 .text.C3D_DepthTest
                0x0000000000104250       0x2c C:/devkitPro/libctru/lib\libcitro3d.a(effect.o)
                0x0000000000104250                C3D_DepthTest
 .text.C3D_AlphaTest
                0x000000000010427c       0x2c C:/devkitPro/libctru/lib\libcitro3d.a(effect.o)
                0x000000000010427c                C3D_AlphaTest
 .text.C3D_AlphaBlend
                0x00000000001042a8       0x50 C:/devkitPro/libctru/lib\libcitro3d.a(effect.o)
                0x00000000001042a8                C3D_AlphaBlend
 .text.C3D_FragOpMode
                0x00000000001042f8       0x30 C:/devkitPro/libctru/lib\libcitro3d.a(effect.o)
                0x00000000001042f8                C3D_FragOpMode
 .text.C3D_FragOpShadow
                0x0000000000104328       0x44 C:/devkitPro/libctru/lib\libcitro3d.a(effect.o)
                0x0000000000104328                C3D_FragOpShadow
 .text.C3Di_EffectBind
                0x000000000010436c      0x1ac C:/devkitPro/libctru/lib\libcitro3d.a(effect.o)
                0x000000000010436c                C3Di_EffectBind
 .text.AttrInfo_Init
                0x0000000000104518       0x28 C:/devkitPro/libctru/lib\libcitro3d.a(attribs.o)
                0x0000000000104518                AttrInfo_Init
 .text.AttrInfo_AddLoader
                0x0000000000104540       0x94 C:/devkitPro/libctru/lib\libcitro3d.a(attribs.o)
                0x0000000000104540                AttrInfo_AddLoader
 .text.C3D_SetAttrInfo
                0x00000000001045d4       0x54 C:/devkitPro/libctru/lib\libcitro3d.a(attribs.o)
                0x00000000001045d4                C3D_SetAttrInfo
 .text.C3Di_AttrInfoBind
                0x0000000000104628       0x80 C:/devkitPro/libctru/lib\libcitro3d.a(attribs.o)
                0x0000000000104628                C3Di_AttrInfoBind
 .text.C3D_ImmSendAttrib
                0x00000000001046a8       0xa8 C:/devkitPro/libctru/lib\libcitro3d.a(immediate.o)
                0x00000000001046a8                C3D_ImmSendAttrib
 .text.C3D_UpdateUniforms
                0x0000000000104750      0x280 C:/devkitPro/libctru/lib\libcitro3d.a(uniforms.o)
                0x0000000000104750                C3D_UpdateUniforms
 .text.C3Di_DirtyUniforms
                0x00000000001049d0       0xc0 C:/devkitPro/libctru/lib\libcitro3d.a(uniforms.o)
                0x00000000001049d0                C3Di_DirtyUniforms
 .text.C3Di_LoadShaderUniforms
                0x0000000000104a90       0xd8 C:/devkitPro/libctru/lib\libcitro3d.a(uniforms.o)
                0x0000000000104a90                C3Di_LoadShaderUniforms
 .text.C3Di_ClearShaderUniforms
                0x0000000000104b68       0x28 C:/devkitPro/libctru/lib\libcitro3d.a(uniforms.o)
                0x0000000000104b68                C3Di_ClearShaderUniforms
 .text.Mtx_Ortho
                0x0000000000104b90       0xcc C:/devkitPro/libctru/lib\libcitro3d.a(mtx_ortho.o)
                0x0000000000104b90                Mtx_Ortho
 .text.Mtx_OrthoTilt
                0x0000000000104c5c       0xcc C:/devkitPro/libctru/lib\libcitro3d.a(mtx_orthotilt.o)
                0x0000000000104c5c                Mtx_OrthoTilt
 .text._ZL21addrMapNodeComparatorPK11rbtree_nodeS1_
                0x0000000000104d28       0x24 C:/devkitPro/libctru/lib\libctru.a(vram.o)
 .text._ZL21addrMapNodeDestructorP11rbtree_node
                0x0000000000104d4c        0x4 C:/devkitPro/libctru/lib\libctru.a(vram.o)
 .text.vramMemAlignAt
                0x0000000000104d50      0x250 C:/devkitPro/libctru/lib\libctru.a(vram.o)
                0x0000000000104d50                vramMemAlignAt
 .text.vramAlloc
                0x0000000000104fa0        0xc C:/devkitPro/libctru/lib\libctru.a(vram.o)
                0x0000000000104fa0                vramAlloc
 .text.vramAllocAt
                0x0000000000104fac        0xc C:/devkitPro/libctru/lib\libctru.a(vram.o)
                0x0000000000104fac                vramAllocAt
 .text.vramFree
                0x0000000000104fb8       0x90 C:/devkitPro/libctru/lib\libctru.a(vram.o)
                0x0000000000104fb8                vramFree
 .text._ZL21addrMapNodeComparatorPK11rbtree_nodeS1_
                0x0000000000105048       0x24 C:/devkitPro/libctru/lib\libctru.a(linear.o)
 .text._ZL21addrMapNodeDestructorP11rbtree_node
                0x000000000010506c        0x4 C:/devkitPro/libctru/lib\libctru.a(linear.o)
 .text.linearMemAlign
                0x0000000000105070      0x120 C:/devkitPro/libctru/lib\libctru.a(linear.o)
                0x0000000000105070                linearMemAlign
 .text.linearAlloc
                0x0000000000105190        0x8 C:/devkitPro/libctru/lib\libctru.a(linear.o)
                0x0000000000105190                linearAlloc
 .text.linearFree
                0x0000000000105198       0x5c C:/devkitPro/libctru/lib\libctru.a(linear.o)
                0x0000000000105198                linearFree
 .text._ZN7MemPool13CoalesceRightEP8MemBlock
                0x00000000001051f4       0x80 C:/devkitPro/libctru/lib\libctru.a(mem_pool.o)
                0x00000000001051f4                MemPool::CoalesceRight(MemBlock*)
 .text._ZN7MemPool8AllocateER8MemChunkmi
                0x0000000000105274      0x16c C:/devkitPro/libctru/lib\libctru.a(mem_pool.o)
                0x0000000000105274                MemPool::Allocate(MemChunk&, unsigned long, int)
 .text._ZN7MemPool10DeallocateERK8MemChunk
                0x00000000001053e0       0xfc C:/devkitPro/libctru/lib\libctru.a(mem_pool.o)
                0x00000000001053e0                MemPool::Deallocate(MemChunk const&)
 .text._ZN7MemPool12GetFreeSpaceEv
                0x00000000001054dc       0x30 C:/devkitPro/libctru/lib\libctru.a(mem_pool.o)
                0x00000000001054dc                MemPool::GetFreeSpace()
 .text.romfs_close
                0x000000000010550c        0x8 C:/devkitPro/libctru/lib\libctru.a(romfs_dev.o)
 .text.romfs_seek
                0x0000000000105514       0xc0 C:/devkitPro/libctru/lib\libctru.a(romfs_dev.o)
 .text.romfs_dirreset
                0x00000000001055d4       0x24 C:/devkitPro/libctru/lib\libctru.a(romfs_dev.o)
 .text.fill_dir
                0x00000000001055f8       0xc8 C:/devkitPro/libctru/lib\libctru.a(romfs_dev.o)
 .text.romfs_dirnext
                0x00000000001056c0      0x28c C:/devkitPro/libctru/lib\libctru.a(romfs_dev.o)
 .text.romfs_free
                0x000000000010594c       0x84 C:/devkitPro/libctru/lib\libctru.a(romfs_dev.o)
 .text.searchForFile.constprop.0
                0x00000000001059d0       0xd4 C:/devkitPro/libctru/lib\libctru.a(romfs_dev.o)
 .text.searchForDir.constprop.0
                0x0000000000105aa4       0xd8 C:/devkitPro/libctru/lib\libctru.a(romfs_dev.o)
 .text.navigateToDir.constprop.0
                0x0000000000105b7c      0x1c0 C:/devkitPro/libctru/lib\libctru.a(romfs_dev.o)
 .text.romfs_open
                0x0000000000105d3c      0x10c C:/devkitPro/libctru/lib\libctru.a(romfs_dev.o)
 .text.romfs_chdir
                0x0000000000105e48       0x4c C:/devkitPro/libctru/lib\libctru.a(romfs_dev.o)
 .text.romfs_diropen
                0x0000000000105e94       0x70 C:/devkitPro/libctru/lib\libctru.a(romfs_dev.o)
 .text.romfs_stat
                0x0000000000105f04      0x174 C:/devkitPro/libctru/lib\libctru.a(romfs_dev.o)
 .text.romfs_dirclose
                0x0000000000106078        0x8 C:/devkitPro/libctru/lib\libctru.a(romfs_dev.o)
 .text.romfs_fstat
                0x0000000000106080       0x84 C:/devkitPro/libctru/lib\libctru.a(romfs_dev.o)
 .text.romfs_read
                0x0000000000106104       0xd0 C:/devkitPro/libctru/lib\libctru.a(romfs_dev.o)
 .text.romfsMountFromFile
                0x00000000001061d4      0x28c C:/devkitPro/libctru/lib\libctru.a(romfs_dev.o)
                0x00000000001061d4                romfsMountFromFile
 .text.romfsMountFromCurrentProcess
                0x0000000000106460       0x98 C:/devkitPro/libctru/lib\libctru.a(romfs_dev.o)
                0x0000000000106460                romfsMountFromCurrentProcess
 .text.romfsMountSelf
                0x00000000001064f8      0x260 C:/devkitPro/libctru/lib\libctru.a(romfs_dev.o)
                0x00000000001064f8                romfsMountSelf
 .text.romfsUnmount
                0x0000000000106758       0xa0 C:/devkitPro/libctru/lib\libctru.a(romfs_dev.o)
                0x0000000000106758                romfsUnmount
 .text.osConvertVirtToPhys
                0x00000000001067f8       0x74 C:/devkitPro/libctru/lib\libctru.a(os.o)
                0x00000000001067f8                osConvertVirtToPhys
 .text.osGetTimeRef
                0x000000000010686c       0x54 C:/devkitPro/libctru/lib\libctru.a(os.o)
                0x000000000010686c                osGetTimeRef
 .text.osGetTime
                0x00000000001068c0       0xec C:/devkitPro/libctru/lib\libctru.a(os.o)
                0x00000000001068c0                osGetTime
 *fill*         0x00000000001069ac        0x4 
 .text.osTickCounterRead
                0x00000000001069b0       0x38 C:/devkitPro/libctru/lib\libctru.a(os.o)
                0x00000000001069b0                osTickCounterRead
 .text.__ctru_speedup_config
                0x00000000001069e8       0x34 C:/devkitPro/libctru/lib\libctru.a(os.o)
                0x00000000001069e8                __ctru_speedup_config
 .text.parseColor
                0x0000000000106a1c      0x1e8 C:/devkitPro/libctru/lib\libctru.a(console.o)
 .text.consoleDrawChar
                0x0000000000106c04      0x1ac C:/devkitPro/libctru/lib\libctru.a(console.o)
                0x0000000000106c04                consoleDrawChar
 .text.consolePrintChar
                0x0000000000106db0      0x124 C:/devkitPro/libctru/lib\libctru.a(console.o)
                0x0000000000106db0                consolePrintChar
 .text.con_write
                0x0000000000106ed4      0xb94 C:/devkitPro/libctru/lib\libctru.a(console.o)
                0x0000000000106ed4                con_write
 .text.newRow   0x0000000000107a68       0xfc C:/devkitPro/libctru/lib\libctru.a(console.o)
 .text.consoleInit
                0x0000000000107b64      0x168 C:/devkitPro/libctru/lib\libctru.a(console.o)
                0x0000000000107b64                consoleInit
 .text.gfxPresentFramebuffer
                0x0000000000107ccc       0xd0 C:/devkitPro/libctru/lib\libctru.a(gfx.o)
 .text.gfxIsWide
                0x0000000000107d9c       0x1c C:/devkitPro/libctru/lib\libctru.a(gfx.o)
                0x0000000000107d9c                gfxIsWide
 .text.gfxSetScreenFormat
                0x0000000000107db8       0xec C:/devkitPro/libctru/lib\libctru.a(gfx.o)
                0x0000000000107db8                gfxSetScreenFormat
 .text.gfxSetDoubleBuffering
                0x0000000000107ea4       0x10 C:/devkitPro/libctru/lib\libctru.a(gfx.o)
                0x0000000000107ea4                gfxSetDoubleBuffering
 .text.gfxInit  0x0000000000107eb4       0xe0 C:/devkitPro/libctru/lib\libctru.a(gfx.o)
                0x0000000000107eb4                gfxInit
 .text.gfxInitDefault
                0x0000000000107f94       0x10 C:/devkitPro/libctru/lib\libctru.a(gfx.o)
                0x0000000000107f94                gfxInitDefault
 .text.gfxExit  0x0000000000107fa4       0xb4 C:/devkitPro/libctru/lib\libctru.a(gfx.o)
                0x0000000000107fa4                gfxExit
 .text.gfxGetFramebuffer
                0x0000000000108058       0xa0 C:/devkitPro/libctru/lib\libctru.a(gfx.o)
                0x0000000000108058                gfxGetFramebuffer
 .text.gfxFlushBuffers
                0x00000000001080f8      0x104 C:/devkitPro/libctru/lib\libctru.a(gfx.o)
                0x00000000001080f8                gfxFlushBuffers
 .text.gfxScreenSwapBuffers
                0x00000000001081fc       0x30 C:/devkitPro/libctru/lib\libctru.a(gfx.o)
                0x00000000001081fc                gfxScreenSwapBuffers
 .text.gfxSwapBuffersGpu
                0x000000000010822c       0x50 C:/devkitPro/libctru/lib\libctru.a(gfx.o)
                0x000000000010822c                gfxSwapBuffersGpu
 .text.shaderInstanceInit
                0x000000000010827c      0x1d4 C:/devkitPro/libctru/lib\libctru.a(shaderProgram.o)
                0x000000000010827c                shaderInstanceInit
 .text.shaderInstanceGetUniformLocation
                0x0000000000108450       0x18 C:/devkitPro/libctru/lib\libctru.a(shaderProgram.o)
                0x0000000000108450                shaderInstanceGetUniformLocation
 .text.shaderProgramInit
                0x0000000000108468       0x1c C:/devkitPro/libctru/lib\libctru.a(shaderProgram.o)
                0x0000000000108468                shaderProgramInit
 .text.shaderProgramFree
                0x0000000000108484       0x64 C:/devkitPro/libctru/lib\libctru.a(shaderProgram.o)
                0x0000000000108484                shaderProgramFree
 .text.shaderProgramSetVsh
                0x00000000001084e8       0x80 C:/devkitPro/libctru/lib\libctru.a(shaderProgram.o)
                0x00000000001084e8                shaderProgramSetVsh
 .text.shaderProgramConfigure
                0x0000000000108568      0x8e0 C:/devkitPro/libctru/lib\libctru.a(shaderProgram.o)
                0x0000000000108568                shaderProgramConfigure
 .text.DVLE_GenerateOutmap.part.0
                0x0000000000108e48      0x1cc C:/devkitPro/libctru/lib\libctru.a(shbin.o)
 .text.DVLB_ParseFile
                0x0000000000109014      0x1b4 C:/devkitPro/libctru/lib\libctru.a(shbin.o)
                0x0000000000109014                DVLB_ParseFile
 .text.DVLB_Free
                0x00000000001091c8       0x38 C:/devkitPro/libctru/lib\libctru.a(shbin.o)
                0x00000000001091c8                DVLB_Free
 .text.DVLE_GetUniformRegister
                0x0000000000109200       0x74 C:/devkitPro/libctru/lib\libctru.a(shbin.o)
                0x0000000000109200                DVLE_GetUniformRegister
 .text.GX_BindQueue
                0x0000000000109274       0x10 C:/devkitPro/libctru/lib\libctru.a(gx.o)
                0x0000000000109274                GX_BindQueue
 .text.GX_ProcessCommandList
                0x0000000000109284       0x78 C:/devkitPro/libctru/lib\libctru.a(gx.o)
                0x0000000000109284                GX_ProcessCommandList
 .text.GX_MemoryFill
                0x00000000001092fc       0x74 C:/devkitPro/libctru/lib\libctru.a(gx.o)
                0x00000000001092fc                GX_MemoryFill
 .text.GX_DisplayTransfer
                0x0000000000109370       0x70 C:/devkitPro/libctru/lib\libctru.a(gx.o)
                0x0000000000109370                GX_DisplayTransfer
 .text.GX_TextureCopy
                0x00000000001093e0       0x74 C:/devkitPro/libctru/lib\libctru.a(gx.o)
                0x00000000001093e0                GX_TextureCopy
 .text.gxCmdQueueDoCommands.part.0
                0x0000000000109454       0x68 C:/devkitPro/libctru/lib\libctru.a(gxqueue.o)
 .text.gxCmdQueueInterrupt
                0x00000000001094bc       0xc8 C:/devkitPro/libctru/lib\libctru.a(gxqueue.o)
                0x00000000001094bc                gxCmdQueueInterrupt
 .text.gxCmdQueueClear
                0x0000000000109584       0x4c C:/devkitPro/libctru/lib\libctru.a(gxqueue.o)
                0x0000000000109584                gxCmdQueueClear
 .text.gxCmdQueueAdd
                0x00000000001095d0       0xf8 C:/devkitPro/libctru/lib\libctru.a(gxqueue.o)
                0x00000000001095d0                gxCmdQueueAdd
 .text.gxCmdQueueRun
                0x00000000001096c8       0x80 C:/devkitPro/libctru/lib\libctru.a(gxqueue.o)
                0x00000000001096c8                gxCmdQueueRun
 .text.gxCmdQueueStop
                0x0000000000109748       0x60 C:/devkitPro/libctru/lib\libctru.a(gxqueue.o)
                0x0000000000109748                gxCmdQueueStop
 .text.gxCmdQueueWait
                0x00000000001097a8       0x74 C:/devkitPro/libctru/lib\libctru.a(gxqueue.o)
                0x00000000001097a8                gxCmdQueueWait
 .text.GPUCMD_Add
                0x000000000010981c      0x13c C:/devkitPro/libctru/lib\libctru.a(gpu.o)
                0x000000000010981c                GPUCMD_Add
 .text.GPUCMD_Split
                0x0000000000109958       0xb0 C:/devkitPro/libctru/lib\libctru.a(gpu.o)
                0x0000000000109958                GPUCMD_Split
 .text.f32tof16
                0x0000000000109a08       0x34 C:/devkitPro/libctru/lib\libctru.a(gpu.o)
                0x0000000000109a08                f32tof16
 .text.f32tof24
                0x0000000000109a3c       0x34 C:/devkitPro/libctru/lib\libctru.a(gpu.o)
                0x0000000000109a3c                f32tof24
 .text.f32tof31
                0x0000000000109a70       0x38 C:/devkitPro/libctru/lib\libctru.a(gpu.o)
                0x0000000000109a70                f32tof31
 .text.gspHardwareInit
                0x0000000000109aa8      0xc58 C:/devkitPro/libctru/lib\libctru.a(gspgpu.o)
 .text.gspInit  0x000000000010a700      0x248 C:/devkitPro/libctru/lib\libctru.a(gspgpu.o)
                0x000000000010a700                gspInit
 .text.gspExit  0x000000000010a948       0xf0 C:/devkitPro/libctru/lib\libctru.a(gspgpu.o)
                0x000000000010a948                gspExit
 .text.gspHasGpuRight
                0x000000000010aa38       0x10 C:/devkitPro/libctru/lib\libctru.a(gspgpu.o)
                0x000000000010aa38                gspHasGpuRight
 .text.gspPresentBuffer
                0x000000000010aa48       0xa0 C:/devkitPro/libctru/lib\libctru.a(gspgpu.o)
                0x000000000010aa48                gspPresentBuffer
 .text.gspSetEventCallback
                0x000000000010aae8       0x30 C:/devkitPro/libctru/lib\libctru.a(gspgpu.o)
                0x000000000010aae8                gspSetEventCallback
 .text.gspWaitForEvent
                0x000000000010ab18       0x44 C:/devkitPro/libctru/lib\libctru.a(gspgpu.o)
                0x000000000010ab18                gspWaitForEvent
 .text.gspWaitForAnyEvent
                0x000000000010ab5c       0x4c C:/devkitPro/libctru/lib\libctru.a(gspgpu.o)
                0x000000000010ab5c                gspWaitForAnyEvent
 .text.gspEventThreadMain
                0x000000000010aba8      0x158 C:/devkitPro/libctru/lib\libctru.a(gspgpu.o)
 .text.gspSubmitGxCommand
                0x000000000010ad00      0x130 C:/devkitPro/libctru/lib\libctru.a(gspgpu.o)
                0x000000000010ad00                gspSubmitGxCommand
 .text.GSPGPU_FlushDataCache
                0x000000000010ae30       0x50 C:/devkitPro/libctru/lib\libctru.a(gspgpu.o)
                0x000000000010ae30                GSPGPU_FlushDataCache
 .text.GSPGPU_SetLcdForceBlack
                0x000000000010ae80       0x34 C:/devkitPro/libctru/lib\libctru.a(gspgpu.o)
                0x000000000010ae80                GSPGPU_SetLcdForceBlack
 .text.GSPGPU_AcquireRight
                0x000000000010aeb4       0x68 C:/devkitPro/libctru/lib\libctru.a(gspgpu.o)
                0x000000000010aeb4                GSPGPU_AcquireRight
 .text.GSPGPU_ReleaseRight
                0x000000000010af1c       0x48 C:/devkitPro/libctru/lib\libctru.a(gspgpu.o)
                0x000000000010af1c                GSPGPU_ReleaseRight
 .text.GSPGPU_ImportDisplayCaptureInfo
                0x000000000010af64       0x7c C:/devkitPro/libctru/lib\libctru.a(gspgpu.o)
                0x000000000010af64                GSPGPU_ImportDisplayCaptureInfo
 .text.GSPGPU_SaveVramSysArea
                0x000000000010afe0       0x2c C:/devkitPro/libctru/lib\libctru.a(gspgpu.o)
                0x000000000010afe0                GSPGPU_SaveVramSysArea
 .text.GSPGPU_RestoreVramSysArea
                0x000000000010b00c       0x2c C:/devkitPro/libctru/lib\libctru.a(gspgpu.o)
                0x000000000010b00c                GSPGPU_RestoreVramSysArea
 .text.aptConvertScreenForCapture
                0x000000000010b038      0x1a4 C:/devkitPro/libctru/lib\libctru.a(apt.o)
 .text.aptDspSleep
                0x000000000010b1dc        0x8 C:/devkitPro/libctru/lib\libctru.a(apt.o)
                0x000000000010b1dc                aptDspSleep
 .text.aptDspWakeup
                0x000000000010b1e4        0x4 C:/devkitPro/libctru/lib\libctru.a(apt.o)
                0x000000000010b1e4                aptDspWakeup
 .text.aptDspCancel
                0x000000000010b1e8        0x4 C:/devkitPro/libctru/lib\libctru.a(apt.o)
                0x000000000010b1e8                aptDspCancel
 .text.aptSendCommand
                0x000000000010b1ec      0x158 C:/devkitPro/libctru/lib\libctru.a(apt.o)
                0x000000000010b1ec                aptSendCommand
 *fill*         0x000000000010b344        0x4 
 .text.aptExitProcess
                0x000000000010b348       0x44 C:/devkitPro/libctru/lib\libctru.a(apt.o)
 .text.aptExit  0x000000000010b38c      0x2f4 C:/devkitPro/libctru/lib\libctru.a(apt.o)
                0x000000000010b38c                aptExit
 .text.aptHandleSleep
                0x000000000010b680       0xe0 C:/devkitPro/libctru/lib\libctru.a(apt.o)
                0x000000000010b680                aptHandleSleep
 .text.aptHook  0x000000000010b760       0x30 C:/devkitPro/libctru/lib\libctru.a(apt.o)
                0x000000000010b760                aptHook
 .text.aptUnhook
                0x000000000010b790       0x30 C:/devkitPro/libctru/lib\libctru.a(apt.o)
                0x000000000010b790                aptUnhook
 .text.APT_SleepIfShellClosed
                0x000000000010b7c0       0x84 C:/devkitPro/libctru/lib\libctru.a(apt.o)
                0x000000000010b7c0                APT_SleepIfShellClosed
 .text.aptSetSleepAllowed
                0x000000000010b844       0x84 C:/devkitPro/libctru/lib\libctru.a(apt.o)
                0x000000000010b844                aptSetSleepAllowed
 .text.APT_UnlockTransition
                0x000000000010b8c8       0x84 C:/devkitPro/libctru/lib\libctru.a(apt.o)
                0x000000000010b8c8                APT_UnlockTransition
 *fill*         0x000000000010b94c        0x4 
 .text.aptEventHandler
                0x000000000010b950      0x4a4 C:/devkitPro/libctru/lib\libctru.a(apt.o)
 .text.APT_ReceiveParameter
                0x000000000010bdf4       0xb0 C:/devkitPro/libctru/lib\libctru.a(apt.o)
                0x000000000010bdf4                APT_ReceiveParameter
 .text.aptReceiveParameter.constprop.0
                0x000000000010bea4       0xb0 C:/devkitPro/libctru/lib\libctru.a(apt.o)
 *fill*         0x000000000010bf54        0x4 
 .text.aptScreenTransfer
                0x000000000010bf58      0x2ac C:/devkitPro/libctru/lib\libctru.a(apt.o)
 .text.aptWaitForWakeUp.isra.0
                0x000000000010c204      0x344 C:/devkitPro/libctru/lib\libctru.a(apt.o)
 .text.aptJumpToHomeMenu
                0x000000000010c548      0x100 C:/devkitPro/libctru/lib\libctru.a(apt.o)
                0x000000000010c548                aptJumpToHomeMenu
 .text.aptMainLoop
                0x000000000010c648       0x48 C:/devkitPro/libctru/lib\libctru.a(apt.o)
                0x000000000010c648                aptMainLoop
 .text.aptInit  0x000000000010c690      0x22c C:/devkitPro/libctru/lib\libctru.a(apt.o)
                0x000000000010c690                aptInit
 .text.APT_CheckNew3DS
                0x000000000010c8bc       0x7c C:/devkitPro/libctru/lib\libctru.a(apt.o)
                0x000000000010c8bc                APT_CheckNew3DS
 .text.hidShouldUseIrrst
                0x000000000010c938       0x24 C:/devkitPro/libctru/lib\libctru.a(hid.o)
                0x000000000010c938                hidShouldUseIrrst
 .text.hidInit  0x000000000010c95c      0x18c C:/devkitPro/libctru/lib\libctru.a(hid.o)
                0x000000000010c95c                hidInit
 .text.hidExit  0x000000000010cae8       0xe8 C:/devkitPro/libctru/lib\libctru.a(hid.o)
                0x000000000010cae8                hidExit
 .text.hidScanInput
                0x000000000010cbd0      0x2a4 C:/devkitPro/libctru/lib\libctru.a(hid.o)
                0x000000000010cbd0                hidScanInput
 .text.hidKeysHeld
                0x000000000010ce74       0x10 C:/devkitPro/libctru/lib\libctru.a(hid.o)
                0x000000000010ce74                hidKeysHeld
 .text.hidKeysDown
                0x000000000010ce84       0x10 C:/devkitPro/libctru/lib\libctru.a(hid.o)
                0x000000000010ce84                hidKeysDown
 .text.ptmSysmInit
                0x000000000010ce94       0x74 C:/devkitPro/libctru/lib\libctru.a(ptmsysm.o)
                0x000000000010ce94                ptmSysmInit
 .text.ptmSysmExit
                0x000000000010cf08       0x3c C:/devkitPro/libctru/lib\libctru.a(ptmsysm.o)
                0x000000000010cf08                ptmSysmExit
 .text.PTMSYSM_ConfigureNew3DSCPU
                0x000000000010cf44       0x34 C:/devkitPro/libctru/lib\libctru.a(ptmsysm.o)
                0x000000000010cf44                PTMSYSM_ConfigureNew3DSCPU
 .text.fsInit   0x000000000010cf78       0xcc C:/devkitPro/libctru/lib\libctru.a(fs.o)
                0x000000000010cf78                fsInit
 .text.fsExit   0x000000000010d044       0x3c C:/devkitPro/libctru/lib\libctru.a(fs.o)
                0x000000000010d044                fsExit
 .text.fsExemptFromSession
                0x000000000010d080       0x60 C:/devkitPro/libctru/lib\libctru.a(fs.o)
                0x000000000010d080                fsExemptFromSession
 .text.fsUnexemptFromSession
                0x000000000010d0e0       0x50 C:/devkitPro/libctru/lib\libctru.a(fs.o)
                0x000000000010d0e0                fsUnexemptFromSession
 .text.FSUSER_OpenFile
                0x000000000010d130       0xcc C:/devkitPro/libctru/lib\libctru.a(fs.o)
                0x000000000010d130                FSUSER_OpenFile
 .text.FSUSER_OpenFileDirectly
                0x000000000010d1fc       0xd4 C:/devkitPro/libctru/lib\libctru.a(fs.o)
                0x000000000010d1fc                FSUSER_OpenFileDirectly
 .text.FSUSER_DeleteFile
                0x000000000010d2d0       0xbc C:/devkitPro/libctru/lib\libctru.a(fs.o)
                0x000000000010d2d0                FSUSER_DeleteFile
 .text.FSUSER_RenameFile
                0x000000000010d38c       0xf8 C:/devkitPro/libctru/lib\libctru.a(fs.o)
                0x000000000010d38c                FSUSER_RenameFile
 .text.FSUSER_DeleteDirectory
                0x000000000010d484       0xbc C:/devkitPro/libctru/lib\libctru.a(fs.o)
                0x000000000010d484                FSUSER_DeleteDirectory
 .text.FSUSER_CreateFile
                0x000000000010d540       0xd4 C:/devkitPro/libctru/lib\libctru.a(fs.o)
                0x000000000010d540                FSUSER_CreateFile
 .text.FSUSER_CreateDirectory
                0x000000000010d614       0xc4 C:/devkitPro/libctru/lib\libctru.a(fs.o)
                0x000000000010d614                FSUSER_CreateDirectory
 .text.FSUSER_RenameDirectory
                0x000000000010d6d8       0xf8 C:/devkitPro/libctru/lib\libctru.a(fs.o)
                0x000000000010d6d8                FSUSER_RenameDirectory
 .text.FSUSER_OpenDirectory
                0x000000000010d7d0       0xb4 C:/devkitPro/libctru/lib\libctru.a(fs.o)
                0x000000000010d7d0                FSUSER_OpenDirectory
 .text.FSUSER_OpenArchive
                0x000000000010d884       0x98 C:/devkitPro/libctru/lib\libctru.a(fs.o)
                0x000000000010d884                FSUSER_OpenArchive
 .text.FSUSER_CloseArchive
                0x000000000010d91c       0x8c C:/devkitPro/libctru/lib\libctru.a(fs.o)
                0x000000000010d91c                FSUSER_CloseArchive
 .text.FSUSER_GetSdmcArchiveResource
                0x000000000010d9a8       0x74 C:/devkitPro/libctru/lib\libctru.a(fs.o)
                0x000000000010d9a8                FSUSER_GetSdmcArchiveResource
 .text.FSUSER_IsSdmcWritable
                0x000000000010da1c       0x64 C:/devkitPro/libctru/lib\libctru.a(fs.o)
                0x000000000010da1c                FSUSER_IsSdmcWritable
 .text.FSFILE_Read
                0x000000000010da80       0x58 C:/devkitPro/libctru/lib\libctru.a(fs.o)
                0x000000000010da80                FSFILE_Read
 .text.FSFILE_Write
                0x000000000010dad8       0x60 C:/devkitPro/libctru/lib\libctru.a(fs.o)
                0x000000000010dad8                FSFILE_Write
 .text.FSFILE_GetSize
                0x000000000010db38       0x3c C:/devkitPro/libctru/lib\libctru.a(fs.o)
                0x000000000010db38                FSFILE_GetSize
 .text.FSFILE_SetSize
                0x000000000010db74       0x28 C:/devkitPro/libctru/lib\libctru.a(fs.o)
                0x000000000010db74                FSFILE_SetSize
 .text.FSFILE_Close
                0x000000000010db9c       0x3c C:/devkitPro/libctru/lib\libctru.a(fs.o)
                0x000000000010db9c                FSFILE_Close
 .text.FSFILE_Flush
                0x000000000010dbd8       0x24 C:/devkitPro/libctru/lib\libctru.a(fs.o)
                0x000000000010dbd8                FSFILE_Flush
 .text.FSDIR_Read
                0x000000000010dbfc       0x50 C:/devkitPro/libctru/lib\libctru.a(fs.o)
                0x000000000010dbfc                FSDIR_Read
 .text.FSDIR_Close
                0x000000000010dc4c       0x3c C:/devkitPro/libctru/lib\libctru.a(fs.o)
                0x000000000010dc4c                FSDIR_Close
 .text.buffer_read
                0x000000000010dc88       0xc4 C:/devkitPro/libctru/lib\libctru.a(decompress.o)
 .text.iov_read
                0x000000000010dd4c       0xd0 C:/devkitPro/libctru/lib\libctru.a(decompress.o)
 .text.iov_memmove
                0x000000000010de1c      0x138 C:/devkitPro/libctru/lib\libctru.a(decompress.o)
 .text.decompress_rle
                0x000000000010df54      0x1dc C:/devkitPro/libctru/lib\libctru.a(decompress.o)
 .text.decompress_lzss
                0x000000000010e130      0x244 C:/devkitPro/libctru/lib\libctru.a(decompress.o)
 .text.decompress_lz11
                0x000000000010e374      0x424 C:/devkitPro/libctru/lib\libctru.a(decompress.o)
 .text.decompress_huff
                0x000000000010e798      0x2d8 C:/devkitPro/libctru/lib\libctru.a(decompress.o)
 .text.decompressCallback_Stdio
                0x000000000010ea70       0x10 C:/devkitPro/libctru/lib\libctru.a(decompress.o)
                0x000000000010ea70                decompressCallback_Stdio
 .text.decompressHeader
                0x000000000010ea80       0xdc C:/devkitPro/libctru/lib\libctru.a(decompress.o)
                0x000000000010ea80                decompressHeader
 .text.decompressV
                0x000000000010eb5c      0x240 C:/devkitPro/libctru/lib\libctru.a(decompress.o)
                0x000000000010eb5c                decompressV
 .text.rbtree_init
                0x000000000010ed9c       0x10 C:/devkitPro/libctru/lib\libctru.a(rbtree_init.o)
                0x000000000010ed9c                rbtree_init
 .text.do_insert
                0x000000000010edac      0x1b4 C:/devkitPro/libctru/lib\libctru.a(rbtree_insert.o)
 .text.rbtree_insert
                0x000000000010ef60        0x8 C:/devkitPro/libctru/lib\libctru.a(rbtree_insert.o)
                0x000000000010ef60                rbtree_insert
 .text.rbtree_rotate
                0x000000000010ef68       0x90 C:/devkitPro/libctru/lib\libctru.a(rbtree_rotate.o)
                0x000000000010ef68                rbtree_rotate
 .text.rbtree_remove
                0x000000000010eff8      0x318 C:/devkitPro/libctru/lib\libctru.a(rbtree_remove.o)
                0x000000000010eff8                rbtree_remove
 .text.rbtree_find
                0x000000000010f310       0x74 C:/devkitPro/libctru/lib\libctru.a(rbtree_find.o)
                0x000000000010f310                rbtree_find
 .text.utf16_to_utf8
                0x000000000010f384       0xe8 C:/devkitPro/libctru/lib\libctru.a(utf16_to_utf8.o)
                0x000000000010f384                utf16_to_utf8
 .text.decode_utf16
                0x000000000010f46c       0x64 C:/devkitPro/libctru/lib\libctru.a(decode_utf16.o)
                0x000000000010f46c                decode_utf16
 .text.utf8_to_utf16
                0x000000000010f4d0       0xc0 C:/devkitPro/libctru/lib\libctru.a(utf8_to_utf16.o)
                0x000000000010f4d0                utf8_to_utf16
 .text.__system_allocateHeaps
                0x000000000010f590      0x1e0 C:/devkitPro/libctru/lib\libctru.a(allocateHeaps.o)
                0x000000000010f590                __system_allocateHeaps
 .text.__libctru_init
                0x000000000010f770       0x38 C:/devkitPro/libctru/lib\libctru.a(ctru_init.o)
                0x000000000010f770                __libctru_init
 .text.__system_initArgv
                0x000000000010f7a8      0x170 C:/devkitPro/libctru/lib\libctru.a(initArgv.o)
                0x000000000010f7a8                __system_initArgv
 .text.svcControlMemory
                0x000000000010f918       0x20 C:/devkitPro/libctru/lib\libctru.a(svc.o)
                0x000000000010f918                svcControlMemory
 .text.svcQueryMemory
                0x000000000010f938       0x30 C:/devkitPro/libctru/lib\libctru.a(svc.o)
                0x000000000010f938                svcQueryMemory
 .text.svcExitProcess
                0x000000000010f968        0x8 C:/devkitPro/libctru/lib\libctru.a(svc.o)
                0x000000000010f968                svcExitProcess
 .text.svcCreateThread
                0x000000000010f970       0x20 C:/devkitPro/libctru/lib\libctru.a(svc.o)
                0x000000000010f970                svcCreateThread
 .text.svcExitThread
                0x000000000010f990        0x8 C:/devkitPro/libctru/lib\libctru.a(svc.o)
                0x000000000010f990                svcExitThread
 .text.svcSleepThread
                0x000000000010f998        0x8 C:/devkitPro/libctru/lib\libctru.a(svc.o)
                0x000000000010f998                svcSleepThread
 .text.svcReleaseMutex
                0x000000000010f9a0        0x8 C:/devkitPro/libctru/lib\libctru.a(svc.o)
                0x000000000010f9a0                svcReleaseMutex
 .text.svcCreateEvent
                0x000000000010f9a8       0x14 C:/devkitPro/libctru/lib\libctru.a(svc.o)
                0x000000000010f9a8                svcCreateEvent
 .text.svcSignalEvent
                0x000000000010f9bc        0x8 C:/devkitPro/libctru/lib\libctru.a(svc.o)
                0x000000000010f9bc                svcSignalEvent
 .text.svcClearEvent
                0x000000000010f9c4        0x8 C:/devkitPro/libctru/lib\libctru.a(svc.o)
                0x000000000010f9c4                svcClearEvent
 .text.svcMapMemoryBlock
                0x000000000010f9cc        0x8 C:/devkitPro/libctru/lib\libctru.a(svc.o)
                0x000000000010f9cc                svcMapMemoryBlock
 .text.svcUnmapMemoryBlock
                0x000000000010f9d4        0x8 C:/devkitPro/libctru/lib\libctru.a(svc.o)
                0x000000000010f9d4                svcUnmapMemoryBlock
 .text.svcCreateAddressArbiter
                0x000000000010f9dc       0x14 C:/devkitPro/libctru/lib\libctru.a(svc.o)
                0x000000000010f9dc                svcCreateAddressArbiter
 .text.svcArbitrateAddressNoTimeout
                0x000000000010f9f0        0x8 C:/devkitPro/libctru/lib\libctru.a(svc.o)
                0x000000000010f9f0                svcArbitrateAddressNoTimeout
 .text.svcCloseHandle
                0x000000000010f9f8        0x8 C:/devkitPro/libctru/lib\libctru.a(svc.o)
                0x000000000010f9f8                svcCloseHandle
 .text.svcWaitSynchronization
                0x000000000010fa00        0x8 C:/devkitPro/libctru/lib\libctru.a(svc.o)
                0x000000000010fa00                svcWaitSynchronization
 .text.svcWaitSynchronizationN
                0x000000000010fa08       0x28 C:/devkitPro/libctru/lib\libctru.a(svc.o)
                0x000000000010fa08                svcWaitSynchronizationN
 .text.svcDuplicateHandle
                0x000000000010fa30       0x14 C:/devkitPro/libctru/lib\libctru.a(svc.o)
                0x000000000010fa30                svcDuplicateHandle
 .text.svcGetSystemTick
                0x000000000010fa44        0x8 C:/devkitPro/libctru/lib\libctru.a(svc.o)
                0x000000000010fa44                svcGetSystemTick
 .text.svcConnectToPort
                0x000000000010fa4c       0x14 C:/devkitPro/libctru/lib\libctru.a(svc.o)
                0x000000000010fa4c                svcConnectToPort
 .text.svcSendSyncRequest
                0x000000000010fa60        0x8 C:/devkitPro/libctru/lib\libctru.a(svc.o)
                0x000000000010fa60                svcSendSyncRequest
 .text.svcGetResourceLimit
                0x000000000010fa68       0x14 C:/devkitPro/libctru/lib\libctru.a(svc.o)
                0x000000000010fa68                svcGetResourceLimit
 .text.svcGetResourceLimitLimitValues
                0x000000000010fa7c        0x8 C:/devkitPro/libctru/lib\libctru.a(svc.o)
                0x000000000010fa7c                svcGetResourceLimitLimitValues
 .text.svcGetResourceLimitCurrentValues
                0x000000000010fa84        0x8 C:/devkitPro/libctru/lib\libctru.a(svc.o)
                0x000000000010fa84                svcGetResourceLimitCurrentValues
 .text.svcBreak
                0x000000000010fa8c        0x8 C:/devkitPro/libctru/lib\libctru.a(svc.o)
                0x000000000010fa8c                svcBreak
 .text.initSystem
                0x000000000010fa94       0x50 C:/devkitPro/libctru/lib\libctru.a(stack_adjust.o)
                0x000000000010fa94                initSystem
 .text.__ctru_exit
                0x000000000010fae4       0x18 C:/devkitPro/libctru/lib\libctru.a(stack_adjust.o)
                0x000000000010fae4                __ctru_exit
 .text.__aeabi_read_tp
                0x000000000010fafc        0xc C:/devkitPro/libctru/lib\libctru.a(readtp.o)
                0x000000000010fafc                __aeabi_read_tp
 .text.__sync_init
                0x000000000010fb08        0xc C:/devkitPro/libctru/lib\libctru.a(synchronization.o)
                0x000000000010fb08                __sync_init
 .text.__sync_fini
                0x000000000010fb14       0x18 C:/devkitPro/libctru/lib\libctru.a(synchronization.o)
                0x000000000010fb14                __sync_fini
 .text.syncArbitrateAddress
                0x000000000010fb2c       0x2c C:/devkitPro/libctru/lib\libctru.a(synchronization.o)
                0x000000000010fb2c                syncArbitrateAddress
 .text.LightLock_Lock
                0x000000000010fb58       0xb0 C:/devkitPro/libctru/lib\libctru.a(synchronization.o)
                0x000000000010fb58                LightLock_Lock
 .text.LightLock_Unlock
                0x000000000010fc08       0x40 C:/devkitPro/libctru/lib\libctru.a(synchronization.o)
                0x000000000010fc08                LightLock_Unlock
 .text.RecursiveLock_Init
                0x000000000010fc48       0x24 C:/devkitPro/libctru/lib\libctru.a(synchronization.o)
                0x000000000010fc48                RecursiveLock_Init
 .text.RecursiveLock_Lock
                0x000000000010fc6c       0x30 C:/devkitPro/libctru/lib\libctru.a(synchronization.o)
                0x000000000010fc6c                RecursiveLock_Lock
 .text.RecursiveLock_Unlock
                0x000000000010fc9c       0x54 C:/devkitPro/libctru/lib\libctru.a(synchronization.o)
                0x000000000010fc9c                RecursiveLock_Unlock
 .text.LightEvent_Init
                0x000000000010fcf0       0x40 C:/devkitPro/libctru/lib\libctru.a(synchronization.o)
                0x000000000010fcf0                LightEvent_Init
 .text.LightEvent_Clear
                0x000000000010fd30       0xa4 C:/devkitPro/libctru/lib\libctru.a(synchronization.o)
                0x000000000010fd30                LightEvent_Clear
 .text.LightEvent_Signal
                0x000000000010fdd4       0xc8 C:/devkitPro/libctru/lib\libctru.a(synchronization.o)
                0x000000000010fdd4                LightEvent_Signal
 .text.LightEvent_TryWait
                0x000000000010fe9c       0x50 C:/devkitPro/libctru/lib\libctru.a(synchronization.o)
                0x000000000010fe9c                LightEvent_TryWait
 .text.LightEvent_Wait
                0x000000000010feec       0xb0 C:/devkitPro/libctru/lib\libctru.a(synchronization.o)
                0x000000000010feec                LightEvent_Wait
 .text.envGetHandle
                0x000000000010ff9c       0x84 C:/devkitPro/libctru/lib\libctru.a(env.o)
                0x000000000010ff9c                envGetHandle
 .text.envDestroyHandles
                0x0000000000110020       0x50 C:/devkitPro/libctru/lib\libctru.a(env.o)
                0x0000000000110020                envDestroyHandles
 .text.srvInit  0x0000000000110070      0x130 C:/devkitPro/libctru/lib\libctru.a(srv.o)
                0x0000000000110070                srvInit
 .text.srvExit  0x00000000001101a0       0x58 C:/devkitPro/libctru/lib\libctru.a(srv.o)
                0x00000000001101a0                srvExit
 .text.srvGetServiceHandleDirect
                0x00000000001101f8       0xa0 C:/devkitPro/libctru/lib\libctru.a(srv.o)
                0x00000000001101f8                srvGetServiceHandleDirect
 .text.srvGetServiceHandle
                0x0000000000110298       0x38 C:/devkitPro/libctru/lib\libctru.a(srv.o)
                0x0000000000110298                srvGetServiceHandle
 .text.srvPublishToSubscriber
                0x00000000001102d0       0x38 C:/devkitPro/libctru/lib\libctru.a(srv.o)
                0x00000000001102d0                srvPublishToSubscriber
 .text.threadCreate
                0x0000000000110308      0x178 C:/devkitPro/libctru/lib\libctru.a(thread.o)
                0x0000000000110308                threadCreate
 .text.threadFree
                0x0000000000110480       0x2c C:/devkitPro/libctru/lib\libctru.a(thread.o)
                0x0000000000110480                threadFree
 .text.threadJoin
                0x00000000001104ac       0x24 C:/devkitPro/libctru/lib\libctru.a(thread.o)
                0x00000000001104ac                threadJoin
 .text.threadGetCurrent
                0x00000000001104d0       0x30 C:/devkitPro/libctru/lib\libctru.a(thread.o)
                0x00000000001104d0                threadGetCurrent
 .text.threadExit
                0x0000000000110500       0x40 C:/devkitPro/libctru/lib\libctru.a(thread.o)
                0x0000000000110500                threadExit
 .text._thread_begin
                0x0000000000110540       0x20 C:/devkitPro/libctru/lib\libctru.a(thread.o)
 .text.mappableFindAddressWithin
                0x0000000000110560       0xb4 C:/devkitPro/libctru/lib\libctru.a(mappable.o)
 .text.mappableInit
                0x0000000000110614       0x28 C:/devkitPro/libctru/lib\libctru.a(mappable.o)
                0x0000000000110614                mappableInit
 .text.mappableAlloc
                0x000000000011063c       0x80 C:/devkitPro/libctru/lib\libctru.a(mappable.o)
                0x000000000011063c                mappableAlloc
 .text.mappableFree
                0x00000000001106bc        0x4 C:/devkitPro/libctru/lib\libctru.a(mappable.o)
                0x00000000001106bc                mappableFree
 .text.irrstInit
                0x00000000001106c0      0x164 C:/devkitPro/libctru/lib\libctru.a(irrst.o)
                0x00000000001106c0                irrstInit
 .text.irrstExit
                0x0000000000110824       0xcc C:/devkitPro/libctru/lib\libctru.a(irrst.o)
                0x0000000000110824                irrstExit
 .text.irrstScanInput
                0x00000000001108f0       0xb4 C:/devkitPro/libctru/lib\libctru.a(irrst.o)
                0x00000000001108f0                irrstScanInput
 .text.irrstKeysHeld
                0x00000000001109a4       0x24 C:/devkitPro/libctru/lib\libctru.a(irrst.o)
                0x00000000001109a4                irrstKeysHeld
 .text.srvPmGetSessionHandle
                0x00000000001109c8        0xc C:/devkitPro/libctru/lib\libctru.a(srvpm.o)
                0x00000000001109c8                srvPmGetSessionHandle
 .text.rbtree_node_next
                0x00000000001109d4       0x5c C:/devkitPro/libctru/lib\libctru.a(rbtree_iterator.o)
                0x00000000001109d4                rbtree_node_next
 .text.encode_utf16
                0x0000000000110a30       0x54 C:/devkitPro/libctru/lib\libctru.a(encode_utf16.o)
                0x0000000000110a30                encode_utf16
 .text.encode_utf8
                0x0000000000110a84       0xe0 C:/devkitPro/libctru/lib\libctru.a(encode_utf8.o)
                0x0000000000110a84                encode_utf8
 .text.decode_utf8
                0x0000000000110b64      0x13c C:/devkitPro/libctru/lib\libctru.a(decode_utf8.o)
                0x0000000000110b64                decode_utf8
 .text.__appInit
                0x0000000000110ca0       0x30 C:/devkitPro/libctru/lib\libctru.a(appInit.o)
                0x0000000000110ca0                __appInit
 .text.__syscall_getreent
                0x0000000000110cd0       0x30 C:/devkitPro/libctru/lib\libctru.a(syscalls.o)
                0x0000000000110cd0                __syscall_getreent
 .text.__syscall_gettod_r
                0x0000000000110d00       0x74 C:/devkitPro/libctru/lib\libctru.a(syscalls.o)
                0x0000000000110d00                __syscall_gettod_r
 .text.__syscall_lock_acquire
                0x0000000000110d74        0x4 C:/devkitPro/libctru/lib\libctru.a(syscalls.o)
                0x0000000000110d74                __syscall_lock_acquire
 .text.__syscall_lock_release
                0x0000000000110d78        0x4 C:/devkitPro/libctru/lib\libctru.a(syscalls.o)
                0x0000000000110d78                __syscall_lock_release
 .text.__syscall_lock_init_recursive
                0x0000000000110d7c        0x4 C:/devkitPro/libctru/lib\libctru.a(syscalls.o)
                0x0000000000110d7c                __syscall_lock_init_recursive
 .text.__syscall_lock_acquire_recursive
                0x0000000000110d80        0x4 C:/devkitPro/libctru/lib\libctru.a(syscalls.o)
                0x0000000000110d80                __syscall_lock_acquire_recursive
 .text.__syscall_lock_release_recursive
                0x0000000000110d84        0x4 C:/devkitPro/libctru/lib\libctru.a(syscalls.o)
                0x0000000000110d84                __syscall_lock_release_recursive
 .text.__syscall_exit
                0x0000000000110d88        0x4 C:/devkitPro/libctru/lib\libctru.a(syscalls.o)
                0x0000000000110d88                __syscall_exit
 .text.initThreadVars
                0x0000000000110d8c       0x50 C:/devkitPro/libctru/lib\libctru.a(syscalls.o)
                0x0000000000110d8c                initThreadVars
 .text.__system_initSyscalls
                0x0000000000110ddc       0x68 C:/devkitPro/libctru/lib\libctru.a(syscalls.o)
                0x0000000000110ddc                __system_initSyscalls
 .text.__appExit
                0x0000000000110e44       0x30 C:/devkitPro/libctru/lib\libctru.a(appExit.o)
                0x0000000000110e44                __appExit
 .text.__libctru_exit
                0x0000000000110e74       0x90 C:/devkitPro/libctru/lib\libctru.a(ctru_exit.o)
                0x0000000000110e74                __libctru_exit
 .text.archive_link
                0x0000000000110f04       0x14 C:/devkitPro/libctru/lib\libctru.a(archive_dev.o)
 .text.archive_dirreset
                0x0000000000110f18       0x14 C:/devkitPro/libctru/lib\libctru.a(archive_dev.o)
 .text.archive_chmod
                0x0000000000110f2c       0x14 C:/devkitPro/libctru/lib\libctru.a(archive_dev.o)
 .text.error_cmp
                0x0000000000110f40       0x24 C:/devkitPro/libctru/lib\libctru.a(archive_dev.o)
 .text.archive_translate_error
                0x0000000000110f64       0x50 C:/devkitPro/libctru/lib\libctru.a(archive_dev.o)
 .text.archive_seek
                0x0000000000110fb4       0xc8 C:/devkitPro/libctru/lib\libctru.a(archive_dev.o)
 .text._archiveInit.part.0
                0x000000000011107c       0x7c C:/devkitPro/libctru/lib\libctru.a(archive_dev.o)
 .text.archiveFindDevice.part.0
                0x00000000001110f8       0xc4 C:/devkitPro/libctru/lib\libctru.a(archive_dev.o)
 .text.archive_utf16path
                0x00000000001111bc      0x25c C:/devkitPro/libctru/lib\libctru.a(archive_dev.o)
 .text._archiveUnmountDeviceStruct.part.0
                0x0000000000111418       0xa0 C:/devkitPro/libctru/lib\libctru.a(archive_dev.o)
 .text.archive_fchmod
                0x00000000001114b8       0x14 C:/devkitPro/libctru/lib\libctru.a(archive_dev.o)
 .text.archive_statvfs
                0x00000000001114cc       0x14 C:/devkitPro/libctru/lib\libctru.a(archive_dev.o)
 .text._archiveMountDevice
                0x00000000001114e0      0x164 C:/devkitPro/libctru/lib\libctru.a(archive_dev.o)
 .text.archive_diropen
                0x0000000000111644       0xe8 C:/devkitPro/libctru/lib\libctru.a(archive_dev.o)
 .text.archive_fstat
                0x000000000011172c       0xa4 C:/devkitPro/libctru/lib\libctru.a(archive_dev.o)
 .text.archive_close
                0x00000000001117d0       0x6c C:/devkitPro/libctru/lib\libctru.a(archive_dev.o)
 .text.archive_fsync
                0x000000000011183c       0x6c C:/devkitPro/libctru/lib\libctru.a(archive_dev.o)
 .text.archive_dirclose
                0x00000000001118a8       0x70 C:/devkitPro/libctru/lib\libctru.a(archive_dev.o)
 .text.sdmc_statvfs
                0x0000000000111918       0xe8 C:/devkitPro/libctru/lib\libctru.a(archive_dev.o)
 .text.archive_chdir
                0x0000000000111a00       0xec C:/devkitPro/libctru/lib\libctru.a(archive_dev.o)
 .text.archive_ftruncate
                0x0000000000111aec       0x7c C:/devkitPro/libctru/lib\libctru.a(archive_dev.o)
 .text.archive_read
                0x0000000000111b68       0xac C:/devkitPro/libctru/lib\libctru.a(archive_dev.o)
 .text.archive_unlink
                0x0000000000111c14       0xa4 C:/devkitPro/libctru/lib\libctru.a(archive_dev.o)
 .text.archive_rmdir
                0x0000000000111cb8       0xbc C:/devkitPro/libctru/lib\libctru.a(archive_dev.o)
 .text.archive_mkdir
                0x0000000000111d74       0xdc C:/devkitPro/libctru/lib\libctru.a(archive_dev.o)
 .text.archive_stat
                0x0000000000111e50      0x19c C:/devkitPro/libctru/lib\libctru.a(archive_dev.o)
 .text.archive_dirnext
                0x0000000000111fec      0x15c C:/devkitPro/libctru/lib\libctru.a(archive_dev.o)
 .text.archive_write
                0x0000000000112148       0xec C:/devkitPro/libctru/lib\libctru.a(archive_dev.o)
 .text.archive_open
                0x0000000000112234      0x1d4 C:/devkitPro/libctru/lib\libctru.a(archive_dev.o)
 .text.archive_rename
                0x0000000000112408      0x278 C:/devkitPro/libctru/lib\libctru.a(archive_dev.o)
 .text.archiveMountSdmc
                0x0000000000112680      0x19c C:/devkitPro/libctru/lib\libctru.a(archive_dev.o)
                0x0000000000112680                archiveMountSdmc
 .text.archiveUnmountAll
                0x000000000011281c       0x54 C:/devkitPro/libctru/lib\libctru.a(archive_dev.o)
                0x000000000011281c                archiveUnmountAll
 .text.__udivmoddi4
                0x0000000000112870      0x120 c:/devkitpro/devkitarm/bin/../lib/gcc/arm-none-eabi/12.2.0/armv6k/fpu\libgcc.a(_udivmoddi4.o)
                0x0000000000112870                __udivmoddi4
 .text.bsearch  0x0000000000112990       0x78 c:/devkitpro/devkitarm/bin/../lib/gcc/arm-none-eabi/12.2.0/../../../../arm-none-eabi/lib/armv6k/fpu\libg.a(lib_a-bsearch.o)
                0x0000000000112990                bsearch
 .text.calloc   0x0000000000112a08       0x20 c:/devkitpro/devkitarm/bin/../lib/gcc/arm-none-eabi/12.2.0/../../../../arm-none-eabi/lib/armv6k/fpu\libg.a(lib_a-calloc.o)
                0x0000000000112a08                calloc
 .text._calloc_r
                0x0000000000112a28       0xc0 c:/devkitpro/devkitarm/bin/../lib/gcc/arm-none-eabi/12.2.0/../../../../arm-none-eabi/lib/armv6k/fpu\libg.a(lib_a-callocr.o)
                0x0000000000112a28                _calloc_r
 .text.__errno  0x0000000000112ae8        0xc c:/devkitpro/devkitarm/bin/../lib/gcc/arm-none-eabi/12.2.0/../../../../arm-none-eabi/lib/armv6k/fpu\libg.a(lib_a-errno.o)
                0x0000000000112ae8                __errno
 .text.exit     0x0000000000112af4       0x34 c:/devkitpro/devkitarm/bin/../lib/gcc/arm-none-eabi/12.2.0/../../../../arm-none-eabi/lib/armv6k/fpu\libg.a(lib_a-exit.o)
                0x0000000000112af4                exit
 .text._fclose_r
                0x0000000000112b28      0x15c c:/devkitpro/devkitarm/bin/../lib/gcc/arm-none-eabi/12.2.0/../../../../arm-none-eabi/lib/armv6k/fpu\libg.a(lib_a-fclose.o)
                0x0000000000112b28                _fclose_r
 .text.fclose   0x0000000000112c84       0x18 c:/devkitpro/devkitarm/bin/../lib/gcc/arm-none-eabi/12.2.0/../../../../arm-none-eabi/lib/armv6k/fpu\libg.a(lib_a-fclose.o)
                0x0000000000112c84                fclose
 .text.__sflush_r
                0x0000000000112c9c      0x234 c:/devkitpro/devkitarm/bin/../lib/gcc/arm-none-eabi/12.2.0/../../../../arm-none-eabi/lib/armv6k/fpu\libg.a(lib_a-fflush.o)
                0x0000000000112c9c                __sflush_r
 .text._fflush_r
                0x0000000000112ed0       0x94 c:/devkitpro/devkitarm/bin/../lib/gcc/arm-none-eabi/12.2.0/../../../../arm-none-eabi/lib/armv6k/fpu\libg.a(lib_a-fflush.o)
                0x0000000000112ed0                _fflush_r
 .text.fflush   0x0000000000112f64       0x38 c:/devkitpro/devkitarm/bin/../lib/gcc/arm-none-eabi/12.2.0/../../../../arm-none-eabi/lib/armv6k/fpu\libg.a(lib_a-fflush.o)
                0x0000000000112f64                fflush
 .text._cleanup_r
                0x0000000000112f9c        0xc c:/devkitpro/devkitarm/bin/../lib/gcc/arm-none-eabi/12.2.0/../../../../arm-none-eabi/lib/armv6k/fpu\libg.a(lib_a-findfp.o)
                0x0000000000112f9c                _cleanup_r
 .text.__sinit  0x0000000000112fa8      0x184 c:/devkitpro/devkitarm/bin/../lib/gcc/arm-none-eabi/12.2.0/../../../../arm-none-eabi/lib/armv6k/fpu\libg.a(lib_a-findfp.o)
                0x0000000000112fa8                __sinit
 .text.__sfp    0x000000000011312c      0x134 c:/devkitpro/devkitarm/bin/../lib/gcc/arm-none-eabi/12.2.0/../../../../arm-none-eabi/lib/armv6k/fpu\libg.a(lib_a-findfp.o)
                0x000000000011312c                __sfp
 .text.__sfp_lock_acquire
                0x0000000000113260        0xc c:/devkitpro/devkitarm/bin/../lib/gcc/arm-none-eabi/12.2.0/../../../../arm-none-eabi/lib/armv6k/fpu\libg.a(lib_a-findfp.o)
                0x0000000000113260                __sfp_lock_acquire
 .text.__sfp_lock_release
                0x000000000011326c        0xc c:/devkitpro/devkitarm/bin/../lib/gcc/arm-none-eabi/12.2.0/../../../../arm-none-eabi/lib/armv6k/fpu\libg.a(lib_a-findfp.o)
                0x000000000011326c                __sfp_lock_release
 .text.__libc_fini_array
                0x0000000000113278       0x3c c:/devkitpro/devkitarm/bin/../lib/gcc/arm-none-eabi/12.2.0/../../../../arm-none-eabi/lib/armv6k/fpu\libg.a(lib_a-fini.o)
                0x0000000000113278                __libc_fini_array
 .text._fopen_r
                0x00000000001132b4      0x134 c:/devkitpro/devkitarm/bin/../lib/gcc/arm-none-eabi/12.2.0/../../../../arm-none-eabi/lib/armv6k/fpu\libg.a(lib_a-fopen.o)
                0x00000000001132b4                _fopen_r
 .text.fopen    0x00000000001133e8       0x20 c:/devkitpro/devkitarm/bin/../lib/gcc/arm-none-eabi/12.2.0/../../../../arm-none-eabi/lib/armv6k/fpu\libg.a(lib_a-fopen.o)
                0x00000000001133e8                fopen
 .text._fread_r
                0x0000000000113408      0x2d0 c:/devkitpro/devkitarm/bin/../lib/gcc/arm-none-eabi/12.2.0/../../../../arm-none-eabi/lib/armv6k/fpu\libg.a(lib_a-fread.o)
                0x0000000000113408                _fread_r
 .text.fread    0x00000000001136d8       0x38 c:/devkitpro/devkitarm/bin/../lib/gcc/arm-none-eabi/12.2.0/../../../../arm-none-eabi/lib/armv6k/fpu\libg.a(lib_a-fread.o)
                0x00000000001136d8                fread
 .text._malloc_trim_r
                0x0000000000113710       0xf8 c:/devkitpro/devkitarm/bin/../lib/gcc/arm-none-eabi/12.2.0/../../../../arm-none-eabi/lib/armv6k/fpu\libg.a(lib_a-freer.o)
                0x0000000000113710                _malloc_trim_r
 .text._free_r  0x0000000000113808      0x2e8 c:/devkitpro/devkitarm/bin/../lib/gcc/arm-none-eabi/12.2.0/../../../../arm-none-eabi/lib/armv6k/fpu\libg.a(lib_a-freer.o)
                0x0000000000113808                _free_r
 .text._fseek_r
                0x0000000000113af0       0x1c c:/devkitpro/devkitarm/bin/../lib/gcc/arm-none-eabi/12.2.0/../../../../arm-none-eabi/lib/armv6k/fpu\libg.a(lib_a-fseek.o)
                0x0000000000113af0                _fseek_r
 .text._fseeko_r
                0x0000000000113b0c      0x590 c:/devkitpro/devkitarm/bin/../lib/gcc/arm-none-eabi/12.2.0/../../../../arm-none-eabi/lib/armv6k/fpu\libg.a(lib_a-fseeko.o)
                0x0000000000113b0c                _fseeko_r
 .text._fwalk   0x000000000011409c       0x68 c:/devkitpro/devkitarm/bin/../lib/gcc/arm-none-eabi/12.2.0/../../../../arm-none-eabi/lib/armv6k/fpu\libg.a(lib_a-fwalk.o)
                0x000000000011409c                _fwalk
 .text._fwalk_reent
                0x0000000000114104       0x70 c:/devkitpro/devkitarm/bin/../lib/gcc/arm-none-eabi/12.2.0/../../../../arm-none-eabi/lib/armv6k/fpu\libg.a(lib_a-fwalk.o)
                0x0000000000114104                _fwalk_reent
 .text.__libc_init_array
                0x0000000000114174       0x84 c:/devkitpro/devkitarm/bin/../lib/gcc/arm-none-eabi/12.2.0/../../../../arm-none-eabi/lib/armv6k/fpu\libg.a(lib_a-init.o)
                0x0000000000114174                __libc_init_array
 .text.__smakebuf_r
                0x00000000001141f8      0x138 c:/devkitpro/devkitarm/bin/../lib/gcc/arm-none-eabi/12.2.0/../../../../arm-none-eabi/lib/armv6k/fpu\libg.a(lib_a-makebuf.o)
                0x00000000001141f8                __smakebuf_r
 .text.__swhatbuf_r
                0x0000000000114330       0x8c c:/devkitpro/devkitarm/bin/../lib/gcc/arm-none-eabi/12.2.0/../../../../arm-none-eabi/lib/armv6k/fpu\libg.a(lib_a-makebuf.o)
                0x0000000000114330                __swhatbuf_r
 .text.memalign
                0x00000000001143bc       0x20 c:/devkitpro/devkitarm/bin/../lib/gcc/arm-none-eabi/12.2.0/../../../../arm-none-eabi/lib/armv6k/fpu\libg.a(lib_a-malign.o)
                0x00000000001143bc                memalign
 .text._memalign_r
                0x00000000001143dc      0x14c c:/devkitpro/devkitarm/bin/../lib/gcc/arm-none-eabi/12.2.0/../../../../arm-none-eabi/lib/armv6k/fpu\libg.a(lib_a-malignr.o)
                0x00000000001143dc                _memalign_r
 .text.malloc   0x0000000000114528       0x18 c:/devkitpro/devkitarm/bin/../lib/gcc/arm-none-eabi/12.2.0/../../../../arm-none-eabi/lib/armv6k/fpu\libg.a(lib_a-malloc.o)
                0x0000000000114528                malloc
 .text.free     0x0000000000114540       0x18 c:/devkitpro/devkitarm/bin/../lib/gcc/arm-none-eabi/12.2.0/../../../../arm-none-eabi/lib/armv6k/fpu\libg.a(lib_a-malloc.o)
                0x0000000000114540                free
 .text._malloc_r
                0x0000000000114558      0x7e4 c:/devkitpro/devkitarm/bin/../lib/gcc/arm-none-eabi/12.2.0/../../../../arm-none-eabi/lib/armv6k/fpu\libg.a(lib_a-mallocr.o)
                0x0000000000114558                _malloc_r
 .text.memchr   0x0000000000114d3c       0xe4 c:/devkitpro/devkitarm/bin/../lib/gcc/arm-none-eabi/12.2.0/../../../../arm-none-eabi/lib/armv6k/fpu\libg.a(lib_a-memchr-stub.o)
                0x0000000000114d3c                memchr
 .text.memcmp   0x0000000000114e20       0xb0 c:/devkitpro/devkitarm/bin/../lib/gcc/arm-none-eabi/12.2.0/../../../../arm-none-eabi/lib/armv6k/fpu\libg.a(lib_a-memcmp.o)
                0x0000000000114e20                memcmp
 .text.memcpy   0x0000000000114ed0      0x118 c:/devkitpro/devkitarm/bin/../lib/gcc/arm-none-eabi/12.2.0/../../../../arm-none-eabi/lib/armv6k/fpu\libg.a(lib_a-memcpy-stub.o)
                0x0000000000114ed0                memcpy
 .text.memset   0x0000000000114fe8       0xf4 c:/devkitpro/devkitarm/bin/../lib/gcc/arm-none-eabi/12.2.0/../../../../arm-none-eabi/lib/armv6k/fpu\libg.a(lib_a-memset.o)
                0x0000000000114fe8                memset
 .text.__malloc_lock
                0x00000000001150dc        0xc c:/devkitpro/devkitarm/bin/../lib/gcc/arm-none-eabi/12.2.0/../../../../arm-none-eabi/lib/armv6k/fpu\libg.a(lib_a-mlock.o)
                0x00000000001150dc                __malloc_lock
 .text.__malloc_unlock
                0x00000000001150e8        0xc c:/devkitpro/devkitarm/bin/../lib/gcc/arm-none-eabi/12.2.0/../../../../arm-none-eabi/lib/armv6k/fpu\libg.a(lib_a-mlock.o)
                0x00000000001150e8                __malloc_unlock
 .text.printf   0x00000000001150f4       0x34 c:/devkitpro/devkitarm/bin/../lib/gcc/arm-none-eabi/12.2.0/../../../../arm-none-eabi/lib/armv6k/fpu\libg.a(lib_a-printf.o)
                0x00000000001150f4                printf
 .text.lflush   0x0000000000115128       0x1c c:/devkitpro/devkitarm/bin/../lib/gcc/arm-none-eabi/12.2.0/../../../../arm-none-eabi/lib/armv6k/fpu\libg.a(lib_a-refill.o)
 .text.__srefill_r
                0x0000000000115144      0x198 c:/devkitpro/devkitarm/bin/../lib/gcc/arm-none-eabi/12.2.0/../../../../arm-none-eabi/lib/armv6k/fpu\libg.a(lib_a-refill.o)
                0x0000000000115144                __srefill_r
 .text.setvbuf  0x00000000001152dc      0x25c c:/devkitpro/devkitarm/bin/../lib/gcc/arm-none-eabi/12.2.0/../../../../arm-none-eabi/lib/armv6k/fpu\libg.a(lib_a-setvbuf.o)
                0x00000000001152dc                setvbuf
 .text.sscanf   0x0000000000115538       0x74 c:/devkitpro/devkitarm/bin/../lib/gcc/arm-none-eabi/12.2.0/../../../../arm-none-eabi/lib/armv6k/fpu\libg.a(lib_a-sscanf.o)
                0x0000000000115538                sscanf
 .text.__sread  0x00000000001155ac       0x44 c:/devkitpro/devkitarm/bin/../lib/gcc/arm-none-eabi/12.2.0/../../../../arm-none-eabi/lib/armv6k/fpu\libg.a(lib_a-stdio.o)
                0x00000000001155ac                __sread
 .text.__seofread
                0x00000000001155f0        0x8 c:/devkitpro/devkitarm/bin/../lib/gcc/arm-none-eabi/12.2.0/../../../../arm-none-eabi/lib/armv6k/fpu\libg.a(lib_a-stdio.o)
                0x00000000001155f0                __seofread
 .text.__swrite
                0x00000000001155f8       0x68 c:/devkitpro/devkitarm/bin/../lib/gcc/arm-none-eabi/12.2.0/../../../../arm-none-eabi/lib/armv6k/fpu\libg.a(lib_a-stdio.o)
                0x00000000001155f8                __swrite
 .text.__sseek  0x0000000000115660       0x44 c:/devkitpro/devkitarm/bin/../lib/gcc/arm-none-eabi/12.2.0/../../../../arm-none-eabi/lib/armv6k/fpu\libg.a(lib_a-stdio.o)
                0x0000000000115660                __sseek
 .text.__sclose
                0x00000000001156a4        0x8 c:/devkitpro/devkitarm/bin/../lib/gcc/arm-none-eabi/12.2.0/../../../../arm-none-eabi/lib/armv6k/fpu\libg.a(lib_a-stdio.o)
                0x00000000001156a4                __sclose
 .text.strchr   0x00000000001156ac      0x130 c:/devkitpro/devkitarm/bin/../lib/gcc/arm-none-eabi/12.2.0/../../../../arm-none-eabi/lib/armv6k/fpu\libg.a(lib_a-strchr.o)
                0x00000000001156ac                strchr
 .text.strlen   0x00000000001157dc       0x5c c:/devkitpro/devkitarm/bin/../lib/gcc/arm-none-eabi/12.2.0/../../../../arm-none-eabi/lib/armv6k/fpu\libg.a(lib_a-strlen-stub.o)
                0x00000000001157dc                strlen
 .text.strncat  0x0000000000115838       0xe4 c:/devkitpro/devkitarm/bin/../lib/gcc/arm-none-eabi/12.2.0/../../../../arm-none-eabi/lib/armv6k/fpu\libg.a(lib_a-strncat.o)
                0x0000000000115838                strncat
 .text.strncmp  0x000000000011591c       0xe4 c:/devkitpro/devkitarm/bin/../lib/gcc/arm-none-eabi/12.2.0/../../../../arm-none-eabi/lib/armv6k/fpu\libg.a(lib_a-strncmp.o)
                0x000000000011591c                strncmp
 .text.strncpy  0x0000000000115a00       0xc4 c:/devkitpro/devkitarm/bin/../lib/gcc/arm-none-eabi/12.2.0/../../../../arm-none-eabi/lib/armv6k/fpu\libg.a(lib_a-strncpy.o)
                0x0000000000115a00                strncpy
 .text.strnlen  0x0000000000115ac4       0x48 c:/devkitpro/devkitarm/bin/../lib/gcc/arm-none-eabi/12.2.0/../../../../arm-none-eabi/lib/armv6k/fpu\libg.a(lib_a-strnlen.o)
                0x0000000000115ac4                strnlen
 .text._strtoul_l.constprop.0
                0x0000000000115b0c      0x1c4 c:/devkitpro/devkitarm/bin/../lib/gcc/arm-none-eabi/12.2.0/../../../../arm-none-eabi/lib/armv6k/fpu\libg.a(lib_a-strtoul.o)
 .text._strtoul_r
                0x0000000000115cd0        0x4 c:/devkitpro/devkitarm/bin/../lib/gcc/arm-none-eabi/12.2.0/../../../../arm-none-eabi/lib/armv6k/fpu\libg.a(lib_a-strtoul.o)
                0x0000000000115cd0                _strtoul_r
 .text.strtoul  0x0000000000115cd4       0x28 c:/devkitpro/devkitarm/bin/../lib/gcc/arm-none-eabi/12.2.0/../../../../arm-none-eabi/lib/armv6k/fpu\libg.a(lib_a-strtoul.o)
                0x0000000000115cd4                strtoul
 .text.get_arg  0x0000000000115cfc       0x50 c:/devkitpro/devkitarm/bin/../lib/gcc/arm-none-eabi/12.2.0/../../../../arm-none-eabi/lib/armv6k/fpu\libg.a(lib_a-svfscanf.o)
 .text.__ssvfscanf_r
                0x0000000000115d4c     0x2c38 c:/devkitpro/devkitarm/bin/../lib/gcc/arm-none-eabi/12.2.0/../../../../arm-none-eabi/lib/armv6k/fpu\libg.a(lib_a-svfscanf.o)
                0x0000000000115d4c                __ssvfscanf_r
 .text.time     0x0000000000118984       0x3c c:/devkitpro/devkitarm/bin/../lib/gcc/arm-none-eabi/12.2.0/../../../../arm-none-eabi/lib/armv6k/fpu\libg.a(lib_a-time.o)
                0x0000000000118984                time
 .text.get_arg  0x00000000001189c0      0x66c c:/devkitpro/devkitarm/bin/../lib/gcc/arm-none-eabi/12.2.0/../../../../arm-none-eabi/lib/armv6k/fpu\libg.a(lib_a-vfprintf.o)
 *fill*         0x000000000011902c        0x4 
 .text._vfprintf_r
                0x0000000000119030     0x339c c:/devkitpro/devkitarm/bin/../lib/gcc/arm-none-eabi/12.2.0/../../../../arm-none-eabi/lib/armv6k/fpu\libg.a(lib_a-vfprintf.o)
                0x0000000000119030                _vfprintf_r
 .text.__sbprintf
                0x000000000011c3cc       0xd0 c:/devkitpro/devkitarm/bin/../lib/gcc/arm-none-eabi/12.2.0/../../../../arm-none-eabi/lib/armv6k/fpu\libg.a(lib_a-vfprintf.o)
 .text._wcrtomb_r
                0x000000000011c49c       0x54 c:/devkitpro/devkitarm/bin/../lib/gcc/arm-none-eabi/12.2.0/../../../../arm-none-eabi/lib/armv6k/fpu\libg.a(lib_a-wcrtomb.o)
                0x000000000011c49c                _wcrtomb_r
 .text._wcsrtombs_r
                0x000000000011c4f0       0x28 c:/devkitpro/devkitarm/bin/../lib/gcc/arm-none-eabi/12.2.0/../../../../arm-none-eabi/lib/armv6k/fpu\libg.a(lib_a-wcsrtombs.o)
                0x000000000011c4f0                _wcsrtombs_r
 .text.__swsetup_r
                0x000000000011c518      0x13c c:/devkitpro/devkitarm/bin/../lib/gcc/arm-none-eabi/12.2.0/../../../../arm-none-eabi/lib/armv6k/fpu\libg.a(lib_a-wsetup.o)
                0x000000000011c518                __swsetup_r
 .text.__call_exitprocs
                0x000000000011c654      0x114 c:/devkitpro/devkitarm/bin/../lib/gcc/arm-none-eabi/12.2.0/../../../../arm-none-eabi/lib/armv6k/fpu\libg.a(lib_a-__call_atexit.o)
                0x000000000011c654                __call_exitprocs
 .text.quorem   0x000000000011c768      0x1b0 c:/devkitpro/devkitarm/bin/../lib/gcc/arm-none-eabi/12.2.0/../../../../arm-none-eabi/lib/armv6k/fpu\libg.a(lib_a-dtoa.o)
 .text._dtoa_r  0x000000000011c918     0x11f8 c:/devkitpro/devkitarm/bin/../lib/gcc/arm-none-eabi/12.2.0/../../../../arm-none-eabi/lib/armv6k/fpu\libg.a(lib_a-dtoa.o)
                0x000000000011c918                _dtoa_r
 .text.__sflags
                0x000000000011db10       0xc8 c:/devkitpro/devkitarm/bin/../lib/gcc/arm-none-eabi/12.2.0/../../../../arm-none-eabi/lib/armv6k/fpu\libg.a(lib_a-flags.o)
                0x000000000011db10                __sflags
 .text.iswspace
                0x000000000011dbd8        0x8 c:/devkitpro/devkitarm/bin/../lib/gcc/arm-none-eabi/12.2.0/../../../../arm-none-eabi/lib/armv6k/fpu\libg.a(lib_a-iswspace.o)
                0x000000000011dbd8                iswspace
 .text._localeconv_r
                0x000000000011dbe0        0xc c:/devkitpro/devkitarm/bin/../lib/gcc/arm-none-eabi/12.2.0/../../../../arm-none-eabi/lib/armv6k/fpu\libg.a(lib_a-localeconv.o)
                0x000000000011dbe0                _localeconv_r
 .text.__locale_mb_cur_max
                0x000000000011dbec       0x10 c:/devkitpro/devkitarm/bin/../lib/gcc/arm-none-eabi/12.2.0/../../../../arm-none-eabi/lib/armv6k/fpu\libg.a(lib_a-locale.o)
                0x000000000011dbec                __locale_mb_cur_max
 .text._mbrtowc_r
                0x000000000011dbfc       0x68 c:/devkitpro/devkitarm/bin/../lib/gcc/arm-none-eabi/12.2.0/../../../../arm-none-eabi/lib/armv6k/fpu\libg.a(lib_a-mbrtowc.o)
                0x000000000011dbfc                _mbrtowc_r
 .text.__utf8_mbtowc
                0x000000000011dc64      0x2f8 c:/devkitpro/devkitarm/bin/../lib/gcc/arm-none-eabi/12.2.0/../../../../arm-none-eabi/lib/armv6k/fpu\libg.a(lib_a-mbtowc_r.o)
                0x000000000011dc64                __utf8_mbtowc
 .text._Balloc  0x000000000011df5c       0x88 c:/devkitpro/devkitarm/bin/../lib/gcc/arm-none-eabi/12.2.0/../../../../arm-none-eabi/lib/armv6k/fpu\libg.a(lib_a-mprec.o)
                0x000000000011df5c                _Balloc
 .text._Bfree   0x000000000011dfe4       0x1c c:/devkitpro/devkitarm/bin/../lib/gcc/arm-none-eabi/12.2.0/../../../../arm-none-eabi/lib/armv6k/fpu\libg.a(lib_a-mprec.o)
                0x000000000011dfe4                _Bfree
 .text.__multadd
                0x000000000011e000       0xf4 c:/devkitpro/devkitarm/bin/../lib/gcc/arm-none-eabi/12.2.0/../../../../arm-none-eabi/lib/armv6k/fpu\libg.a(lib_a-mprec.o)
                0x000000000011e000                __multadd
 .text.__s2b    0x000000000011e0f4      0x110 c:/devkitpro/devkitarm/bin/../lib/gcc/arm-none-eabi/12.2.0/../../../../arm-none-eabi/lib/armv6k/fpu\libg.a(lib_a-mprec.o)
                0x000000000011e0f4                __s2b
 .text.__hi0bits
                0x000000000011e204       0x60 c:/devkitpro/devkitarm/bin/../lib/gcc/arm-none-eabi/12.2.0/../../../../arm-none-eabi/lib/armv6k/fpu\libg.a(lib_a-mprec.o)
                0x000000000011e204                __hi0bits
 .text.__lo0bits
                0x000000000011e264       0x9c c:/devkitpro/devkitarm/bin/../lib/gcc/arm-none-eabi/12.2.0/../../../../arm-none-eabi/lib/armv6k/fpu\libg.a(lib_a-mprec.o)
                0x000000000011e264                __lo0bits
 .text.__i2b    0x000000000011e300       0xa8 c:/devkitpro/devkitarm/bin/../lib/gcc/arm-none-eabi/12.2.0/../../../../arm-none-eabi/lib/armv6k/fpu\libg.a(lib_a-mprec.o)
                0x000000000011e300                __i2b
 .text.__multiply
                0x000000000011e3a8      0x204 c:/devkitpro/devkitarm/bin/../lib/gcc/arm-none-eabi/12.2.0/../../../../arm-none-eabi/lib/armv6k/fpu\libg.a(lib_a-mprec.o)
                0x000000000011e3a8                __multiply
 .text.__pow5mult
                0x000000000011e5ac      0x124 c:/devkitpro/devkitarm/bin/../lib/gcc/arm-none-eabi/12.2.0/../../../../arm-none-eabi/lib/armv6k/fpu\libg.a(lib_a-mprec.o)
                0x000000000011e5ac                __pow5mult
 .text.__lshift
                0x000000000011e6d0      0x140 c:/devkitpro/devkitarm/bin/../lib/gcc/arm-none-eabi/12.2.0/../../../../arm-none-eabi/lib/armv6k/fpu\libg.a(lib_a-mprec.o)
                0x000000000011e6d0                __lshift
 .text.__mcmp   0x000000000011e810       0x58 c:/devkitpro/devkitarm/bin/../lib/gcc/arm-none-eabi/12.2.0/../../../../arm-none-eabi/lib/armv6k/fpu\libg.a(lib_a-mprec.o)
                0x000000000011e810                __mcmp
 .text.__mdiff  0x000000000011e868      0x1ec c:/devkitpro/devkitarm/bin/../lib/gcc/arm-none-eabi/12.2.0/../../../../arm-none-eabi/lib/armv6k/fpu\libg.a(lib_a-mprec.o)
                0x000000000011e868                __mdiff
 .text.__ulp    0x000000000011ea54       0x68 c:/devkitpro/devkitarm/bin/../lib/gcc/arm-none-eabi/12.2.0/../../../../arm-none-eabi/lib/armv6k/fpu\libg.a(lib_a-mprec.o)
                0x000000000011ea54                __ulp
 .text.__b2d    0x000000000011eabc       0xd0 c:/devkitpro/devkitarm/bin/../lib/gcc/arm-none-eabi/12.2.0/../../../../arm-none-eabi/lib/armv6k/fpu\libg.a(lib_a-mprec.o)
                0x000000000011eabc                __b2d
 .text.__d2b    0x000000000011eb8c      0x120 c:/devkitpro/devkitarm/bin/../lib/gcc/arm-none-eabi/12.2.0/../../../../arm-none-eabi/lib/armv6k/fpu\libg.a(lib_a-mprec.o)
                0x000000000011eb8c                __d2b
 .text.__ratio  0x000000000011ecac       0x78 c:/devkitpro/devkitarm/bin/../lib/gcc/arm-none-eabi/12.2.0/../../../../arm-none-eabi/lib/armv6k/fpu\libg.a(lib_a-mprec.o)
                0x000000000011ecac                __ratio
 .text.__copybits
                0x000000000011ed24       0x88 c:/devkitpro/devkitarm/bin/../lib/gcc/arm-none-eabi/12.2.0/../../../../arm-none-eabi/lib/armv6k/fpu\libg.a(lib_a-mprec.o)
                0x000000000011ed24                __copybits
 .text.__any_on
                0x000000000011edac       0x5c c:/devkitpro/devkitarm/bin/../lib/gcc/arm-none-eabi/12.2.0/../../../../arm-none-eabi/lib/armv6k/fpu\libg.a(lib_a-mprec.o)
                0x000000000011edac                __any_on
 .text.realloc  0x000000000011ee08       0x20 c:/devkitpro/devkitarm/bin/../lib/gcc/arm-none-eabi/12.2.0/../../../../arm-none-eabi/lib/armv6k/fpu\libg.a(lib_a-realloc.o)
                0x000000000011ee08                realloc
 .text._realloc_r
                0x000000000011ee28      0x4a0 c:/devkitpro/devkitarm/bin/../lib/gcc/arm-none-eabi/12.2.0/../../../../arm-none-eabi/lib/armv6k/fpu\libg.a(lib_a-reallocr.o)
                0x000000000011ee28                _realloc_r
 .text.__sccl   0x000000000011f2c8       0xf4 c:/devkitpro/devkitarm/bin/../lib/gcc/arm-none-eabi/12.2.0/../../../../arm-none-eabi/lib/armv6k/fpu\libg.a(lib_a-sccl.o)
                0x000000000011f2c8                __sccl
 .text.nanf     0x000000000011f3bc        0xc c:/devkitpro/devkitarm/bin/../lib/gcc/arm-none-eabi/12.2.0/../../../../arm-none-eabi/lib/armv6k/fpu\libg.a(lib_a-sf_nan.o)
                0x000000000011f3bc                nanf
 .text.frexp    0x000000000011f3c8       0x88 c:/devkitpro/devkitarm/bin/../lib/gcc/arm-none-eabi/12.2.0/../../../../arm-none-eabi/lib/armv6k/fpu\libg.a(lib_a-s_frexp.o)
                0x000000000011f3c8                frexp
 .text.sprintf  0x000000000011f450       0x64 c:/devkitpro/devkitarm/bin/../lib/gcc/arm-none-eabi/12.2.0/../../../../arm-none-eabi/lib/armv6k/fpu\libg.a(lib_a-sprintf.o)
                0x000000000011f450                sprintf
 .text.stpncpy  0x000000000011f4b4       0xcc c:/devkitpro/devkitarm/bin/../lib/gcc/arm-none-eabi/12.2.0/../../../../arm-none-eabi/lib/armv6k/fpu\libg.a(lib_a-stpncpy.o)
                0x000000000011f4b4                stpncpy
 .text.sulp     0x000000000011f580       0x64 c:/devkitpro/devkitarm/bin/../lib/gcc/arm-none-eabi/12.2.0/../../../../arm-none-eabi/lib/armv6k/fpu\libg.a(lib_a-strtod.o)
 *fill*         0x000000000011f5e4        0x4 
 .text._strtod_l
                0x000000000011f5e8     0x13a8 c:/devkitpro/devkitarm/bin/../lib/gcc/arm-none-eabi/12.2.0/../../../../arm-none-eabi/lib/armv6k/fpu\libg.a(lib_a-strtod.o)
                0x000000000011f5e8                _strtod_l
 .text._strtod_r
                0x0000000000120990        0xc c:/devkitpro/devkitarm/bin/../lib/gcc/arm-none-eabi/12.2.0/../../../../arm-none-eabi/lib/armv6k/fpu\libg.a(lib_a-strtod.o)
                0x0000000000120990                _strtod_r
 .text._strtoll_l.constprop.0
                0x000000000012099c      0x22c c:/devkitpro/devkitarm/bin/../lib/gcc/arm-none-eabi/12.2.0/../../../../arm-none-eabi/lib/armv6k/fpu\libg.a(lib_a-strtoll.o)
 .text._strtoll_r